<html>
<body>
<pre>
<h1>µVision Build Log</h1>
<h2>Tool Versions:</h2>
IDE-Version: ¦ÌVision V5.43.1.0
Copyright (C) 2025 ARM Ltd and ARM Germany GmbH. All rights reserved.
License Information: 1 WXR, 1, LIC=PE7DL-0TAPJ-45TT5-GYSPQ-F18VS-68PYQ
 
Tool Versions:
Toolchain:       MDK-ARM Plus  Version: 5.43.0.0
Toolchain Path:  C:\Users\WXR\AppData\Local\Keil_v5\ARM\ARMCC\Bin
C Compiler:      Armcc.exe V5.06 update 6 (build 750)
Assembler:       Armasm.exe V5.06 update 6 (build 750)
Linker/Locator:  ArmLink.exe V5.06 update 6 (build 750)
Library Manager: ArmAr.exe V5.06 update 6 (build 750)
Hex Converter:   FromElf.exe V5.06 update 6 (build 750)
CPU DLL:         SARMCM3.DLL V5.43.0.0
Dialog DLL:      DCM.DLL V1.17.5.0
Target DLL:      CMSIS_AGDI.dll V1.33.24.0
Dialog DLL:      TCM.DLL V1.56.6.0
 
<h2>Project:</h2>
C:\Users\WXR\Desktop\robomaster\Code\RM_missions\2025TARS-GO\Wheel_Leg\TARS-Go-Wheel-Leg-UPBoard\MDK-ARM\freeRTOS.uvprojx
Project File Date:  04/07/2026

<h2>Output:</h2>
*** Using Compiler 'V5.06 update 6 (build 750)', folder: 'C:\Users\WXR\AppData\Local\Keil_v5\ARM\ARMCC\Bin'
Build target 'freeRTOS'
assembling startup_stm32h723xx.s...
compiling stm32h7xx_hal_rcc.c...
compiling stm32h7xx_ll_usb.c...
compiling usbd_conf.c...
compiling stm32h7xx_hal_rcc_ex.c...
compiling usbd_desc.c...
compiling stm32h7xx_hal_timebase_tim.c...
compiling stm32h7xx_hal_tim.c...
compiling freertos.c...
compiling usbd_cdc_if.c...
compiling stm32h7xx_it.c...
compiling stm32h7xx_hal_pcd.c...
compiling usb_device.c...
compiling stm32h7xx_hal_msp.c...
compiling gpio.c...
compiling spi.c...
compiling stm32h7xx_hal_pcd_ex.c...
compiling fdcan.c...
compiling tim.c...
compiling stm32h7xx_hal_tim_ex.c...
compiling stm32h7xx_hal_flash.c...
compiling dma.c...
compiling croutine.c...
compiling list.c...
compiling event_groups.c...
compiling queue.c...
compiling stream_buffer.c...
compiling usart.c...
compiling timers.c...
compiling tasks.c...
compiling heap_4.c...
compiling cmsis_os.c...
compiling port.c...
compiling memorymap.c...
compiling stm32h7xx_hal_mdma.c...
compiling stm32h7xx_hal_cortex.c...
compiling stm32h7xx_hal_exti.c...
compiling stm32h7xx_hal_gpio.c...
compiling RLS.c...
compiling stm32h7xx_hal_pwr.c...
compiling main.c...
../module/include/RLS.h(4): warning:  #1295-D: Deprecated declaration PowerControl_AutoUpdateParamInit - give arg types
  void PowerControl_AutoUpdateParamInit();
..\CommonLibs\inc\Trigger_about.h(14): warning:  #1-D: last line of file ends without a newline
  #endif
../Core/Src/main.c: 2 warnings, 0 errors
compiling stm32h7xx_hal_pwr_ex.c...
compiling stm32h7xx_hal_i2c_ex.c...
compiling stm32h7xx_hal_flash_ex.c...
compiling stm32h7xx_hal_fdcan.c...
compiling Filter.c...
compiling myQueue.c...
compiling stm32h7xx_hal_hsem.c...
compiling PID.c...
compiling SMC.c...
compiling stm32h7xx_hal_dma_ex.c...
compiling stm32h7xx_hal_spi_ex.c...
compiling stm32h7xx_hal.c...
compiling usbd_core.c...
compiling stm32h7xx_hal_uart.c...
compiling stm32h7xx_hal_uart_ex.c...
compiling stm32h7xx_hal_spi.c...
compiling usbd_ioreq.c...
compiling Crc.c...
compiling system_stm32h7xx.c...
compiling stm32h7xx_hal_i2c.c...
compiling bsp_dwt.c...
compiling stm32h7xx_hal_dma.c...
compiling usbd_cdc.c...
compiling usbd_ctlreq.c...
compiling Chassis.c...
../module/include/RLS.h(4): warning:  #1295-D: Deprecated declaration PowerControl_AutoUpdateParamInit - give arg types
  void PowerControl_AutoUpdateParamInit();
..\CommonLibs\inc\Trigger_about.h(14): warning:  #1-D: last line of file ends without a newline
  #endif
..\module\source\Chassis.c(516): warning:  #1035-D: single-precision operand implicitly converted to double-precision
  		Foot_Chassis.Target_Vx = (float)rcInfo.ch3 * 2.7 / 660;
..\module\source\Chassis.c(517): warning:  #1035-D: single-precision operand implicitly converted to double-precision
  		Foot_Chassis.Target_Vy = (float)rcInfo.ch4 * 2.7 / 660;
..\module\source\Chassis.c(13): warning:  #177-D: variable "last_left_state"  was declared but never referenced
  static uint8_t last_left_state = 0;
..\module\source\Chassis.c: 5 warnings, 0 errors
compiling Gimbal.c...
../module/include/RLS.h(4): warning:  #1295-D: Deprecated declaration PowerControl_AutoUpdateParamInit - give arg types
  void PowerControl_AutoUpdateParamInit();
..\CommonLibs\inc\Trigger_about.h(14): warning:  #1-D: last line of file ends without a newline
  #endif
..\module\source\Gimbal.c(96): warning:  #68-D: integer conversion resulted in a change of sign
      static uint16_t initPitch = -21495;//need change
..\module\source\Gimbal.c: 3 warnings, 0 errors
compiling kalman_filter.c...
compiling BasicMathFunctions.c...
compiling Beep.c...
compiling BasicMathFunctionsF16.c...
compiling BayesFunctions.c...
compiling Vision.c...
..\module\source\Vision.c(239): warning:  #1035-D: single-precision operand implicitly converted to double-precision
  		if (ABS(gimbal_yaw_diff) < test2&&ABS(gimbal_pitch_diff) < 0.5*test2) // ï¿½ï¿½ï¿½ï¿½ 0.015
..\module\source\Vision.c: 1 warning, 0 errors
compiling BayesFunctionsF16.c...
compiling CommonTablesF16.c...
compiling ComplexMathFunctions.c...
compiling ComplexMathFunctionsF16.c...
compiling CommonTables.c...
compiling ControllerFunctions.c...
compiling Moto.c...
../module/include/RLS.h(4): warning:  #1295-D: Deprecated declaration PowerControl_AutoUpdateParamInit - give arg types
  void PowerControl_AutoUpdateParamInit();
..\CommonLibs\inc\Trigger_about.h(14): warning:  #1-D: last line of file ends without a newline
  #endif
..\bsp\source\Moto.c: 2 warnings, 0 errors
compiling DistanceFunctionsF16.c...
compiling DistanceFunctions.c...
C:/Users/WXR/AppData/Local/Arm/Packs/ARM/CMSIS-DSP/1.16.2/Source/DistanceFunctions/DistanceFunctions.c(54): warning:  #1-D: last line of file ends without a newline
  #include "arm_dtw_init_window_q7.c"
C:/Users/WXR/AppData/Local/Arm/Packs/ARM/CMSIS-DSP/1.16.2/Source/DistanceFunctions/DistanceFunctions.c: 1 warning, 0 errors
compiling Board2Board.c...
../module/include/RLS.h(4): warning:  #1295-D: Deprecated declaration PowerControl_AutoUpdateParamInit - give arg types
  void PowerControl_AutoUpdateParamInit();
..\CommonLibs\inc\Trigger_about.h(14): warning:  #1-D: last line of file ends without a newline
  #endif
..\UserMiddlewares\Board2Board.c(66): warning:  #1035-D: single-precision operand implicitly converted to double-precision
  	usart2TxBuf[29] = STOPFLAG << 7 | chassis.rotate.mode << 5 | (visionFindAver > 0.8) << 4 | Vision_Mode << 2 | chassis.move.fastMode <<1 | UIupdateState;
..\UserMiddlewares\Board2Board.c: 3 warnings, 0 errors
compiling super_cap.c...
../module/include/RLS.h(4): warning:  #1295-D: Deprecated declaration PowerControl_AutoUpdateParamInit - give arg types
  void PowerControl_AutoUpdateParamInit();
..\CommonLibs\inc\Trigger_about.h(14): warning:  #1-D: last line of file ends without a newline
  #endif
..\bsp\source\super_cap.c: 2 warnings, 0 errors
compiling FastMathFunctions.c...
C:/Users/WXR/AppData/Local/Arm/Packs/ARM/CMSIS-DSP/1.16.2/Source/FastMathFunctions/arm_vexp_f32.c(122): warning:  #1-D: last line of file ends without a newline
   */
C:/Users/WXR/AppData/Local/Arm/Packs/ARM/CMSIS-DSP/1.16.2/Source/FastMathFunctions/FastMathFunctions.c: 1 warning, 0 errors
compiling transfer_function.c...
compiling FastMathFunctionsF16.c...
C:/Users/WXR/AppData/Local/Arm/Packs/ARM/CMSIS-DSP/1.16.2/Source/FastMathFunctions/arm_vexp_f16.c(95): warning:  #1-D: last line of file ends without a newline
   */
C:/Users/WXR/AppData/Local/Arm/Packs/ARM/CMSIS-DSP/1.16.2/Source/FastMathFunctions/FastMathFunctionsF16.c: 1 warning, 0 errors
compiling FilteringFunctionsF16.c...
compiling InterpolationFunctions.c...
compiling InterpolationFunctionsF16.c...
compiling MatrixFunctionsF16.c...
C:/Users/WXR/AppData/Local/Arm/Packs/ARM/CMSIS-DSP/1.16.2/Source/MatrixFunctions/MatrixFunctionsF16.c(43): warning:  #1-D: last line of file ends without a newline
  #include "arm_householder_f16.c"
C:/Users/WXR/AppData/Local/Arm/Packs/ARM/CMSIS-DSP/1.16.2/Source/MatrixFunctions/MatrixFunctionsF16.c: 1 warning, 0 errors
compiling QuaternionMathFunctions.c...
compiling SVMFunctions.c...
compiling SVMFunctionsF16.c...
compiling UserFreertos.c...
compiling Shooter.c...
..\module\source\Shooter.c(222): warning:  #1035-D: single-precision operand implicitly converted to double-precision
  		t = k * 1000 * 10 / JUDGE_GetCoolingValue() * 1.01;
..\module\source\Shooter.c(278): warning:  #1035-D: single-precision operand implicitly converted to double-precision
  				if(shooter.bullet_speed<22.0)
..\module\source\Shooter.c: 2 warnings, 0 errors
compiling BMI088Middleware.c...
compiling Slope.c...
..\math\source\Slope.c(63): warning:  #1-D: last line of file ends without a newline
  }
..\math\source\Slope.c: 1 warning, 0 errors
compiling USER_CAN.c...
../module/include/RLS.h(4): warning:  #1295-D: Deprecated declaration PowerControl_AutoUpdateParamInit - give arg types
  void PowerControl_AutoUpdateParamInit();
..\CommonLibs\inc\Trigger_about.h(14): warning:  #1-D: last line of file ends without a newline
  #endif
..\bsp\source\USER_CAN.c: 2 warnings, 0 errors
compiling StatisticsFunctionsF16.c...
compiling QuaternionEKF.c...
compiling SupportFunctionsF16.c...
compiling StatisticsFunctions.c...
compiling MatrixFunctions.c...
compiling SupportFunctions.c...
compiling TransformFunctionsF16.c...
C:/Users/WXR/AppData/Local/Arm/Packs/ARM/CMSIS-DSP/1.16.2/Source/TransformFunctions/arm_cfft_init_f16.c(354): warning:  #1-D: last line of file ends without a newline
   */
C:/Users/WXR/AppData/Local/Arm/Packs/ARM/CMSIS-DSP/1.16.2/Source/TransformFunctions/TransformFunctionsF16.c: 1 warning, 0 errors
compiling bsp_imu_pwm.c...
..\IMU\source\bsp_imu_pwm.c(15): warning:  #177-D: function "imu_temp_control"  was declared but never referenced
  static void imu_temp_control(fp32 temp)
..\IMU\source\bsp_imu_pwm.c: 1 warning, 0 errors
compiling WindowFunctions.c...
compiling BMI088driver.c...
compiling user_lib.c...
compiling RC.c...
../module/include/RLS.h(4): warning:  #1295-D: Deprecated declaration PowerControl_AutoUpdateParamInit - give arg types
  void PowerControl_AutoUpdateParamInit();
..\CommonLibs\inc\Trigger_about.h(14): warning:  #1-D: last line of file ends without a newline
  #endif
..\UserMiddlewares\source\RC.c: 2 warnings, 0 errors
compiling bsp_PWM.c...
compiling FilteringFunctions.c...
compiling TransformFunctions.c...
C:/Users/WXR/AppData/Local/Arm/Packs/ARM/CMSIS-DSP/1.16.2/Source/TransformFunctions/arm_cfft_init_f64.c(286): warning:  #1-D: last line of file ends without a newline
   */
C:/Users/WXR/AppData/Local/Arm/Packs/ARM/CMSIS-DSP/1.16.2/Source/TransformFunctions/arm_cfft_init_q15.c(338): warning:  #1-D: last line of file ends without a newline
   */
C:/Users/WXR/AppData/Local/Arm/Packs/ARM/CMSIS-DSP/1.16.2/Source/TransformFunctions/arm_cfft_init_q31.c(341): warning:  #1-D: last line of file ends without a newline
   */
C:/Users/WXR/AppData/Local/Arm/Packs/ARM/CMSIS-DSP/1.16.2/Source/TransformFunctions/arm_rfft_fast_init_f32.c(312): warning:  #111-D: statement is unreachable
      break;
C:/Users/WXR/AppData/Local/Arm/Packs/ARM/CMSIS-DSP/1.16.2/Source/TransformFunctions/arm_rfft_fast_init_f64.c(316): warning:  #111-D: statement is unreachable
      break;
C:/Users/WXR/AppData/Local/Arm/Packs/ARM/CMSIS-DSP/1.16.2/Source/TransformFunctions/TransformFunctions.c: 5 warnings, 0 errors
compiling bsp_delay.c...
compiling Detect.c...
../module/include/RLS.h(4): warning:  #1295-D: Deprecated declaration PowerControl_AutoUpdateParamInit - give arg types
  void PowerControl_AutoUpdateParamInit();
..\CommonLibs\inc\Trigger_about.h(14): warning:  #1-D: last line of file ends without a newline
  #endif
..\UI\source\Detect.c: 2 warnings, 0 errors
compiling controller.c...
compiling Judge.c...
../module/include/RLS.h(4): warning:  #1295-D: Deprecated declaration PowerControl_AutoUpdateParamInit - give arg types
  void PowerControl_AutoUpdateParamInit();
..\CommonLibs\inc\Trigger_about.h(14): warning:  #1-D: last line of file ends without a newline
  #endif
..\UI\source\Judge.c: 2 warnings, 0 errors
compiling Trigger_about.c...
..\CommonLibs\inc\Trigger_about.h(14): warning:  #1-D: last line of file ends without a newline
  #endif
..\CommonLibs\src\Trigger_about.c(35): warning:  #1-D: last line of file ends without a newline
  }
..\CommonLibs\src\Trigger_about.c: 2 warnings, 0 errors
compiling ins_task.c...
linking...
Program Size: Code=101880 RO-data=5456 RW-data=1852 ZI-data=150180  
FromELF: creating hex file...
"freeRTOS\freeRTOS.axf" - 0 Error(s), 42 Warning(s).

<h2>Software Packages used:</h2>

Package Vendor: ARM
                https://www.keil.com/pack/ARM.CMSIS.6.2.0.pack
                ARM::CMSIS@6.2.0
                CMSIS (Common Microcontroller Software Interface Standard)
   * Component: CORE Version: 6.1.1

Package Vendor: ARM
                https://www.keil.com/pack/ARM.CMSIS-DSP.1.16.2.pack
                ARM::CMSIS-DSP@1.16.2
                CMSIS Embedded Compute Library
   * Component: DSP Variant: Source Version: 1.16.2

Package Vendor: Keil
                https://www.keil.com/pack/Keil.STM32H7xx_DFP.4.1.3.pack
                Keil::STM32H7xx_DFP@4.1.3
                STMicroelectronics STM32H7 Series Device Support

<h2>Collection of Component include folders:</h2>
  ./RTE/_freeRTOS
  C:/Users/WXR/AppData/Local/Arm/Packs/ARM/CMSIS-DSP/1.16.2/Include
  C:/Users/WXR/AppData/Local/Arm/Packs/ARM/CMSIS-DSP/1.16.2/PrivateInclude
  C:/Users/WXR/AppData/Local/Arm/Packs/ARM/CMSIS/6.2.0/CMSIS/Core/Include

<h2>Collection of Component Files used:</h2>

   * Component: ARM::CMSIS:CORE@6.1.1
      Include file:  CMSIS/Core/Include/tz_context.h

   * Component: ARM::CMSIS:DSP&Source@1.16.2
      Include file:  Include/arm_const_structs_f16.h
      Include file:  Include/arm_math_f16.h
      Include file:  Include/arm_common_tables_f16.h
      Source file:   Source/BasicMathFunctions/BasicMathFunctions.c
      Source file:   Source/BayesFunctions/BayesFunctions.c
      Source file:   Source/CommonTables/CommonTables.c
      Source file:   Source/ControllerFunctions/ControllerFunctions.c
      Source file:   Source/FastMathFunctions/FastMathFunctions.c
      Include file:  Include/arm_math.h
      Source file:   Source/FilteringFunctions/FilteringFunctions.c
      Source file:   Source/MatrixFunctions/MatrixFunctions.c
      Include file:  Include/arm_common_tables.h
      Source file:   Source/QuaternionMathFunctions/QuaternionMathFunctions.c
      Include file:  Include/arm_const_structs.h
      Source file:   Source/ComplexMathFunctions/ComplexMathFunctions.c
      Source file:   Source/DistanceFunctions/DistanceFunctions.c
      Source file:   Source/StatisticsFunctions/StatisticsFunctions.c
      Source file:   Source/SupportFunctions/SupportFunctions.c
      Source file:   Source/CommonTables/CommonTablesF16.c
      Source file:   Source/TransformFunctions/TransformFunctionsF16.c
      Source file:   Source/WindowFunctions/WindowFunctions.c
      Source file:   Source/MatrixFunctions/MatrixFunctionsF16.c
      Source file:   Source/InterpolationFunctions/InterpolationFunctionsF16.c
      Source file:   Source/TransformFunctions/TransformFunctions.c
      Source file:   Source/ComplexMathFunctions/ComplexMathFunctionsF16.c
      Source file:   Source/StatisticsFunctions/StatisticsFunctionsF16.c
      Source file:   Source/InterpolationFunctions/InterpolationFunctions.c
      Source file:   Source/FastMathFunctions/FastMathFunctionsF16.c
      Source file:   Source/BasicMathFunctions/BasicMathFunctionsF16.c
      Source file:   Source/SVMFunctions/SVMFunctionsF16.c
      Source file:   Source/BayesFunctions/BayesFunctionsF16.c
      Source file:   Source/SVMFunctions/SVMFunctions.c
      Source file:   Source/FilteringFunctions/FilteringFunctionsF16.c
      Source file:   Source/SupportFunctions/SupportFunctionsF16.c
      Source file:   Source/DistanceFunctions/DistanceFunctionsF16.c
Build Time Elapsed:  00:00:37
</pre>
</body>
</html>
