Component: ARM Compiler 5.06 update 6 (build 750) Tool: armlink [4d35ed]

==============================================================================

Section Cross References

    startup_stm32h723xx.o(STACK) refers (Special) to heapauxi.o(.text) for __use_two_region_memory
    startup_stm32h723xx.o(HEAP) refers (Special) to heapauxi.o(.text) for __use_two_region_memory
    startup_stm32h723xx.o(RESET) refers (Special) to heapauxi.o(.text) for __use_two_region_memory
    startup_stm32h723xx.o(RESET) refers to startup_stm32h723xx.o(STACK) for __initial_sp
    startup_stm32h723xx.o(RESET) refers to startup_stm32h723xx.o(.text) for Reset_Handler
    startup_stm32h723xx.o(RESET) refers to stm32h7xx_it.o(i.NMI_Handler) for NMI_Handler
    startup_stm32h723xx.o(RESET) refers to stm32h7xx_it.o(i.HardFault_Handler) for HardFault_Handler
    startup_stm32h723xx.o(RESET) refers to stm32h7xx_it.o(i.MemManage_Handler) for MemManage_Handler
    startup_stm32h723xx.o(RESET) refers to stm32h7xx_it.o(i.BusFault_Handler) for BusFault_Handler
    startup_stm32h723xx.o(RESET) refers to stm32h7xx_it.o(i.UsageFault_Handler) for UsageFault_Handler
    startup_stm32h723xx.o(RESET) refers to port.o(.emb_text) for SVC_Handler
    startup_stm32h723xx.o(RESET) refers to stm32h7xx_it.o(i.DebugMon_Handler) for DebugMon_Handler
    startup_stm32h723xx.o(RESET) refers to port.o(i.SysTick_Handler) for SysTick_Handler
    startup_stm32h723xx.o(RESET) refers to stm32h7xx_it.o(i.DMA1_Stream0_IRQHandler) for DMA1_Stream0_IRQHandler
    startup_stm32h723xx.o(RESET) refers to stm32h7xx_it.o(i.DMA1_Stream1_IRQHandler) for DMA1_Stream1_IRQHandler
    startup_stm32h723xx.o(RESET) refers to stm32h7xx_it.o(i.DMA1_Stream2_IRQHandler) for DMA1_Stream2_IRQHandler
    startup_stm32h723xx.o(RESET) refers to stm32h7xx_it.o(i.DMA1_Stream3_IRQHandler) for DMA1_Stream3_IRQHandler
    startup_stm32h723xx.o(RESET) refers to stm32h7xx_it.o(i.DMA1_Stream4_IRQHandler) for DMA1_Stream4_IRQHandler
    startup_stm32h723xx.o(RESET) refers to stm32h7xx_it.o(i.FDCAN1_IT0_IRQHandler) for FDCAN1_IT0_IRQHandler
    startup_stm32h723xx.o(RESET) refers to stm32h7xx_it.o(i.FDCAN2_IT0_IRQHandler) for FDCAN2_IT0_IRQHandler
    startup_stm32h723xx.o(RESET) refers to stm32h7xx_it.o(i.FDCAN1_IT1_IRQHandler) for FDCAN1_IT1_IRQHandler
    startup_stm32h723xx.o(RESET) refers to stm32h7xx_it.o(i.FDCAN2_IT1_IRQHandler) for FDCAN2_IT1_IRQHandler
    startup_stm32h723xx.o(RESET) refers to stm32h7xx_it.o(i.TIM2_IRQHandler) for TIM2_IRQHandler
    startup_stm32h723xx.o(RESET) refers to stm32h7xx_it.o(i.SPI2_IRQHandler) for SPI2_IRQHandler
    startup_stm32h723xx.o(RESET) refers to stm32h7xx_it.o(i.USART1_IRQHandler) for USART1_IRQHandler
    startup_stm32h723xx.o(RESET) refers to stm32h7xx_it.o(i.USART2_IRQHandler) for USART2_IRQHandler
    startup_stm32h723xx.o(RESET) refers to stm32h7xx_it.o(i.USART3_IRQHandler) for USART3_IRQHandler
    startup_stm32h723xx.o(RESET) refers to stm32h7xx_it.o(i.TIM8_BRK_TIM12_IRQHandler) for TIM8_BRK_TIM12_IRQHandler
    startup_stm32h723xx.o(RESET) refers to stm32h7xx_it.o(i.DMA1_Stream7_IRQHandler) for DMA1_Stream7_IRQHandler
    startup_stm32h723xx.o(RESET) refers to stm32h7xx_it.o(i.UART5_IRQHandler) for UART5_IRQHandler
    startup_stm32h723xx.o(RESET) refers to stm32h7xx_it.o(i.DMA2_Stream0_IRQHandler) for DMA2_Stream0_IRQHandler
    startup_stm32h723xx.o(RESET) refers to stm32h7xx_it.o(i.DMA2_Stream4_IRQHandler) for DMA2_Stream4_IRQHandler
    startup_stm32h723xx.o(RESET) refers to stm32h7xx_it.o(i.OTG_HS_IRQHandler) for OTG_HS_IRQHandler
    startup_stm32h723xx.o(RESET) refers to stm32h7xx_it.o(i.FDCAN3_IT0_IRQHandler) for FDCAN3_IT0_IRQHandler
    startup_stm32h723xx.o(RESET) refers to stm32h7xx_it.o(i.FDCAN3_IT1_IRQHandler) for FDCAN3_IT1_IRQHandler
    startup_stm32h723xx.o(.text) refers (Special) to heapauxi.o(.text) for __use_two_region_memory
    startup_stm32h723xx.o(.text) refers to system_stm32h7xx.o(i.ExitRun0Mode) for ExitRun0Mode
    startup_stm32h723xx.o(.text) refers to system_stm32h7xx.o(i.SystemInit) for SystemInit
    startup_stm32h723xx.o(.text) refers to __main.o(!!!main) for __main
    startup_stm32h723xx.o(.text) refers to startup_stm32h723xx.o(HEAP) for Heap_Mem
    startup_stm32h723xx.o(.text) refers to startup_stm32h723xx.o(STACK) for Stack_Mem
    main.o(i.HAL_TIM_PeriodElapsedCallback) refers to stm32h7xx_hal.o(i.HAL_IncTick) for HAL_IncTick
    main.o(i.SystemClock_Config) refers to rt_memclr_w.o(.text) for __aeabi_memclr4
    main.o(i.SystemClock_Config) refers to stm32h7xx_hal_pwr_ex.o(i.HAL_PWREx_ConfigSupply) for HAL_PWREx_ConfigSupply
    main.o(i.SystemClock_Config) refers to stm32h7xx_hal_rcc.o(i.HAL_RCC_OscConfig) for HAL_RCC_OscConfig
    main.o(i.SystemClock_Config) refers to main.o(i.Error_Handler) for Error_Handler
    main.o(i.SystemClock_Config) refers to stm32h7xx_hal_rcc.o(i.HAL_RCC_ClockConfig) for HAL_RCC_ClockConfig
    main.o(i.main) refers to stm32h7xx_hal.o(i.HAL_Init) for HAL_Init
[...]
    0x0800038e   0x0800038e   0x00000000   Code   RO        18579    .ARM.Collect$$libinit$$0000000E  c_w.l(libinit2.o)
    0x0800038e   0x0800038e   0x00000000   Code   RO        18582    .ARM.Collect$$libinit$$00000011  c_w.l(libinit2.o)
    0x0800038e   0x0800038e   0x00000000   Code   RO        18584    .ARM.Collect$$libinit$$00000013  c_w.l(libinit2.o)
    0x0800038e   0x0800038e   0x00000000   Code   RO        18586    .ARM.Collect$$libinit$$00000015  c_w.l(libinit2.o)
    0x0800038e   0x0800038e   0x00000000   Code   RO        18588    .ARM.Collect$$libinit$$00000017  c_w.l(libinit2.o)
    0x0800038e   0x0800038e   0x00000000   Code   RO        18590    .ARM.Collect$$libinit$$00000019  c_w.l(libinit2.o)
    0x0800038e   0x0800038e   0x00000000   Code   RO        18592    .ARM.Collect$$libinit$$0000001B  c_w.l(libinit2.o)
    0x0800038e   0x0800038e   0x00000000   Code   RO        18594    .ARM.Collect$$libinit$$0000001D  c_w.l(libinit2.o)
    0x0800038e   0x0800038e   0x00000000   Code   RO        18596    .ARM.Collect$$libinit$$0000001F  c_w.l(libinit2.o)
    0x0800038e   0x0800038e   0x00000000   Code   RO        18598    .ARM.Collect$$libinit$$00000021  c_w.l(libinit2.o)
    0x0800038e   0x0800038e   0x00000000   Code   RO        18600    .ARM.Collect$$libinit$$00000023  c_w.l(libinit2.o)
    0x0800038e   0x0800038e   0x00000000   Code   RO        18602    .ARM.Collect$$libinit$$00000025  c_w.l(libinit2.o)
    0x0800038e   0x0800038e   0x00000000   Code   RO        18606    .ARM.Collect$$libinit$$0000002C  c_w.l(libinit2.o)
    0x0800038e   0x0800038e   0x00000000   Code   RO        18608    .ARM.Collect$$libinit$$0000002E  c_w.l(libinit2.o)
    0x0800038e   0x0800038e   0x00000000   Code   RO        18610    .ARM.Collect$$libinit$$00000030  c_w.l(libinit2.o)
    0x0800038e   0x0800038e   0x00000000   Code   RO        18612    .ARM.Collect$$libinit$$00000032  c_w.l(libinit2.o)
    0x0800038e   0x0800038e   0x00000002   Code   RO        18613    .ARM.Collect$$libinit$$00000033  c_w.l(libinit2.o)
    0x08000390   0x08000390   0x00000002   Code   RO        18811    .ARM.Collect$$libshutdown$$00000000  c_w.l(libshutdown.o)
    0x08000392   0x08000392   0x00000000   Code   RO        18769    .ARM.Collect$$libshutdown$$00000002  c_w.l(libshutdown2.o)
    0x08000392   0x08000392   0x00000000   Code   RO        18771    .ARM.Collect$$libshutdown$$00000004  c_w.l(libshutdown2.o)
    0x08000392   0x08000392   0x00000000   Code   RO        18774    .ARM.Collect$$libshutdown$$00000007  c_w.l(libshutdown2.o)
    0x08000392   0x08000392   0x00000000   Code   RO        18777    .ARM.Collect$$libshutdown$$0000000A  c_w.l(libshutdown2.o)
    0x08000392   0x08000392   0x00000000   Code   RO        18779    .ARM.Collect$$libshutdown$$0000000C  c_w.l(libshutdown2.o)
    0x08000392   0x08000392   0x00000000   Code   RO        18782    .ARM.Collect$$libshutdown$$0000000F  c_w.l(libshutdown2.o)
    0x08000392   0x08000392   0x00000002   Code   RO        18783    .ARM.Collect$$libshutdown$$00000010  c_w.l(libshutdown2.o)
    0x08000394   0x08000394   0x00000000   Code   RO        18535    .ARM.Collect$$rtentry$$00000000  c_w.l(__rtentry.o)
    0x08000394   0x08000394   0x00000000   Code   RO        18679    .ARM.Collect$$rtentry$$00000002  c_w.l(__rtentry2.o)
    0x08000394   0x08000394   0x00000006   Code   RO        18691    .ARM.Collect$$rtentry$$00000004  c_w.l(__rtentry4.o)
    0x0800039a   0x0800039a   0x00000000   Code   RO        18681    .ARM.Collect$$rtentry$$00000009  c_w.l(__rtentry2.o)
    0x0800039a   0x0800039a   0x00000004   Code   RO        18682    .ARM.Collect$$rtentry$$0000000A  c_w.l(__rtentry2.o)
    0x0800039e   0x0800039e   0x00000000   Code   RO        18684    .ARM.Collect$$rtentry$$0000000C  c_w.l(__rtentry2.o)
    0x0800039e   0x0800039e   0x00000008   Code   RO        18685    .ARM.Collect$$rtentry$$0000000D  c_w.l(__rtentry2.o)
    0x080003a6   0x080003a6   0x00000002   Code   RO        18756    .ARM.Collect$$rtexit$$00000000  c_w.l(rtexit.o)
    0x080003a8   0x080003a8   0x00000000   Code   RO        18787    .ARM.Collect$$rtexit$$00000002  c_w.l(rtexit2.o)
    0x080003a8   0x080003a8   0x00000004   Code   RO        18788    .ARM.Collect$$rtexit$$00000003  c_w.l(rtexit2.o)
    0x080003ac   0x080003ac   0x00000006   Code   RO        18789    .ARM.Collect$$rtexit$$00000004  c_w.l(rtexit2.o)
    0x080003b2   0x080003b2   0x00000002   PAD
    0x080003b4   0x080003b4   0x000000be   Code   RO         8536    .emb_text           port.o
    0x08000472   0x08000472   0x00000002   PAD
    0x08000474   0x08000474   0x00000000   Code   RO        18702    .emb_text           c_w.l(maybetermalloc1.o)
    0x08000474   0x08000474   0x00000048   Code   RO            4    .text               startup_stm32h723xx.o
    0x080004bc   0x080004bc   0x0000005e   Code   RO        18260    .text               c_w.l(h1_alloc.o)
    0x0800051a   0x0800051a   0x0000004e   Code   RO        18262    .text               c_w.l(h1_free.o)
    0x08000568   0x08000568   0x000000ee   Code   RO        18318    .text               c_w.l(lludivv7m.o)
    0x08000656   0x08000656   0x0000008a   Code   RO        18333    .text               c_w.l(rt_memcpy_v6.o)
    0x080006e0   0x080006e0   0x00000064   Code   RO        18335    .text               c_w.l(rt_memcpy_w.o)
    0x08000744   0x08000744   0x00000044   Code   RO        18339    .text               c_w.l(rt_memclr.o)
    0x08000788   0x08000788   0x0000004e   Code   RO        18341    .text               c_w.l(rt_memclr_w.o)
    0x080007d6   0x080007d6   0x00000006   Code   RO        18343    .text               c_w.l(heapauxi.o)
    0x080007dc   0x080007dc   0x00000008   Code   RO        18543    .text               c_w.l(rt_heap_descriptor_intlibspace.o)
    0x080007e4   0x080007e4   0x00000004   Code   RO        18545    .text               c_w.l(hguard.o)
    0x080007e8   0x080007e8   0x0000008a   Code   RO        18547    .text               c_w.l(init_alloc.o)
    0x08000872   0x08000872   0x0000000e   Code   RO        18551    .text               c_w.l(h1_init.o)
    0x08000880   0x08000880   0x00000016   Code   RO        18565    .text               c_w.l(_rserrno.o)
    0x08000896   0x08000896   0x00000002   PAD
    0x08000898   0x08000898   0x00000008   Code   RO        18675    .text               c_w.l(libspace.o)
    0x080008a0   0x080008a0   0x00000008   Code   RO        18698    .text               c_w.l(rt_errno_addr_intlibspace.o)
    0x080008a8   0x080008a8   0x00000034   Code   RO        18704    .text               c_w.l(h1_extend.o)
    0x080008dc   0x080008dc   0x0000000e   Code   RO        18708    .text               c_w.l(defsig_rtmem_outer.o)
    0x080008ea   0x080008ea   0x00000002   Code   RO        18725    .text               c_w.l(use_no_semi.o)
    0x080008ec   0x080008ec   0x00000000   Code   RO        18727    .text               c_w.l(indicate_semi.o)
    0x080008ec   0x080008ec   0x0000004a   Code   RO        18728    .text               c_w.l(sys_stackheap_outer.o)
    0x08000936   0x08000936   0x00000012   Code   RO        18734    .text               c_w.l(exit.o)
    0x08000948   0x08000948   0x0000000a   Code   RO        18736    .text               c_w.l(defsig_exit.o)
    0x08000952   0x08000952   0x00000002   PAD
    0x08000954   0x08000954   0x00000050   Code   RO        18742    .text               c_w.l(defsig_rtmem_inner.o)
    0x080009a4   0x080009a4   0x0000000c   Code   RO        18754    .text               c_w.l(sys_exit.o)
    0x080009b0   0x080009b0   0x00000032   Code   RO        18764    .text               c_w.l(defsig_general.o)
    0x080009e2   0x080009e2   0x0000000e   Code   RO        18784    .text               c_w.l(sys_wrch.o)
    0x080009f0   0x080009f0   0x00000030   Code   RO        10793    i.Append_CRC16_Check_Sum  crc.o
    0x08000a20   0x08000a20   0x00000014   Code   RO        11367    i.BMI088_ACCEL_NS_H  bmi088middleware.o
    0x08000a34   0x08000a34   0x00000014   Code   RO        11368    i.BMI088_ACCEL_NS_L  bmi088middleware.o
    0x08000a48   0x08000a48   0x00000014   Code   RO        11369    i.BMI088_GYRO_NS_H  bmi088middleware.o
    0x08000a5c   0x08000a5c   0x00000014   Code   RO        11370    i.BMI088_GYRO_NS_L  bmi088middleware.o
    0x08000a70   0x08000a70   0x0000027c   Code   RO        11286    i.BMI088_Read       bmi088driver.o
    0x08000cec   0x08000cec   0x0000009c   Code   RO        11287    i.BMI088_init       bmi088driver.o
    0x08000d88   0x08000d88   0x00000026   Code   RO        11288    i.BMI088_read_muli_reg  bmi088driver.o
    0x08000dae   0x08000dae   0x00000018   Code   RO        11289    i.BMI088_read_single_reg  bmi088driver.o
    0x08000dc6   0x08000dc6   0x00000002   PAD
    0x08000dc8   0x08000dc8   0x00000024   Code   RO        11371    i.BMI088_read_write_byte  bmi088middleware.o
    0x08000dec   0x08000dec   0x00000014   Code   RO        11290    i.BMI088_write_single_reg  bmi088driver.o
    0x08000e00   0x08000e00   0x0000002c   Code   RO         9623    i.Beep_Init         beep.o
    0x08000e2c   0x08000e2c   0x00000034   Code   RO         9625    i.Beep_PlayNotes    beep.o
    0x08000e60   0x08000e60   0x0000015a   Code   RO        11523    i.BodyFrameToEarthFrame  ins_task.o
    0x08000fba   0x08000fba   0x00000004   Code   RO          882    i.BusFault_Handler  stm32h7xx_it.o
    0x08000fbe   0x08000fbe   0x00000008   Code   RO         9913    i.CAN1_Rx0Callback  user_can.o
    0x08000fc6   0x08000fc6   0x00000002   PAD
    0x08000fc8   0x08000fc8   0x00000054   Code   RO         9914    i.CAN2_Rx0Callback  user_can.o
    0x0800101c   0x0800101c   0x00000084   Code   RO         9916    i.CAN3_Rx0Callback  user_can.o
    0x080010a0   0x080010a0   0x000000c0   Code   RO         9917    i.CAN_Init          user_can.o
    0x08001160   0x08001160   0x00000044   Code   RO         1283    i.CDC_Control_HS    usbd_cdc_if.o
    0x080011a4   0x080011a4   0x00000004   Code   RO         1284    i.CDC_DeInit_HS     usbd_cdc_if.o
    0x080011a8   0x080011a8   0x00000024   Code   RO         1285    i.CDC_Init_HS       usbd_cdc_if.o
    0x080011cc   0x080011cc   0x00000024   Code   RO         1286    i.CDC_Receive_HS    usbd_cdc_if.o
    0x080011f0   0x080011f0   0x0000000c   Code   RO         1287    i.CDC_TransmitCplt_HS  usbd_cdc_if.o
    0x080011fc   0x080011fc   0x00000038   Code   RO         1288    i.CDC_Transmit_HS   usbd_cdc_if.o
    0x08001234   0x08001234   0x00000544   Code   RO        11291    i.Calibrate_MPU_Offset  bmi088driver.o
    0x08001778   0x08001778   0x0000012c   Code   RO         9873    i.Cap_AnalysisData  super_cap.o
    0x080018a4   0x080018a4   0x00000002   Code   RO         9918    i.Cap_CanSendData   user_can.o
    0x080018a6   0x080018a6   0x00000002   PAD
    0x080018a8   0x080018a8   0x00000160   Code   RO         9051    i.Chassis_Init      chassis.o
    0x08001a08   0x08001a08   0x00000124   Code   RO         9052    i.Chassis_InitPID   chassis.o
    0x08001b2c   0x08001b2c   0x00000048   Code   RO         9053    i.Chassis_Move_KeyCallback  chassis.o
    0x08001b74   0x08001b74   0x00000088   Code   RO         9054    i.Chassis_RegisterEvents  chassis.o
    0x08001bfc   0x08001bfc   0x00000048   Code   RO         9056    i.Chassis_Stop_KeyCallback  chassis.o
    0x08001c44   0x08001c44   0x000001a0   Code   RO         9057    i.Chassis_UpdateSlope  chassis.o
    0x08001de4   0x08001de4   0x00000040   Code   RO        10170    i.DEPID_CascadeCalc  pid.o
    0x08001e24   0x08001e24   0x00000030   Code   RO        10171    i.DEPID_Clear       pid.o
    0x08001e54   0x08001e54   0x0000001a   Code   RO        10172    i.DEPID_Init        pid.o
    0x08001e6e   0x08001e6e   0x00000002   PAD
    0x08001e70   0x08001e70   0x00000010   Code   RO          883    i.DMA1_Stream0_IRQHandler  stm32h7xx_it.o
    0x08001e80   0x08001e80   0x00000010   Code   RO          884    i.DMA1_Stream1_IRQHandler  stm32h7xx_it.o
    0x08001e90   0x08001e90   0x00000010   Code   RO          885    i.DMA1_Stream2_IRQHandler  stm32h7xx_it.o
    0x08001ea0   0x08001ea0   0x00000010   Code   RO          886    i.DMA1_Stream3_IRQHandler  stm32h7xx_it.o
    0x08001eb0   0x08001eb0   0x00000010   Code   RO          887    i.DMA1_Stream4_IRQHandler  stm32h7xx_it.o
    0x08001ec0   0x08001ec0   0x00000010   Code   RO          888    i.DMA1_Stream7_IRQHandler  stm32h7xx_it.o
    0x08001ed0   0x08001ed0   0x00000010   Code   RO          889    i.DMA2_Stream0_IRQHandler  stm32h7xx_it.o
    0x08001ee0   0x08001ee0   0x00000010   Code   RO          890    i.DMA2_Stream4_IRQHandler  stm32h7xx_it.o
    0x08001ef0   0x08001ef0   0x000000ec   Code   RO         3921    i.DMA_CalcBaseAndBitshift  stm32h7xx_hal_dma.o
    0x08001fdc   0x08001fdc   0x000000c4   Code   RO         3922    i.DMA_CalcDMAMUXChannelBaseAndMask  stm32h7xx_hal_dma.o
    0x080020a0   0x080020a0   0x00000098   Code   RO         3923    i.DMA_CalcDMAMUXRequestGenBaseAndMask  stm32h7xx_hal_dma.o
    0x08002138   0x08002138   0x000000ae   Code   RO         3924    i.DMA_CheckFifoParam  stm32h7xx_hal_dma.o
    0x080021e6   0x080021e6   0x00000002   PAD
    0x080021e8   0x080021e8   0x00000274   Code   RO         3925    i.DMA_SetConfig     stm32h7xx_hal_dma.o
    0x0800245c   0x0800245c   0x00000030   Code   RO         9693    i.DWT_CNT_Update    bsp_dwt.o
    0x0800248c   0x0800248c   0x0000003c   Code   RO         9694    i.DWT_Delay         bsp_dwt.o
    0x080024c8   0x080024c8   0x0000004c   Code   RO         9695    i.DWT_GetDeltaT     bsp_dwt.o
    0x08002514   0x08002514   0x00000054   Code   RO         9698    i.DWT_GetTimeline_s  bsp_dwt.o
    0x08002568   0x08002568   0x00000068   Code   RO         9700    i.DWT_Init          bsp_dwt.o
    0x080025d0   0x080025d0   0x000000d0   Code   RO         9701    i.DWT_SysTimeUpdate  bsp_dwt.o
    0x080026a0   0x080026a0   0x00000002   Code   RO          891    i.DebugMon_Handler  stm32h7xx_it.o
    0x080026a2   0x080026a2   0x00000002   PAD
    0x080026a4   0x080026a4   0x0000004c   Code   RO        10842    i.Detect_DefaultLostHandler  detect.o
    0x080026f0   0x080026f0   0x00000044   Code   RO        10843    i.Detect_DefaultRecoverHandler  detect.o
    0x08002734   0x08002734   0x000000e4   Code   RO        10844    i.Detect_InitAll    detect.o
    0x08002818   0x08002818   0x00000038   Code   RO        10845    i.Detect_InitDevice  detect.o
    0x08002850   0x08002850   0x00000014   Code   RO        10846    i.Detect_IsDeviceLost  detect.o
    0x08002864   0x08002864   0x0000001c   Code   RO        10847    i.Detect_Update     detect.o
    0x08002880   0x08002880   0x0000015a   Code   RO        11524    i.EarthFrameToBodyFrame  ins_task.o
    0x080029da   0x080029da   0x00000006   Code   RO           13    i.Error_Handler     main.o
    0x080029e0   0x080029e0   0x00000024   Code   RO         7220    i.ExitRun0Mode      system_stm32h7xx.o
    0x08002a04   0x08002a04   0x00000010   Code   RO          892    i.FDCAN1_IT0_IRQHandler  stm32h7xx_it.o
    0x08002a14   0x08002a14   0x00000010   Code   RO          893    i.FDCAN1_IT1_IRQHandler  stm32h7xx_it.o
    0x08002a24   0x08002a24   0x00000010   Code   RO          894    i.FDCAN2_IT0_IRQHandler  stm32h7xx_it.o
    0x08002a34   0x08002a34   0x00000010   Code   RO          895    i.FDCAN2_IT1_IRQHandler  stm32h7xx_it.o
    0x08002a44   0x08002a44   0x00000010   Code   RO          896    i.FDCAN3_IT0_IRQHandler  stm32h7xx_it.o
    0x08002a54   0x08002a54   0x00000010   Code   RO          897    i.FDCAN3_IT1_IRQHandler  stm32h7xx_it.o
    0x08002a64   0x08002a64   0x00000220   Code   RO         5720    i.FDCAN_CalcultateRamBlockAddresses  stm32h7xx_hal_fdcan.o
    0x08002c84   0x08002c84   0x000000d0   Code   RO         5721    i.FDCAN_CopyMessageToRAM  stm32h7xx_hal_fdcan.o
    0x08002d54   0x08002d54   0x0000006c   Code   RO        10071    i.Filter_AverCalc   filter.o
    0x08002dc0   0x08002dc0   0x00000024   Code   RO        10073    i.Filter_InitAverFilter  filter.o
    0x08002de4   0x08002de4   0x00000184   Code   RO         9059    i.Foot_CallBack     chassis.o
    0x08002f68   0x08002f68   0x00000034   Code   RO        10795    i.Get_CRC16_Check_Sum  crc.o
    0x08002f9c   0x08002f9c   0x00000024   Code   RO        10796    i.Get_CRC8_Check_Sum  crc.o
    0x08002fc0   0x08002fc0   0x00000034   Code   RO         1187    i.Get_SerialNum     usbd_desc.o
    0x08002ff4   0x08002ff4   0x0000008c   Code   RO         9233    i.Gimbal_Init       gimbal.o
    0x08003080   0x08003080   0x000000b8   Code   RO         9234    i.Gimbal_InitPID    gimbal.o
    0x08003138   0x08003138   0x00000088   Code   RO         9235    i.Gimbal_MouseCtrl  gimbal.o
    0x080031c0   0x080031c0   0x00000002   Code   RO         9236    i.Gimbal_RegisterEvents  gimbal.o
    0x080031c2   0x080031c2   0x00000002   PAD
    0x080031c4   0x080031c4   0x00000084   Code   RO         9238    i.Gimbal_RockerCtrl  gimbal.o
    0x08003248   0x08003248   0x00000178   Code   RO         9239    i.Gimbal_UpdataAngle  gimbal.o
    0x080033c0   0x080033c0   0x00000120   Code   RO         9240    i.Gimbal_VisionCtrl  gimbal.o
    0x080034e0   0x080034e0   0x00000002   Code   RO         9241    i.Gimbal_VisionLostCallback  gimbal.o
    0x080034e2   0x080034e2   0x00000002   Code   RO         9242    i.Gimbal_VisionRecoverCallback  gimbal.o
    0x080034e4   0x080034e4   0x000004dc   Code   RO         3926    i.HAL_DMA_Abort     stm32h7xx_hal_dma.o
    0x080039c0   0x080039c0   0x00000398   Code   RO         3927    i.HAL_DMA_Abort_IT  stm32h7xx_hal_dma.o
    0x08003d58   0x08003d58   0x00000af8   Code   RO         3931    i.HAL_DMA_IRQHandler  stm32h7xx_hal_dma.o
    0x08004850   0x08004850   0x00000514   Code   RO         3932    i.HAL_DMA_Init      stm32h7xx_hal_dma.o
    0x08004d64   0x08004d64   0x000003e0   Code   RO         3936    i.HAL_DMA_Start_IT  stm32h7xx_hal_dma.o
    0x08005144   0x08005144   0x00000028   Code   RO         4781    i.HAL_Delay         stm32h7xx_hal.o
    0x0800516c   0x0800516c   0x000000a8   Code   RO         5723    i.HAL_FDCAN_ActivateNotification  stm32h7xx_hal_fdcan.o
    0x08005214   0x08005214   0x00000090   Code   RO         5725    i.HAL_FDCAN_AddMessageToTxFifoQ  stm32h7xx_hal_fdcan.o
    0x080052a4   0x080052a4   0x00000002   Code   RO         5726    i.HAL_FDCAN_ClockCalibrationCallback  stm32h7xx_hal_fdcan.o
    0x080052a6   0x080052a6   0x0000006c   Code   RO         5729    i.HAL_FDCAN_ConfigFifoWatermark  stm32h7xx_hal_fdcan.o
    0x08005312   0x08005312   0x000000a8   Code   RO         5730    i.HAL_FDCAN_ConfigFilter  stm32h7xx_hal_fdcan.o
    0x080053ba   0x080053ba   0x00000034   Code   RO         5731    i.HAL_FDCAN_ConfigGlobalFilter  stm32h7xx_hal_fdcan.o
    0x080053ee   0x080053ee   0x00000002   Code   RO         5752    i.HAL_FDCAN_ErrorCallback  stm32h7xx_hal_fdcan.o
    0x080053f0   0x080053f0   0x00000020   Code   RO         9919    i.HAL_FDCAN_ErrorStatusCallback  user_can.o
    0x08005410   0x08005410   0x0000004c   Code   RO         5762    i.HAL_FDCAN_GetProtocolStatus  stm32h7xx_hal_fdcan.o
    0x0800545c   0x0800545c   0x000001f4   Code   RO         5764    i.HAL_FDCAN_GetRxMessage  stm32h7xx_hal_fdcan.o
    0x08005650   0x08005650   0x00000002   Code   RO         5770    i.HAL_FDCAN_HighPriorityMessageCallback  stm32h7xx_hal_fdcan.o
    0x08005652   0x08005652   0x00000002   PAD
    0x08005654   0x08005654   0x000003d4   Code   RO         5771    i.HAL_FDCAN_IRQHandler  stm32h7xx_hal_fdcan.o
    0x08005a28   0x08005a28   0x000002e0   Code   RO         5772    i.HAL_FDCAN_Init    stm32h7xx_hal_fdcan.o
    0x08005d08   0x08005d08   0x0000023c   Code   RO          648    i.HAL_FDCAN_MspInit  fdcan.o
    0x08005f44   0x08005f44   0x00000002   Code   RO         5781    i.HAL_FDCAN_RxBufferNewMessageCallback  stm32h7xx_hal_fdcan.o
    0x08005f46   0x08005f46   0x00000002   PAD
    0x08005f48   0x08005f48   0x000000bc   Code   RO         9920    i.HAL_FDCAN_RxFifo0Callback  user_can.o
    0x08006004   0x08006004   0x00000002   Code   RO         5783    i.HAL_FDCAN_RxFifo1Callback  stm32h7xx_hal_fdcan.o
    0x08006006   0x08006006   0x00000034   Code   RO         5784    i.HAL_FDCAN_Start   stm32h7xx_hal_fdcan.o
    0x0800603a   0x0800603a   0x00000002   Code   RO         5806    i.HAL_FDCAN_TT_GlobalTimeCallback  stm32h7xx_hal_fdcan.o
    0x0800603c   0x0800603c   0x00000002   Code   RO         5807    i.HAL_FDCAN_TT_ScheduleSyncCallback  stm32h7xx_hal_fdcan.o
    0x0800603e   0x0800603e   0x00000002   Code   RO         5812    i.HAL_FDCAN_TT_StopWatchCallback  stm32h7xx_hal_fdcan.o
    0x08006040   0x08006040   0x00000002   Code   RO         5813    i.HAL_FDCAN_TT_TimeMarkCallback  stm32h7xx_hal_fdcan.o
    0x08006042   0x08006042   0x00000002   Code   RO         5814    i.HAL_FDCAN_TimeoutOccurredCallback  stm32h7xx_hal_fdcan.o
    0x08006044   0x08006044   0x00000002   Code   RO         5815    i.HAL_FDCAN_TimestampWraparoundCallback  stm32h7xx_hal_fdcan.o
    0x08006046   0x08006046   0x00000002   Code   RO         5816    i.HAL_FDCAN_TxBufferAbortCallback  stm32h7xx_hal_fdcan.o
    0x08006048   0x08006048   0x00000002   Code   RO         5817    i.HAL_FDCAN_TxBufferCompleteCallback  stm32h7xx_hal_fdcan.o
    0x0800604a   0x0800604a   0x00000002   Code   RO         5818    i.HAL_FDCAN_TxEventFifoCallback  stm32h7xx_hal_fdcan.o
    0x0800604c   0x0800604c   0x00000002   Code   RO         5819    i.HAL_FDCAN_TxFifoEmptyCallback  stm32h7xx_hal_fdcan.o
    0x0800604e   0x0800604e   0x00000002   PAD
    0x08006050   0x08006050   0x000001f0   Code   RO         3774    i.HAL_GPIO_Init     stm32h7xx_hal_gpio.o
    0x08006240   0x08006240   0x0000000c   Code   RO         3778    i.HAL_GPIO_WritePin  stm32h7xx_hal_gpio.o
    0x0800624c   0x0800624c   0x0000000c   Code   RO         4797    i.HAL_GetTick       stm32h7xx_hal.o
    0x08006258   0x08006258   0x00000018   Code   RO         4803    i.HAL_IncTick       stm32h7xx_hal.o
    0x08006270   0x08006270   0x00000060   Code   RO         4804    i.HAL_Init          stm32h7xx_hal.o
    0x080062d0   0x080062d0   0x000000a0   Code   RO         1100    i.HAL_InitTick      stm32h7xx_hal_timebase_tim.o
    0x08006370   0x08006370   0x00000030   Code   RO         1076    i.HAL_MspInit       stm32h7xx_hal_msp.o
    0x080063a0   0x080063a0   0x00000028   Code   RO         4624    i.HAL_NVIC_EnableIRQ  stm32h7xx_hal_cortex.o
    0x080063c8   0x080063c8   0x0000007a   Code   RO         4630    i.HAL_NVIC_SetPriority  stm32h7xx_hal_cortex.o
    0x08006442   0x08006442   0x00000002   PAD
    0x08006444   0x08006444   0x00000028   Code   RO         4631    i.HAL_NVIC_SetPriorityGrouping  stm32h7xx_hal_cortex.o
    0x0800646c   0x0800646c   0x00000044   Code   RO         4632    i.HAL_NVIC_SystemReset  stm32h7xx_hal_cortex.o
    0x080064b0   0x080064b0   0x00000028   Code   RO         2819    i.HAL_PCDEx_ActivateLPM  stm32h7xx_hal_pcd_ex.o
    0x080064d8   0x080064d8   0x00000002   Code   RO         2824    i.HAL_PCDEx_LPM_Callback  stm32h7xx_hal_pcd_ex.o
    0x080064da   0x080064da   0x0000000a   Code   RO         2825    i.HAL_PCDEx_SetRxFiFo  stm32h7xx_hal_pcd_ex.o
    0x080064e4   0x080064e4   0x0000004e   Code   RO         2826    i.HAL_PCDEx_SetTxFiFo  stm32h7xx_hal_pcd_ex.o
    0x08006532   0x08006532   0x0000000e   Code   RO         1344    i.HAL_PCD_ConnectCallback  usbd_conf.o
    0x08006540   0x08006540   0x00000020   Code   RO         1345    i.HAL_PCD_DataInStageCallback  usbd_conf.o
    0x08006560   0x08006560   0x00000020   Code   RO         1346    i.HAL_PCD_DataOutStageCallback  usbd_conf.o
    0x08006580   0x08006580   0x0000000e   Code   RO         1347    i.HAL_PCD_DisconnectCallback  usbd_conf.o
    0x0800658e   0x0800658e   0x00000042   Code   RO         2590    i.HAL_PCD_EP_Abort  stm32h7xx_hal_pcd.o
    0x080065d0   0x080065d0   0x0000006a   Code   RO         2591    i.HAL_PCD_EP_Close  stm32h7xx_hal_pcd.o
    0x0800663a   0x0800663a   0x0000007c   Code   RO         2592    i.HAL_PCD_EP_ClrStall  stm32h7xx_hal_pcd.o
    0x080066b6   0x080066b6   0x00000016   Code   RO         2594    i.HAL_PCD_EP_GetRxCount  stm32h7xx_hal_pcd.o
    0x080066cc   0x080066cc   0x0000008e   Code   RO         2595    i.HAL_PCD_EP_Open   stm32h7xx_hal_pcd.o
    0x0800675a   0x0800675a   0x00000046   Code   RO         2596    i.HAL_PCD_EP_Receive  stm32h7xx_hal_pcd.o
    0x080067a0   0x080067a0   0x0000008a   Code   RO         2597    i.HAL_PCD_EP_SetStall  stm32h7xx_hal_pcd.o
    0x0800682a   0x0800682a   0x00000048   Code   RO         2598    i.HAL_PCD_EP_Transmit  stm32h7xx_hal_pcd.o
    0x08006872   0x08006872   0x0000070e   Code   RO         2600    i.HAL_PCD_IRQHandler  stm32h7xx_hal_pcd.o
    0x08006f80   0x08006f80   0x00000012   Code   RO         1348    i.HAL_PCD_ISOINIncompleteCallback  usbd_conf.o
    0x08006f92   0x08006f92   0x00000012   Code   RO         1349    i.HAL_PCD_ISOOUTIncompleteCallback  usbd_conf.o
    0x08006fa4   0x08006fa4   0x0000015e   Code   RO         2603    i.HAL_PCD_Init      stm32h7xx_hal_pcd.o
    0x08007102   0x08007102   0x00000002   PAD
    0x08007104   0x08007104   0x00000070   Code   RO         1351    i.HAL_PCD_MspInit   usbd_conf.o
    0x08007174   0x08007174   0x00000030   Code   RO         1352    i.HAL_PCD_ResetCallback  usbd_conf.o
    0x080071a4   0x080071a4   0x0000000e   Code   RO         1353    i.HAL_PCD_ResumeCallback  usbd_conf.o
    0x080071b2   0x080071b2   0x0000000e   Code   RO         1354    i.HAL_PCD_SOFCallback  usbd_conf.o
    0x080071c0   0x080071c0   0x00000034   Code   RO         2609    i.HAL_PCD_SetAddress  stm32h7xx_hal_pcd.o
    0x080071f4   0x080071f4   0x00000012   Code   RO         1355    i.HAL_PCD_SetupStageCallback  usbd_conf.o
    0x08007206   0x08007206   0x0000004c   Code   RO         2612    i.HAL_PCD_Start     stm32h7xx_hal_pcd.o
    0x08007252   0x08007252   0x00000002   PAD
    0x08007254   0x08007254   0x00000034   Code   RO         1356    i.HAL_PCD_SuspendCallback  usbd_conf.o
    0x08007288   0x08007288   0x00000060   Code   RO         4375    i.HAL_PWREx_ConfigSupply  stm32h7xx_hal_pwr_ex.o
    0x080072e8   0x080072e8   0x00000014   Code   RO         4392    i.HAL_PWREx_EnableUSBVoltageDetector  stm32h7xx_hal_pwr_ex.o
    0x080072fc   0x080072fc   0x00000024   Code   RO         3317    i.HAL_RCCEx_GetD3PCLK1Freq  stm32h7xx_hal_rcc_ex.o
    0x08007320   0x08007320   0x00000230   Code   RO         3319    i.HAL_RCCEx_GetPLL2ClockFreq  stm32h7xx_hal_rcc_ex.o
    0x08007550   0x08007550   0x00000230   Code   RO         3320    i.HAL_RCCEx_GetPLL3ClockFreq  stm32h7xx_hal_rcc_ex.o
    0x08007780   0x08007780   0x00000cc8   Code   RO         3326    i.HAL_RCCEx_PeriphCLKConfig  stm32h7xx_hal_rcc_ex.o
    0x08008448   0x08008448   0x00000320   Code   RO         3202    i.HAL_RCC_ClockConfig  stm32h7xx_hal_rcc.o
    0x08008768   0x08008768   0x0000006c   Code   RO         3206    i.HAL_RCC_GetClockConfig  stm32h7xx_hal_rcc.o
    0x080087d4   0x080087d4   0x0000004c   Code   RO         3207    i.HAL_RCC_GetHCLKFreq  stm32h7xx_hal_rcc.o
    0x08008820   0x08008820   0x00000024   Code   RO         3209    i.HAL_RCC_GetPCLK1Freq  stm32h7xx_hal_rcc.o
    0x08008844   0x08008844   0x00000024   Code   RO         3210    i.HAL_RCC_GetPCLK2Freq  stm32h7xx_hal_rcc.o
    0x08008868   0x08008868   0x0000022c   Code   RO         3211    i.HAL_RCC_GetSysClockFreq  stm32h7xx_hal_rcc.o
    0x08008a94   0x08008a94   0x0000075c   Code   RO         3214    i.HAL_RCC_OscConfig  stm32h7xx_hal_rcc.o
    0x080091f0   0x080091f0   0x00000098   Code   RO         7096    i.HAL_RS485Ex_Init  stm32h7xx_hal_uart_ex.o
    0x08009288   0x08009288   0x00000002   Code   RO         6345    i.HAL_SPI_ErrorCallback  stm32h7xx_hal_spi.o
    0x0800928a   0x0800928a   0x00000002   PAD
    0x0800928c   0x0800928c   0x0000028c   Code   RO         6348    i.HAL_SPI_IRQHandler  stm32h7xx_hal_spi.o
    0x08009518   0x08009518   0x000001b0   Code   RO         6349    i.HAL_SPI_Init      stm32h7xx_hal_spi.o
    0x080096c8   0x080096c8   0x00000178   Code   RO          721    i.HAL_SPI_MspInit   spi.o
    0x08009840   0x08009840   0x00000002   Code   RO         6355    i.HAL_SPI_RxCpltCallback  stm32h7xx_hal_spi.o
    0x08009842   0x08009842   0x00000002   Code   RO         6357    i.HAL_SPI_SuspendCallback  stm32h7xx_hal_spi.o
    0x08009844   0x08009844   0x00000454   Code   RO         6359    i.HAL_SPI_TransmitReceive  stm32h7xx_hal_spi.o
    0x08009c98   0x08009c98   0x00000002   Code   RO         6364    i.HAL_SPI_TxCpltCallback  stm32h7xx_hal_spi.o
    0x08009c9a   0x08009c9a   0x00000002   Code   RO         6366    i.HAL_SPI_TxRxCpltCallback  stm32h7xx_hal_spi.o
    0x08009c9c   0x08009c9c   0x00000014   Code   RO         4811    i.HAL_SYSCFG_AnalogSwitchConfig  stm32h7xx_hal.o
    0x08009cb0   0x08009cb0   0x00000002   Code   RO         2278    i.HAL_TIMEx_Break2Callback  stm32h7xx_hal_tim_ex.o
    0x08009cb2   0x08009cb2   0x00000002   Code   RO         2279    i.HAL_TIMEx_BreakCallback  stm32h7xx_hal_tim_ex.o
    0x08009cb4   0x08009cb4   0x00000002   Code   RO         2280    i.HAL_TIMEx_CommutCallback  stm32h7xx_hal_tim_ex.o
    0x08009cb6   0x08009cb6   0x00000002   PAD
    0x08009cb8   0x08009cb8   0x000000c8   Code   RO         2282    i.HAL_TIMEx_ConfigBreakDeadTime  stm32h7xx_hal_tim_ex.o
    0x08009d80   0x08009d80   0x000000e4   Code   RO         2301    i.HAL_TIMEx_MasterConfigSynchronization  stm32h7xx_hal_tim_ex.o
    0x08009e64   0x08009e64   0x0000006e   Code   RO         1553    i.HAL_TIM_Base_Init  stm32h7xx_hal_tim.o
    0x08009ed2   0x08009ed2   0x00000002   Code   RO         1555    i.HAL_TIM_Base_MspInit  stm32h7xx_hal_tim.o
    0x08009ed4   0x08009ed4   0x000000cc   Code   RO         1558    i.HAL_TIM_Base_Start_IT  stm32h7xx_hal_tim.o
    0x08009fa0   0x08009fa0   0x00000002   Code   RO         1583    i.HAL_TIM_ErrorCallback  stm32h7xx_hal_tim.o
    0x08009fa2   0x08009fa2   0x00000002   Code   RO         1587    i.HAL_TIM_IC_CaptureCallback  stm32h7xx_hal_tim.o
    0x08009fa4   0x08009fa4   0x00000198   Code   RO         1601    i.HAL_TIM_IRQHandler  stm32h7xx_hal_tim.o
    0x0800a13c   0x0800a13c   0x000000f0   Code   RO          762    i.HAL_TIM_MspPostInit  tim.o
    0x0800a22c   0x0800a22c   0x00000002   Code   RO         1604    i.HAL_TIM_OC_DelayElapsedCallback  stm32h7xx_hal_tim.o
    0x0800a22e   0x0800a22e   0x00000170   Code   RO         1625    i.HAL_TIM_PWM_ConfigChannel  stm32h7xx_hal_tim.o
    0x0800a39e   0x0800a39e   0x0000006e   Code   RO         1628    i.HAL_TIM_PWM_Init  stm32h7xx_hal_tim.o
    0x0800a40c   0x0800a40c   0x000000f4   Code   RO          764    i.HAL_TIM_PWM_MspInit  tim.o
    0x0800a500   0x0800a500   0x00000014   Code   RO        11225    i.HAL_TIM_PWM_PulseFinishedCallback  userfreertos.o
    0x0800a514   0x0800a514   0x00000002   Code   RO         1632    i.HAL_TIM_PWM_PulseFinishedHalfCpltCallback  stm32h7xx_hal_tim.o
    0x0800a516   0x0800a516   0x00000002   PAD
    0x0800a518   0x0800a518   0x0000017c   Code   RO         1633    i.HAL_TIM_PWM_Start  stm32h7xx_hal_tim.o
    0x0800a694   0x0800a694   0x000002d0   Code   RO         1634    i.HAL_TIM_PWM_Start_DMA  stm32h7xx_hal_tim.o
    0x0800a964   0x0800a964   0x00000150   Code   RO         1637    i.HAL_TIM_PWM_Stop_DMA  stm32h7xx_hal_tim.o
    0x0800aab4   0x0800aab4   0x00000012   Code   RO           14    i.HAL_TIM_PeriodElapsedCallback  main.o
    0x0800aac6   0x0800aac6   0x00000002   Code   RO         1644    i.HAL_TIM_TriggerCallback  stm32h7xx_hal_tim.o
    0x0800aac8   0x0800aac8   0x0000004e   Code   RO         7097    i.HAL_UARTEx_DisableFifoMode  stm32h7xx_hal_uart_ex.o
    0x0800ab16   0x0800ab16   0x00000062   Code   RO         7103    i.HAL_UARTEx_ReceiveToIdle_DMA  stm32h7xx_hal_uart_ex.o
    0x0800ab78   0x0800ab78   0x0000005c   Code   RO        11117    i.HAL_UARTEx_RxEventCallback  rc.o
    0x0800abd4   0x0800abd4   0x00000002   Code   RO         7105    i.HAL_UARTEx_RxFifoFullCallback  stm32h7xx_hal_uart_ex.o
    0x0800abd6   0x0800abd6   0x0000005e   Code   RO         7106    i.HAL_UARTEx_SetRxFifoThreshold  stm32h7xx_hal_uart_ex.o
    0x0800ac34   0x0800ac34   0x0000005e   Code   RO         7107    i.HAL_UARTEx_SetTxFifoThreshold  stm32h7xx_hal_uart_ex.o
    0x0800ac92   0x0800ac92   0x00000002   Code   RO         7109    i.HAL_UARTEx_TxFifoEmptyCallback  stm32h7xx_hal_uart_ex.o
    0x0800ac94   0x0800ac94   0x00000002   Code   RO         7110    i.HAL_UARTEx_WakeupCallback  stm32h7xx_hal_uart_ex.o
    0x0800ac96   0x0800ac96   0x00000002   Code   RO         6697    i.HAL_UART_ErrorCallback  stm32h7xx_hal_uart.o
    0x0800ac98   0x0800ac98   0x000004b6   Code   RO         6700    i.HAL_UART_IRQHandler  stm32h7xx_hal_uart.o
    0x0800b14e   0x0800b14e   0x00000078   Code   RO         6701    i.HAL_UART_Init     stm32h7xx_hal_uart.o
    0x0800b1c6   0x0800b1c6   0x00000002   PAD
    0x0800b1c8   0x0800b1c8   0x00000414   Code   RO          823    i.HAL_UART_MspInit  usart.o
    0x0800b5dc   0x0800b5dc   0x00000002   Code   RO         6708    i.HAL_UART_RxCpltCallback  stm32h7xx_hal_uart.o
    0x0800b5de   0x0800b5de   0x00000002   Code   RO         6709    i.HAL_UART_RxHalfCpltCallback  stm32h7xx_hal_uart.o
    0x0800b5e0   0x0800b5e0   0x000000a0   Code   RO         6711    i.HAL_UART_Transmit_DMA  stm32h7xx_hal_uart.o
    0x0800b680   0x0800b680   0x00000002   Code   RO         6713    i.HAL_UART_TxCpltCallback  stm32h7xx_hal_uart.o
    0x0800b682   0x0800b682   0x00000002   Code   RO         6714    i.HAL_UART_TxHalfCpltCallback  stm32h7xx_hal_uart.o
    0x0800b684   0x0800b684   0x00000130   Code   RO        10341    i.H_K_R_Adjustment  kalman_filter.o
    0x0800b7b4   0x0800b7b4   0x00000004   Code   RO          898    i.HardFault_Handler  stm32h7xx_it.o
    0x0800b7b8   0x0800b7b8   0x000000fc   Code   RO         9367    i.Heat_Limit        shooter.o
    0x0800b8b4   0x0800b8b4   0x00000374   Code   RO        11526    i.IMU_Param_Correction  ins_task.o
    0x0800bc28   0x0800bc28   0x00000238   Code   RO        10418    i.IMU_QuaternionEKF_F_Linearization_P_Fading  quaternionekf.o
    0x0800be60   0x0800be60   0x00000130   Code   RO        10419    i.IMU_QuaternionEKF_Init  quaternionekf.o
    0x0800bf90   0x0800bf90   0x00000034   Code   RO        10420    i.IMU_QuaternionEKF_Observe  quaternionekf.o
    0x0800bfc4   0x0800bfc4   0x00000128   Code   RO        10421    i.IMU_QuaternionEKF_SetH  quaternionekf.o
    0x0800c0ec   0x0800c0ec   0x0000062c   Code   RO        10422    i.IMU_QuaternionEKF_Update  quaternionekf.o
    0x0800c718   0x0800c718   0x00000508   Code   RO        10423    i.IMU_QuaternionEKF_xhatUpdate  quaternionekf.o
    0x0800cc20   0x0800cc20   0x00000074   Code   RO        11527    i.IMU_Temperature_Ctrl  ins_task.o
    0x0800cc94   0x0800cc94   0x00000078   Code   RO        11528    i.INS_Init          ins_task.o
    0x0800cd0c   0x0800cd0c   0x0000027c   Code   RO        11529    i.INS_Task          ins_task.o
    0x0800cf88   0x0800cf88   0x00000154   Code   RO        11118    i.Image_Trans_Analysis  rc.o
    0x0800d0dc   0x0800d0dc   0x0000003e   Code   RO         1188    i.IntToUnicode      usbd_desc.o
    0x0800d11a   0x0800d11a   0x00000002   PAD
    0x0800d11c   0x0800d11c   0x0000000c   Code   RO        10918    i.JUDGE_GetChassisPowerLimit  judge.o
    0x0800d128   0x0800d128   0x00000018   Code   RO        10920    i.JUDGE_GetCoolingValue  judge.o
    0x0800d140   0x0800d140   0x0000000c   Code   RO        10926    i.JUDGE_GetRemainHeat  judge.o
    0x0800d14c   0x0800d14c   0x00000010   Code   RO        10931    i.JUDGE_GetShooterOutputState  judge.o
    0x0800d15c   0x0800d15c   0x0000000c   Code   RO        10932    i.JUDGE_IsValid     judge.o
    0x0800d168   0x0800d168   0x0000003c   Code   RO        11119    i.Judge_UpdateKeys  rc.o
    0x0800d1a4   0x0800d1a4   0x0000070c   Code   RO        10342    i.Kalman_Filter_Init  kalman_filter.o
    0x0800d8b0   0x0800d8b0   0x00000050   Code   RO        10343    i.Kalman_Filter_Measure  kalman_filter.o
    0x0800d900   0x0800d900   0x00000068   Code   RO        10344    i.Kalman_Filter_P_Update  kalman_filter.o
    0x0800d968   0x0800d968   0x00000068   Code   RO        10345    i.Kalman_Filter_PminusUpdate  kalman_filter.o
    0x0800d9d0   0x0800d9d0   0x000000d2   Code   RO        10346    i.Kalman_Filter_SetK  kalman_filter.o
    0x0800daa2   0x0800daa2   0x00000002   PAD
    0x0800daa4   0x0800daa4   0x00000128   Code   RO        10347    i.Kalman_Filter_Update  kalman_filter.o
    0x0800dbcc   0x0800dbcc   0x0000007c   Code   RO        10348    i.Kalman_Filter_xhatMinusUpdate  kalman_filter.o
    0x0800dc48   0x0800dc48   0x00000086   Code   RO        10349    i.Kalman_Filter_xhatUpdate  kalman_filter.o
    0x0800dcce   0x0800dcce   0x00000002   PAD
    0x0800dcd0   0x0800dcd0   0x0000002c   Code   RO         9060    i.KeyCallback_E_OnDown  chassis.o
    0x0800dcfc   0x0800dcfc   0x00000010   Code   RO         9061    i.KeyCallback_E_OnUp  chassis.o
    0x0800dd0c   0x0800dd0c   0x00000010   Code   RO         9062    i.KeyCallback_Q_OnDown  chassis.o
    0x0800dd1c   0x0800dd1c   0x00000010   Code   RO         9063    i.KeyCallback_Q_OnUp  chassis.o
    0x0800dd2c   0x0800dd2c   0x0000002c   Code   RO         9064    i.KeyCallback_R_OnDown  chassis.o
    0x0800dd58   0x0800dd58   0x00000020   Code   RO         9065    i.KeyCallback_R_OnUp  chassis.o
    0x0800dd78   0x0800dd78   0x00000030   Code   RO        11669    i.KeyProtectSingleTrigger_Update  trigger_about.o
    0x0800dda8   0x0800dda8   0x00000086   Code   RO         9772    i.LKMotor_Update    moto.o
    0x0800de2e   0x0800de2e   0x00000002   PAD
    0x0800de30   0x0800de30   0x000000c0   Code   RO          623    i.MX_DMA_Init       dma.o
    0x0800def0   0x0800def0   0x00000084   Code   RO          649    i.MX_FDCAN1_Init    fdcan.o
    0x0800df74   0x0800df74   0x00000088   Code   RO          650    i.MX_FDCAN2_Init    fdcan.o
    0x0800dffc   0x0800dffc   0x00000084   Code   RO          651    i.MX_FDCAN3_Init    fdcan.o
    0x0800e080   0x0800e080   0x000001e8   Code   RO          474    i.MX_FREERTOS_Init  freertos.o
    0x0800e268   0x0800e268   0x0000010c   Code   RO          450    i.MX_GPIO_Init      gpio.o
    0x0800e374   0x0800e374   0x00000064   Code   RO          722    i.MX_SPI2_Init      spi.o
    0x0800e3d8   0x0800e3d8   0x0000007c   Code   RO          765    i.MX_TIM12_Init     tim.o
    0x0800e454   0x0800e454   0x0000007c   Code   RO          766    i.MX_TIM3_Init      tim.o
    0x0800e4d0   0x0800e4d0   0x000000c0   Code   RO          767    i.MX_TIM8_Init      tim.o
    0x0800e590   0x0800e590   0x00000074   Code   RO          824    i.MX_UART5_Init     usart.o
    0x0800e604   0x0800e604   0x0000006c   Code   RO          825    i.MX_USART1_UART_Init  usart.o
    0x0800e670   0x0800e670   0x0000007c   Code   RO          826    i.MX_USART2_UART_Init  usart.o
    0x0800e6ec   0x0800e6ec   0x0000007c   Code   RO          827    i.MX_USART3_UART_Init  usart.o
    0x0800e768   0x0800e768   0x00000050   Code   RO         1139    i.MX_USB_DEVICE_Init  usb_device.o
    0x0800e7b8   0x0800e7b8   0x00000004   Code   RO          899    i.MemManage_Handler  stm32h7xx_it.o
    0x0800e7bc   0x0800e7bc   0x000000ac   Code   RO         9773    i.Motor_CalcAngle   moto.o
    0x0800e868   0x0800e868   0x0000000e   Code   RO         9774    i.Motor_StartCalcAngle  moto.o
    0x0800e876   0x0800e876   0x00000002   PAD
    0x0800e878   0x0800e878   0x00000038   Code   RO         9067    i.Motor_StartCalcAngle_M4005  chassis.o
    0x0800e8b0   0x0800e8b0   0x0000000e   Code   RO         9775    i.Motor_Update      moto.o
    0x0800e8be   0x0800e8be   0x00000004   Code   RO          900    i.NMI_Handler       stm32h7xx_it.o
    0x0800e8c2   0x0800e8c2   0x00000002   PAD
    0x0800e8c4   0x0800e8c4   0x00000248   Code   RO        10531    i.OLS_Derivative    user_lib.o
    0x0800eb0c   0x0800eb0c   0x00000024   Code   RO         9627    i.OS_BeepCallback   beep.o
    0x0800eb30   0x0800eb30   0x0000001c   Code   RO        11063    i.OS_Board2BoardCallback  board2board.o
    0x0800eb4c   0x0800eb4c   0x0000001a   Code   RO         9068    i.OS_ChassisCallback  chassis.o
    0x0800eb66   0x0800eb66   0x00000016   Code   RO        10848    i.OS_DetectCallback  detect.o
    0x0800eb7c   0x0800eb7c   0x000000c0   Code   RO        11226    i.OS_ErrorCallback  userfreertos.o
    0x0800ec3c   0x0800ec3c   0x00000016   Code   RO         9243    i.OS_GimbalCallback  gimbal.o
    0x0800ec52   0x0800ec52   0x00000014   Code   RO        11530    i.OS_IMUCallback    ins_task.o
    0x0800ec66   0x0800ec66   0x0000001a   Code   RO        10933    i.OS_JudgeCallback  judge.o
    0x0800ec80   0x0800ec80   0x0000004c   Code   RO        11227    i.OS_LedCallback    userfreertos.o
    0x0800eccc   0x0800eccc   0x00000024   Code   RO         9776    i.OS_MotorCallback  moto.o
    0x0800ecf0   0x0800ecf0   0x00000168   Code   RO        11120    i.OS_RcCallback     rc.o
    0x0800ee58   0x0800ee58   0x0000000a   Code   RO          486    i.OS_RmVisionCallBack  freertos.o
    0x0800ee62   0x0800ee62   0x00000002   PAD
    0x0800ee64   0x0800ee64   0x00000038   Code   RO         9368    i.OS_ShooterCallback  shooter.o
    0x0800ee9c   0x0800ee9c   0x0000001c   Code   RO         9874    i.OS_SuperCapCallback  super_cap.o
    0x0800eeb8   0x0800eeb8   0x0000000a   Code   RO          489    i.OS_UICallBack     freertos.o
    0x0800eec2   0x0800eec2   0x00000002   PAD
    0x0800eec4   0x0800eec4   0x0000001c   Code   RO         9501    i.OS_VisionCallback  vision.o
    0x0800eee0   0x0800eee0   0x00000010   Code   RO          901    i.OTG_HS_IRQHandler  stm32h7xx_it.o
    0x0800eef0   0x0800eef0   0x00000064   Code   RO         2615    i.PCD_EP_OutSetupPacket_int  stm32h7xx_hal_pcd.o
    0x0800ef54   0x0800ef54   0x00000144   Code   RO         2616    i.PCD_EP_OutXfrComplete_int  stm32h7xx_hal_pcd.o
    0x0800f098   0x0800f098   0x000000b6   Code   RO         2617    i.PCD_WriteEmptyTxFifo  stm32h7xx_hal_pcd.o
    0x0800f14e   0x0800f14e   0x000000fa   Code   RO        10173    i.PIDRegulation     pid.o
    0x0800f248   0x0800f248   0x000002cc   Code   RO        10671    i.PID_Calculate     controller.o
    0x0800f514   0x0800f514   0x00000038   Code   RO        10175    i.PID_CascadeCalc_INT  pid.o
    0x0800f54c   0x0800f54c   0x00000028   Code   RO        10176    i.PID_Clear         pid.o
    0x0800f574   0x0800f574   0x00000024   Code   RO        10177    i.PID_Init          pid.o
    0x0800f598   0x0800f598   0x00000006   Code   RO        10178    i.PID_SetDeadzone   pid.o
    0x0800f59e   0x0800f59e   0x00000006   Code   RO        10179    i.PID_SetMaxOutput  pid.o
    0x0800f5a4   0x0800f5a4   0x0000011c   Code   RO        10180    i.PID_SingleCalc    pid.o
    0x0800f6c0   0x0800f6c0   0x00000118   Code   RO        10181    i.PID_SingleCalc_INT  pid.o
    0x0800f7d8   0x0800f7d8   0x000002a4   Code   RO         9244    i.PitchLimit        gimbal.o
    0x0800fa7c   0x0800fa7c   0x00000006   Code   RO        10101    i.Queue_AttachBuffer  myqueue.o
    0x0800fa82   0x0800fa82   0x00000056   Code   RO        10104    i.Queue_Enqueue     myqueue.o
    0x0800fad8   0x0800fad8   0x00000012   Code   RO        10106    i.Queue_Init        myqueue.o
    0x0800faea   0x0800faea   0x0000001e   Code   RO        10108    i.Queue_IsFull      myqueue.o
    0x0800fb08   0x0800fb08   0x00000164   Code   RO         3329    i.RCCEx_PLL2_Config  stm32h7xx_hal_rcc_ex.o
    0x0800fc6c   0x0800fc6c   0x00000164   Code   RO         3330    i.RCCEx_PLL3_Config  stm32h7xx_hal_rcc_ex.o
    0x0800fdd0   0x0800fdd0   0x000001f8   Code   RO        11121    i.RC_Init           rc.o
    0x0800ffc8   0x0800ffc8   0x0000003c   Code   RO        11122    i.RC_InitKeyJudgeTime  rc.o
    0x08010004   0x08010004   0x00000014   Code   RO        11123    i.RC_InitKeys       rc.o
    0x08010018   0x08010018   0x00000204   Code   RO        11124    i.RC_LostCallback   rc.o
    0x0801021c   0x0801021c   0x00000154   Code   RO        11125    i.RC_ParseUsart     rc.o
    0x08010370   0x08010370   0x00000264   Code   RO        11126    i.RC_Register       rc.o
    0x080105d4   0x080105d4   0x000003e0   Code   RO        11127    i.RC_UpdateKeys     rc.o
    0x080109b4   0x080109b4   0x00000100   Code   RO        11064    i.RS485_Init        board2board.o
    0x08010ab4   0x08010ab4   0x000003a8   Code   RO        11065    i.RS485_Rec         board2board.o
    0x08010e5c   0x08010e5c   0x000002c8   Code   RO        11066    i.Rs485_Trans       board2board.o
    0x08011124   0x08011124   0x00000016   Code   RO        10305    i.SMCInit           smc.o
    0x0801113a   0x0801113a   0x00000002   PAD
    0x0801113c   0x0801113c   0x00000010   Code   RO          902    i.SPI2_IRQHandler   stm32h7xx_it.o
    0x0801114c   0x0801114c   0x000000d6   Code   RO         6369    i.SPI_CloseTransfer  stm32h7xx_hal_spi.o
    0x08011222   0x08011222   0x0000001c   Code   RO         6370    i.SPI_DMAAbortOnError  stm32h7xx_hal_spi.o
    0x0801123e   0x0801123e   0x0000001a   Code   RO         6380    i.SPI_GetPacketSize  stm32h7xx_hal_spi.o
    0x08011258   0x08011258   0x00000042   Code   RO         6387    i.SPI_WaitOnFlagUntilTimeout  stm32h7xx_hal_spi.o
    0x0801129a   0x0801129a   0x00000012   Code   RO         8778    i.SWAPBYTE          usbd_ctlreq.o
    0x080112ac   0x080112ac   0x00000074   Code   RO         9369    i.Shooter_DecFricSpeed_KeyCallback  shooter.o
    0x08011320   0x08011320   0x00000074   Code   RO         9370    i.Shooter_IncFricSpeed_KeyCallback  shooter.o
    0x08011394   0x08011394   0x00000048   Code   RO         9371    i.Shooter_Init      shooter.o
    0x080113dc   0x080113dc   0x0000011c   Code   RO         9372    i.Shooter_InitPID   shooter.o
    0x080114f8   0x080114f8   0x00000060   Code   RO         9373    i.Shooter_RegisterEvents  shooter.o
    0x08011558   0x08011558   0x0000005c   Code   RO         9374    i.Shooter_RockerCtrl  shooter.o
    0x080115b4   0x080115b4   0x0000001c   Code   RO         9375    i.Shooter_StartFric_KeyCallback  shooter.o
    0x080115d0   0x080115d0   0x00000050   Code   RO         9376    i.Shooter_SwitchState_KeyCallback  shooter.o
    0x08011620   0x08011620   0x000000a8   Code   RO         9378    i.Shooter_state     shooter.o
    0x080116c8   0x080116c8   0x00000006   Code   RO        10251    i.Slope_GetVal      slope.o
    0x080116ce   0x080116ce   0x00000002   PAD
    0x080116d0   0x080116d0   0x00000020   Code   RO        10252    i.Slope_Init        slope.o
    0x080116f0   0x080116f0   0x0000009c   Code   RO        10253    i.Slope_NextVal     slope.o
    0x0801178c   0x0801178c   0x00000006   Code   RO        10255    i.Slope_SetTarget   slope.o
    0x08011792   0x08011792   0x00000002   PAD
    0x08011794   0x08011794   0x000000c0   Code   RO         9069    i.Spin_SpeedUpdate  chassis.o
    0x08011854   0x08011854   0x0000000c   Code   RO        11228    i.StartDefaultTask  userfreertos.o
    0x08011860   0x08011860   0x00000034   Code   RO         8537    i.SysTick_Handler   port.o
    0x08011894   0x08011894   0x000000bc   Code   RO           15    i.SystemClock_Config  main.o
    0x08011950   0x08011950   0x0000010c   Code   RO         7222    i.SystemInit        system_stm32h7xx.o
    0x08011a5c   0x08011a5c   0x00000010   Code   RO          903    i.TIM2_IRQHandler   stm32h7xx_it.o
    0x08011a6c   0x08011a6c   0x00000018   Code   RO          904    i.TIM8_BRK_TIM12_IRQHandler  stm32h7xx_it.o
    0x08011a84   0x08011a84   0x000000e8   Code   RO         1646    i.TIM_Base_SetConfig  stm32h7xx_hal_tim.o
    0x08011b6c   0x08011b6c   0x00000022   Code   RO         1647    i.TIM_CCxChannelCmd  stm32h7xx_hal_tim.o
    0x08011b8e   0x08011b8e   0x00000068   Code   RO         1650    i.TIM_DMADelayPulseCplt  stm32h7xx_hal_tim.o
    0x08011bf6   0x08011bf6   0x00000040   Code   RO         1651    i.TIM_DMADelayPulseHalfCplt  stm32h7xx_hal_tim.o
    0x08011c36   0x08011c36   0x0000005e   Code   RO         1652    i.TIM_DMAError      stm32h7xx_hal_tim.o
    0x08011c94   0x08011c94   0x000000ac   Code   RO         1659    i.TIM_OC1_SetConfig  stm32h7xx_hal_tim.o
    0x08011d40   0x08011d40   0x000000b4   Code   RO         1660    i.TIM_OC2_SetConfig  stm32h7xx_hal_tim.o
    0x08011df4   0x08011df4   0x000000b4   Code   RO         1661    i.TIM_OC3_SetConfig  stm32h7xx_hal_tim.o
    0x08011ea8   0x08011ea8   0x00000074   Code   RO         1662    i.TIM_OC4_SetConfig  stm32h7xx_hal_tim.o
    0x08011f1c   0x08011f1c   0x00000070   Code   RO         1663    i.TIM_OC5_SetConfig  stm32h7xx_hal_tim.o
    0x08011f8c   0x08011f8c   0x00000070   Code   RO         1664    i.TIM_OC6_SetConfig  stm32h7xx_hal_tim.o
    0x08011ffc   0x08011ffc   0x0000003a   Code   RO        11496    i.TIM_Set_PWM       bsp_pwm.o
    0x08012036   0x08012036   0x00000002   PAD
    0x08012038   0x08012038   0x00000168   Code   RO         9777    i.Task_CANMotors_Callback  moto.o
    0x080121a0   0x080121a0   0x00000120   Code   RO        10849    i.Task_Detect_Callback  detect.o
    0x080122c0   0x080122c0   0x0000019c   Code   RO         9245    i.Task_Gimbal_Callback  gimbal.o
    0x0801245c   0x0801245c   0x0000016c   Code   RO        11128    i.Task_RC_Callback  rc.o
    0x080125c8   0x080125c8   0x000004e4   Code   RO         9379    i.Task_Shooter_Callback  shooter.o
    0x08012aac   0x08012aac   0x00000108   Code   RO          905    i.UART5_IRQHandler  stm32h7xx_it.o
    0x08012bb4   0x08012bb4   0x00000058   Code   RO         7111    i.UARTEx_SetNbDataToProcess  stm32h7xx_hal_uart_ex.o
    0x08012c0c   0x08012c0c   0x000000f8   Code   RO         6715    i.UART_AdvFeatureConfig  stm32h7xx_hal_uart.o
    0x08012d04   0x08012d04   0x000000ea   Code   RO         6716    i.UART_CheckIdleState  stm32h7xx_hal_uart.o
    0x08012dee   0x08012dee   0x00000014   Code   RO         6717    i.UART_DMAAbortOnError  stm32h7xx_hal_uart.o
    0x08012e02   0x08012e02   0x0000005e   Code   RO         6718    i.UART_DMAError     stm32h7xx_hal_uart.o
    0x08012e60   0x08012e60   0x000000ae   Code   RO         6719    i.UART_DMAReceiveCplt  stm32h7xx_hal_uart.o
    0x08012f0e   0x08012f0e   0x00000026   Code   RO         6721    i.UART_DMARxHalfCplt  stm32h7xx_hal_uart.o
    0x08012f34   0x08012f34   0x00000054   Code   RO         6723    i.UART_DMATransmitCplt  stm32h7xx_hal_uart.o
    0x08012f88   0x08012f88   0x0000000e   Code   RO         6725    i.UART_DMATxHalfCplt  stm32h7xx_hal_uart.o
    0x08012f96   0x08012f96   0x00000002   PAD
    0x08012f98   0x08012f98   0x0000006c   Code   RO         6727    i.UART_EndRxTransfer  stm32h7xx_hal_uart.o
    0x08013004   0x08013004   0x00000030   Code   RO         6728    i.UART_EndTransmit_IT  stm32h7xx_hal_uart.o
    0x08013034   0x08013034   0x00000040   Code   RO         6729    i.UART_EndTxTransfer  stm32h7xx_hal_uart.o
    0x08013074   0x08013074   0x00000628   Code   RO         6734    i.UART_SetConfig    stm32h7xx_hal_uart.o
    0x0801369c   0x0801369c   0x000000c8   Code   RO         6735    i.UART_Start_Receive_DMA  stm32h7xx_hal_uart.o
    0x08013764   0x08013764   0x000000ac   Code   RO         6741    i.UART_WaitOnFlagUntilTimeout  stm32h7xx_hal_uart.o
    0x08013810   0x08013810   0x00000108   Code   RO          906    i.USART1_IRQHandler  stm32h7xx_it.o
    0x08013918   0x08013918   0x00000108   Code   RO          907    i.USART2_IRQHandler  stm32h7xx_it.o
    0x08013a20   0x08013a20   0x00000010   Code   RO          908    i.USART3_IRQHandler  stm32h7xx_it.o
    0x08013a30   0x08013a30   0x000000c4   Code   RO         8941    i.USBD_CDC_DataIn   usbd_cdc.o
    0x08013af4   0x08013af4   0x00000048   Code   RO         8942    i.USBD_CDC_DataOut  usbd_cdc.o
    0x08013b3c   0x08013b3c   0x000000d4   Code   RO         8943    i.USBD_CDC_DeInit   usbd_cdc.o
    0x08013c10   0x08013c10   0x00000050   Code   RO         8944    i.USBD_CDC_EP0_RxReady  usbd_cdc.o
    0x08013c60   0x08013c60   0x00000010   Code   RO         8945    i.USBD_CDC_GetDeviceQualifierDescriptor  usbd_cdc.o
    0x08013c70   0x08013c70   0x00000044   Code   RO         8946    i.USBD_CDC_GetFSCfgDesc  usbd_cdc.o
    0x08013cb4   0x08013cb4   0x00000048   Code   RO         8947    i.USBD_CDC_GetHSCfgDesc  usbd_cdc.o
    0x08013cfc   0x08013cfc   0x00000044   Code   RO         8948    i.USBD_CDC_GetOtherSpeedCfgDesc  usbd_cdc.o
    0x08013d40   0x08013d40   0x000001a0   Code   RO         8949    i.USBD_CDC_Init     usbd_cdc.o
    0x08013ee0   0x08013ee0   0x00000050   Code   RO         8950    i.USBD_CDC_ReceivePacket  usbd_cdc.o
    0x08013f30   0x08013f30   0x00000018   Code   RO         8951    i.USBD_CDC_RegisterInterface  usbd_cdc.o
    0x08013f48   0x08013f48   0x0000001e   Code   RO         8952    i.USBD_CDC_SetRxBuffer  usbd_cdc.o
    0x08013f66   0x08013f66   0x00000024   Code   RO         8953    i.USBD_CDC_SetTxBuffer  usbd_cdc.o
    0x08013f8a   0x08013f8a   0x00000140   Code   RO         8954    i.USBD_CDC_Setup    usbd_cdc.o
    0x080140ca   0x080140ca   0x00000002   PAD
    0x080140cc   0x080140cc   0x0000005c   Code   RO         8955    i.USBD_CDC_TransmitPacket  usbd_cdc.o
    0x08014128   0x08014128   0x0000001c   Code   RO         8616    i.USBD_ClrClassConfig  usbd_core.o
    0x08014144   0x08014144   0x0000003e   Code   RO         8779    i.USBD_ClrFeature   usbd_ctlreq.o
    0x08014182   0x08014182   0x00000006   Code   RO         8617    i.USBD_CoreFindEP   usbd_core.o
    0x08014188   0x08014188   0x00000006   Code   RO         8618    i.USBD_CoreFindIF   usbd_core.o
    0x0801418e   0x0801418e   0x00000018   Code   RO         8881    i.USBD_CtlContinueRx  usbd_ioreq.o
    0x080141a6   0x080141a6   0x00000018   Code   RO         8882    i.USBD_CtlContinueSendData  usbd_ioreq.o
    0x080141be   0x080141be   0x00000018   Code   RO         8780    i.USBD_CtlError     usbd_ctlreq.o
    0x080141d6   0x080141d6   0x00000028   Code   RO         8883    i.USBD_CtlPrepareRx  usbd_ioreq.o
    0x080141fe   0x080141fe   0x0000001a   Code   RO         8884    i.USBD_CtlReceiveStatus  usbd_ioreq.o
    0x08014218   0x08014218   0x00000022   Code   RO         8885    i.USBD_CtlSendData  usbd_ioreq.o
    0x0801423a   0x0801423a   0x0000001a   Code   RO         8886    i.USBD_CtlSendStatus  usbd_ioreq.o
    0x08014254   0x08014254   0x00000056   Code   RO         8781    i.USBD_GetConfig    usbd_ctlreq.o
    0x080142aa   0x080142aa   0x00000232   Code   RO         8782    i.USBD_GetDescriptor  usbd_ctlreq.o
    0x080144dc   0x080144dc   0x00000050   Code   RO         8620    i.USBD_GetEpDesc    usbd_core.o
    0x0801452c   0x0801452c   0x00000016   Code   RO         8783    i.USBD_GetLen       usbd_ctlreq.o
    0x08014542   0x08014542   0x00000014   Code   RO         8621    i.USBD_GetNextDesc  usbd_core.o
    0x08014556   0x08014556   0x0000005a   Code   RO         8784    i.USBD_GetStatus    usbd_ctlreq.o
    0x080145b0   0x080145b0   0x00000068   Code   RO         8785    i.USBD_GetString    usbd_ctlreq.o
    0x08014618   0x08014618   0x0000002c   Code   RO         1357    i.USBD_Get_USB_Status  usbd_conf.o
    0x08014644   0x08014644   0x00000034   Code   RO         1189    i.USBD_HS_ConfigStrDescriptor  usbd_desc.o
    0x08014678   0x08014678   0x00000010   Code   RO         1190    i.USBD_HS_DeviceDescriptor  usbd_desc.o
    0x08014688   0x08014688   0x00000038   Code   RO         1191    i.USBD_HS_InterfaceStrDescriptor  usbd_desc.o
    0x080146c0   0x080146c0   0x00000010   Code   RO         1192    i.USBD_HS_LangIDStrDescriptor  usbd_desc.o
    0x080146d0   0x080146d0   0x0000002c   Code   RO         1193    i.USBD_HS_ManufacturerStrDescriptor  usbd_desc.o
    0x080146fc   0x080146fc   0x00000040   Code   RO         1194    i.USBD_HS_ProductStrDescriptor  usbd_desc.o
    0x0801473c   0x0801473c   0x00000018   Code   RO         1195    i.USBD_HS_SerialStrDescriptor  usbd_desc.o
    0x08014754   0x08014754   0x0000003a   Code   RO         8622    i.USBD_Init         usbd_core.o
    0x0801478e   0x0801478e   0x00000026   Code   RO         1358    i.USBD_LL_ClearStallEP  usbd_conf.o
    0x080147b4   0x080147b4   0x00000026   Code   RO         1359    i.USBD_LL_CloseEP   usbd_conf.o
    0x080147da   0x080147da   0x00000108   Code   RO         8623    i.USBD_LL_DataInStage  usbd_core.o
    0x080148e2   0x080148e2   0x00000102   Code   RO         8624    i.USBD_LL_DataOutStage  usbd_core.o
    0x080149e4   0x080149e4   0x00000006   Code   RO         8625    i.USBD_LL_DevConnected  usbd_core.o
    0x080149ea   0x080149ea   0x00000026   Code   RO         8626    i.USBD_LL_DevDisconnected  usbd_core.o
    0x08014a10   0x08014a10   0x00000012   Code   RO         1363    i.USBD_LL_GetRxDataSize  usbd_conf.o
    0x08014a22   0x08014a22   0x00000002   PAD
    0x08014a24   0x08014a24   0x00000070   Code   RO         1364    i.USBD_LL_Init      usbd_conf.o
    0x08014a94   0x08014a94   0x00000038   Code   RO         1365    i.USBD_LL_IsStallEP  usbd_conf.o
    0x08014acc   0x08014acc   0x00000048   Code   RO         8627    i.USBD_LL_IsoINIncomplete  usbd_core.o
    0x08014b14   0x08014b14   0x00000048   Code   RO         8628    i.USBD_LL_IsoOUTIncomplete  usbd_core.o
    0x08014b5c   0x08014b5c   0x00000030   Code   RO         1366    i.USBD_LL_OpenEP    usbd_conf.o
    0x08014b8c   0x08014b8c   0x00000030   Code   RO         1367    i.USBD_LL_PrepareReceive  usbd_conf.o
    0x08014bbc   0x08014bbc   0x0000006c   Code   RO         8629    i.USBD_LL_Reset     usbd_core.o
    0x08014c28   0x08014c28   0x00000016   Code   RO         8630    i.USBD_LL_Resume    usbd_core.o
    0x08014c3e   0x08014c3e   0x00000028   Code   RO         8631    i.USBD_LL_SOF       usbd_core.o
    0x08014c66   0x08014c66   0x00000008   Code   RO         8632    i.USBD_LL_SetSpeed  usbd_core.o
    0x08014c6e   0x08014c6e   0x00000026   Code   RO         1368    i.USBD_LL_SetUSBAddress  usbd_conf.o
    0x08014c94   0x08014c94   0x00000076   Code   RO         8633    i.USBD_LL_SetupStage  usbd_core.o
    0x08014d0a   0x08014d0a   0x00000026   Code   RO         1369    i.USBD_LL_StallEP   usbd_conf.o
    0x08014d30   0x08014d30   0x0000001e   Code   RO         1370    i.USBD_LL_Start     usbd_conf.o
    0x08014d4e   0x08014d4e   0x0000001c   Code   RO         8634    i.USBD_LL_Suspend   usbd_core.o
    0x08014d6a   0x08014d6a   0x00000030   Code   RO         1372    i.USBD_LL_Transmit  usbd_conf.o
    0x08014d9a   0x08014d9a   0x00000036   Code   RO         8786    i.USBD_ParseSetupRequest  usbd_ctlreq.o
    0x08014dd0   0x08014dd0   0x00000048   Code   RO         8635    i.USBD_RegisterClass  usbd_core.o
    0x08014e18   0x08014e18   0x00000006   Code   RO         8636    i.USBD_RunTestMode  usbd_core.o
    0x08014e1e   0x08014e1e   0x0000005a   Code   RO         8787    i.USBD_SetAddress   usbd_ctlreq.o
    0x08014e78   0x08014e78   0x00000020   Code   RO         8637    i.USBD_SetClassConfig  usbd_core.o
    0x08014e98   0x08014e98   0x00000104   Code   RO         8788    i.USBD_SetConfig    usbd_ctlreq.o
    0x08014f9c   0x08014f9c   0x00000038   Code   RO         8789    i.USBD_SetFeature   usbd_ctlreq.o
    0x08014fd4   0x08014fd4   0x0000000c   Code   RO         8638    i.USBD_Start        usbd_core.o
    0x08014fe0   0x08014fe0   0x000000ae   Code   RO         8790    i.USBD_StdDevReq    usbd_ctlreq.o
    0x0801508e   0x0801508e   0x00000280   Code   RO         8791    i.USBD_StdEPReq     usbd_ctlreq.o
    0x0801530e   0x0801530e   0x000000ae   Code   RO         8792    i.USBD_StdItfReq    usbd_ctlreq.o
    0x080153bc   0x080153bc   0x00000002   Code   RO         1373    i.USBD_static_free  usbd_conf.o
    0x080153be   0x080153be   0x00000002   PAD
    0x080153c0   0x080153c0   0x0000000c   Code   RO         1374    i.USBD_static_malloc  usbd_conf.o
    0x080153cc   0x080153cc   0x000000d0   Code   RO         2891    i.USB_ActivateEndpoint  stm32h7xx_ll_usb.o
    0x0801549c   0x0801549c   0x00000028   Code   RO         2893    i.USB_ActivateSetup  stm32h7xx_ll_usb.o
    0x080154c4   0x080154c4   0x000000a0   Code   RO         2895    i.USB_CoreInit      stm32h7xx_ll_usb.o
    0x08015564   0x08015564   0x00000054   Code   RO         2896    i.USB_CoreReset     stm32h7xx_ll_usb.o
    0x080155b8   0x080155b8   0x0000014c   Code   RO         2899    i.USB_DeactivateEndpoint  stm32h7xx_ll_usb.o
    0x08015704   0x08015704   0x00000024   Code   RO         2900    i.USB_DevConnect    stm32h7xx_ll_usb.o
    0x08015728   0x08015728   0x00000024   Code   RO         2901    i.USB_DevDisconnect  stm32h7xx_ll_usb.o
    0x0801574c   0x0801574c   0x000001e0   Code   RO         2902    i.USB_DevInit       stm32h7xx_ll_usb.o
    0x0801592c   0x0801592c   0x0000000e   Code   RO         2903    i.USB_DisableGlobalInt  stm32h7xx_ll_usb.o
    0x0801593a   0x0801593a   0x00000002   PAD
    0x0801593c   0x0801593c   0x00000070   Code   RO         2906    i.USB_EP0_OutStart  stm32h7xx_ll_usb.o
    0x080159ac   0x080159ac   0x0000008e   Code   RO         2907    i.USB_EPClearStall  stm32h7xx_ll_usb.o
    0x08015a3a   0x08015a3a   0x0000009a   Code   RO         2908    i.USB_EPSetStall    stm32h7xx_ll_usb.o
    0x08015ad4   0x08015ad4   0x000003c0   Code   RO         2909    i.USB_EPStartXfer   stm32h7xx_ll_usb.o
    0x08015e94   0x08015e94   0x000000ec   Code   RO         2910    i.USB_EPStopXfer    stm32h7xx_ll_usb.o
    0x08015f80   0x08015f80   0x0000000e   Code   RO         2911    i.USB_EnableGlobalInt  stm32h7xx_ll_usb.o
    0x08015f8e   0x08015f8e   0x00000050   Code   RO         2912    i.USB_FlushRxFifo   stm32h7xx_ll_usb.o
    0x08015fde   0x08015fde   0x00000054   Code   RO         2913    i.USB_FlushTxFifo   stm32h7xx_ll_usb.o
    0x08016032   0x08016032   0x00000026   Code   RO         2915    i.USB_GetDevSpeed   stm32h7xx_ll_usb.o
    0x08016058   0x08016058   0x0000000a   Code   RO         2917    i.USB_GetMode       stm32h7xx_ll_usb.o
    0x08016062   0x08016062   0x00000014   Code   RO         2925    i.USB_ReadDevAllInEpInterrupt  stm32h7xx_ll_usb.o
    0x08016076   0x08016076   0x00000014   Code   RO         2926    i.USB_ReadDevAllOutEpInterrupt  stm32h7xx_ll_usb.o
    0x0801608a   0x0801608a   0x00000032   Code   RO         2927    i.USB_ReadDevInEPInterrupt  stm32h7xx_ll_usb.o
    0x080160bc   0x080160bc   0x0000001a   Code   RO         2928    i.USB_ReadDevOutEPInterrupt  stm32h7xx_ll_usb.o
    0x080160d6   0x080160d6   0x0000000a   Code   RO         2929    i.USB_ReadInterrupts  stm32h7xx_ll_usb.o
    0x080160e0   0x080160e0   0x00000060   Code   RO         2930    i.USB_ReadPacket    stm32h7xx_ll_usb.o
    0x08016140   0x08016140   0x00000068   Code   RO         2932    i.USB_SetCurrentMode  stm32h7xx_ll_usb.o
    0x080161a8   0x080161a8   0x0000002a   Code   RO         2933    i.USB_SetDevAddress  stm32h7xx_ll_usb.o
    0x080161d2   0x080161d2   0x00000012   Code   RO         2934    i.USB_SetDevSpeed   stm32h7xx_ll_usb.o
    0x080161e4   0x080161e4   0x000000e8   Code   RO         2935    i.USB_SetTurnaroundTime  stm32h7xx_ll_usb.o
    0x080162cc   0x080162cc   0x00000044   Code   RO         2938    i.USB_WritePacket   stm32h7xx_ll_usb.o
    0x08016310   0x08016310   0x00000080   Code   RO         9921    i.USER_CAN_Send     user_can.o
    0x08016390   0x08016390   0x00000054   Code   RO         9923    i.USER_CAN_SetMotorCurrent  user_can.o
    0x080163e4   0x080163e4   0x00000038   Code   RO         9928    i.USER_CAN_SetMotorTorque  user_can.o
    0x0801641c   0x0801641c   0x00000004   Code   RO          909    i.UsageFault_Handler  stm32h7xx_it.o
    0x08016420   0x08016420   0x0000000c   Code   RO        11533    i.User_Imu_GetPitch  ins_task.o
    0x0801642c   0x0801642c   0x0000000c   Code   RO        11535    i.User_Imu_GetYaw   ins_task.o
    0x08016438   0x08016438   0x00000024   Code   RO        11539    i.User_Imu_Get_Y_Gyro  ins_task.o
    0x0801645c   0x0801645c   0x00000024   Code   RO        11541    i.User_Imu_Get_Z_Gyro  ins_task.o
    0x08016480   0x08016480   0x00000040   Code   RO        10797    i.Verify_CRC16_Check_Sum  crc.o
    0x080164c0   0x080164c0   0x00000030   Code   RO        10798    i.Verify_CRC8_Check_Sum  crc.o
    0x080164f0   0x080164f0   0x00000048   Code   RO         9503    i.Vision_DataReceive  vision.o
    0x08016538   0x08016538   0x00000024   Code   RO         9504    i.Vision_DataTransmit  vision.o
    0x0801655c   0x0801655c   0x000000b0   Code   RO         9505    i.Vision_DataUpdate  vision.o
    0x0801660c   0x0801660c   0x00000014   Code   RO         9507    i.Vision_Init       vision.o
    0x08016620   0x08016620   0x0000022c   Code   RO         9508    i.Vision_ParseData  vision.o
    0x0801684c   0x0801684c   0x00000002   Code   RO         9509    i.Vision_RegisterEvents  vision.o
    0x0801684e   0x0801684e   0x00000026   Code   RO        18640    i.__ARM_fpclassifyf  m_wv.l(fpclassifyf.o)
    0x08016874   0x08016874   0x00000010   Code   RO         4637    i.__NVIC_GetPriorityGrouping  stm32h7xx_hal_cortex.o
    0x08016884   0x08016884   0x00000028   Code   RO         4638    i.__NVIC_SetPriority  stm32h7xx_hal_cortex.o
    0x080168ac   0x080168ac   0x00000124   Code   RO        18355    i.__hardfp_acosf    m_wv.l(acosf.o)
    0x080169d0   0x080169d0   0x00000138   Code   RO        18367    i.__hardfp_asinf    m_wv.l(asinf.o)
    0x08016b08   0x08016b08   0x00000258   Code   RO        18379    i.__hardfp_atan2f   m_wv.l(atan2f.o)
    0x08016d60   0x08016d60   0x0000003a   Code   RO        18509    i.__hardfp_sqrtf    m_wv.l(sqrtf.o)
    0x08016d9a   0x08016d9a   0x00000006   Code   RO        18643    i.__mathlib_flt_infnan  m_wv.l(funder.o)
    0x08016da0   0x08016da0   0x00000006   Code   RO        18644    i.__mathlib_flt_infnan2  m_wv.l(funder.o)
    0x08016da6   0x08016da6   0x00000002   PAD
    0x08016da8   0x08016da8   0x00000010   Code   RO        18645    i.__mathlib_flt_invalid  m_wv.l(funder.o)
    0x08016db8   0x08016db8   0x00000010   Code   RO        18648    i.__mathlib_flt_underflow  m_wv.l(funder.o)
    0x08016dc8   0x08016dc8   0x00000084   Code   RO        13292    i.arm_cos_f32       fastmathfunctions.o
    0x08016e4c   0x08016e4c   0x0000002a   Code   RO        14689    i.arm_mat_add_f32   matrixfunctions.o
    0x08016e76   0x08016e76   0x00000008   Code   RO        14700    i.arm_mat_init_f32  matrixfunctions.o
    0x08016e7e   0x08016e7e   0x00000002   PAD
    0x08016e80   0x08016e80   0x000002b8   Code   RO        14704    i.arm_mat_inverse_f32  matrixfunctions.o
    0x08017138   0x08017138   0x00000070   Code   RO        14708    i.arm_mat_mult_f32  matrixfunctions.o
    0x080171a8   0x080171a8   0x0000002a   Code   RO        14725    i.arm_mat_sub_f32   matrixfunctions.o
    0x080171d2   0x080171d2   0x00000032   Code   RO        14729    i.arm_mat_trans_f32  matrixfunctions.o
    0x08017204   0x08017204   0x00000080   Code   RO        13297    i.arm_sin_f32       fastmathfunctions.o
    0x08017284   0x08017284   0x0000016c   Code   RO        11292    i.bmi088_accel_init  bmi088driver.o
    0x080173f0   0x080173f0   0x00000130   Code   RO        11293    i.bmi088_gyro_init  bmi088driver.o
    0x08017520   0x08017520   0x00000022   Code   RO         9929    i.check_can_bus     user_can.o
    0x08017542   0x08017542   0x00000002   PAD
    0x08017544   0x08017544   0x00000024   Code   RO         9930    i.clear_error_state  user_can.o
    0x08017568   0x08017568   0x000000f0   Code   RO        10674    i.f_Changing_Integration_Rate  controller.o
    0x08017658   0x08017658   0x00000056   Code   RO        10675    i.f_Derivative_Filter  controller.o
    0x080176ae   0x080176ae   0x000000f4   Code   RO        10676    i.f_Derivative_On_Measurement  controller.o
    0x080177a2   0x080177a2   0x00000002   PAD
    0x080177a4   0x080177a4   0x000000ec   Code   RO        10677    i.f_Integral_Limit  controller.o
    0x08017890   0x08017890   0x00000056   Code   RO        10678    i.f_Output_Filter   controller.o
    0x080178e6   0x080178e6   0x00000046   Code   RO        10679    i.f_Output_Limit    controller.o
    0x0801792c   0x0801792c   0x000000b4   Code   RO        10680    i.f_PID_ErrorHandle  controller.o
    0x080179e0   0x080179e0   0x00000046   Code   RO        10681    i.f_Proportion_Limit  controller.o
    0x08017a26   0x08017a26   0x00000080   Code   RO        10682    i.f_Trapezoid_Intergral  controller.o
    0x08017aa6   0x08017aa6   0x0000002a   Code   RO        10537    i.float_constrain   user_lib.o
    0x08017ad0   0x08017ad0   0x00000048   Code   RO        10539    i.float_rounding    user_lib.o
    0x08017b18   0x08017b18   0x00000010   Code   RO         8100    i.inHandlerMode     cmsis_os.o
    0x08017b28   0x08017b28   0x0000003c   Code   RO        10424    i.invSqrt           quaternionekf.o
    0x08017b64   0x08017b64   0x0000003c   Code   RO        11129    i.judge             rc.o
    0x08017ba0   0x08017ba0   0x000000ac   Code   RO         9931    i.lk_motor_init     user_can.o
    0x08017c4c   0x08017c4c   0x00000088   Code   RO           16    i.main              main.o
    0x08017cd4   0x08017cd4   0x0000000e   Code   RO         8102    i.makeFreeRtosPriority  cmsis_os.o
    0x08017ce2   0x08017ce2   0x00000018   Code   RO         8104    i.osDelay           cmsis_os.o
    0x08017cfa   0x08017cfa   0x0000000a   Code   RO         8107    i.osKernelStart     cmsis_os.o
    0x08017d04   0x08017d04   0x0000005e   Code   RO         8141    i.osThreadCreate    cmsis_os.o
    0x08017d62   0x08017d62   0x00000002   PAD
    0x08017d64   0x08017d64   0x00000034   Code   RO         8145    i.osThreadResume    cmsis_os.o
    0x08017d98   0x08017d98   0x000000a4   Code   RO         7751    i.prvAddCurrentTaskToDelayedList  tasks.o
    0x08017e3c   0x08017e3c   0x000000b4   Code   RO         7752    i.prvAddNewTaskToReadyList  tasks.o
    0x08017ef0   0x08017ef0   0x00000048   Code   RO         7753    i.prvCheckTasksWaitingTermination  tasks.o
    0x08017f38   0x08017f38   0x00000050   Code   RO         7754    i.prvDeleteTCB      tasks.o
    0x08017f88   0x08017f88   0x0000007c   Code   RO         8469    i.prvHeapInit       heap_4.o
    0x08018004   0x08018004   0x00000028   Code   RO         7755    i.prvIdleTask       tasks.o
    0x0801802c   0x0801802c   0x000000b8   Code   RO         7756    i.prvInitialiseNewTask  tasks.o
    0x080180e4   0x080180e4   0x00000068   Code   RO         7757    i.prvInitialiseTaskLists  tasks.o
    0x0801814c   0x0801814c   0x00000068   Code   RO         8470    i.prvInsertBlockIntoFreeList  heap_4.o
    0x080181b4   0x080181b4   0x00000034   Code   RO         7758    i.prvResetNextTaskUnblockTime  tasks.o
    0x080181e8   0x080181e8   0x00000040   Code   RO         8538    i.prvTaskExitError  port.o
    0x08018228   0x08018228   0x00000058   Code   RO         7760    i.prvTaskIsTaskSuspended  tasks.o
    0x08018280   0x08018280   0x0000014c   Code   RO         8471    i.pvPortMalloc      heap_4.o
    0x080183cc   0x080183cc   0x0000002c   Code   RO         8539    i.pxPortInitialiseStack  port.o
    0x080183f8   0x080183f8   0x00000024   Code   RO         9932    i.read_lk_state2    user_can.o
    0x0801841c   0x0801841c   0x0000003e   Code   RO        18511    i.sqrtf             m_wv.l(sqrtf.o)
    0x0801845a   0x0801845a   0x00000028   Code   RO         7364    i.uxListRemove      list.o
    0x08018482   0x08018482   0x00000002   PAD
    0x08018484   0x08018484   0x00000018   Code   RO          492    i.vApplicationGetIdleTaskMemory  freertos.o
    0x0801849c   0x0801849c   0x0000001a   Code   RO         7365    i.vListInitialise   list.o
    0x080184b6   0x080184b6   0x00000006   Code   RO         7366    i.vListInitialiseItem  list.o
    0x080184bc   0x080184bc   0x00000034   Code   RO         7367    i.vListInsert       list.o
    0x080184f0   0x080184f0   0x00000018   Code   RO         7368    i.vListInsertEnd    list.o
    0x08018508   0x08018508   0x00000054   Code   RO         8541    i.vPortEnterCritical  port.o
    0x0801855c   0x0801855c   0x0000003c   Code   RO         8542    i.vPortExitCritical  port.o
    0x08018598   0x08018598   0x000000a4   Code   RO         8472    i.vPortFree         heap_4.o
    0x0801863c   0x0801863c   0x00000028   Code   RO         8543    i.vPortSetupTimerInterrupt  port.o
    0x08018664   0x08018664   0x00000078   Code   RO         8544    i.vPortValidateInterruptPriority  port.o
    0x080186dc   0x080186dc   0x0000005c   Code   RO         7768    i.vTaskDelay        tasks.o
    0x08018738   0x08018738   0x00000090   Code   RO         7779    i.vTaskResume       tasks.o
    0x080187c8   0x080187c8   0x000000b0   Code   RO         7781    i.vTaskStartScheduler  tasks.o
    0x08018878   0x08018878   0x000000f4   Code   RO         7782    i.vTaskSuspend      tasks.o
    0x0801896c   0x0801896c   0x00000010   Code   RO         7783    i.vTaskSuspendAll   tasks.o
    0x0801897c   0x0801897c   0x0000008c   Code   RO         7784    i.vTaskSwitchContext  tasks.o
    0x08018a08   0x08018a08   0x00000168   Code   RO         8545    i.xPortStartScheduler  port.o
    0x08018b70   0x08018b70   0x00000064   Code   RO         7788    i.xTaskCreate       tasks.o
    0x08018bd4   0x08018bd4   0x000000ba   Code   RO         7789    i.xTaskCreateStatic  tasks.o
    0x08018c8e   0x08018c8e   0x00000002   PAD
    0x08018c90   0x08018c90   0x00000128   Code   RO         7790    i.xTaskGenericNotify  tasks.o
    0x08018db8   0x08018db8   0x00000148   Code   RO         7797    i.xTaskIncrementTick  tasks.o
    0x08018f00   0x08018f00   0x00000104   Code   RO         7803    i.xTaskResumeAll    tasks.o
    0x08019004   0x08019004   0x000000b4   Code   RO         7804    i.xTaskResumeFromISR  tasks.o
    0x080190b8   0x080190b8   0x0000000a   Code   RO        18717    x$fpl$fpinit        fz_wv.l(fpinit.o)
    0x080190c2   0x080190c2   0x00000000   Code   RO        18620    x$fpl$usenofp       fz_wv.l(usenofp.o)
    0x080190c2   0x080190c2   0x00000002   PAD
    0x080190c4   0x080190c4   0x000001dc   Data   RO          494    .constdata          freertos.o
    0x080192a0   0x080192a0   0x00000008   Data   RO         3938    .constdata          stm32h7xx_hal_dma.o
    0x080192a8   0x080192a8   0x0000005c   Data   RO         5820    .constdata          stm32h7xx_hal_fdcan.o
    0x08019304   0x08019304   0x00000018   Data   RO         6742    .constdata          stm32h7xx_hal_uart.o
    0x0801931c   0x0801931c   0x00000010   Data   RO         7113    .constdata          stm32h7xx_hal_uart_ex.o
    0x0801932c   0x0801932c   0x00000010   Data   RO         7223    .constdata          system_stm32h7xx.o
    0x0801933c   0x0801933c   0x0000000c   Data   RO         9382    .constdata          shooter.o
    0x08019348   0x08019348   0x00000014   Data   RO         9630    .constdata          beep.o
    0x0801935c   0x0801935c   0x00000090   Data   RO        10426    .constdata          quaternionekf.o
    0x080193ec   0x080193ec   0x00000302   Data   RO        10799    .constdata          crc.o
    0x080196ee   0x080196ee   0x00000002   PAD
    0x080196f0   0x080196f0   0x00000340   Data   RO        11229    .constdata          userfreertos.o
    0x08019a30   0x08019a30   0x00000030   Data   RO        11543    .constdata          ins_task.o
    0x08019a60   0x08019a60   0x00000804   Data   RO        12468    .constdata          commontables.o
    0x0801a264   0x0801a264   0x000000c4   Data   RO          495    .conststring        freertos.o
    0x0801a328   0x0801a328   0x00000020   Data   RO        18812    Region$$Table       anon$$obj.o


    Execution Region RW_IRAM2 (Exec base: 0x24000000, Load base: 0x0801a348, Size: 0x000251e0, Max: 0x00050000, ABSOLUTE, COMPRESSED[0x000001bc])

    Exec Addr    Load Addr    Size         Type   Attr      Idx    E Section Name        Object

    0x24000000   COMPRESSED   0x00000044   Data   RW          496    .data               freertos.o
    0x24000044   COMPRESSED   0x00000004   Data   RW          653    .data               fdcan.o
    0x24000048   COMPRESSED   0x0000005e   Data   RW         1198    .data               usbd_desc.o
    0x240000a6   COMPRESSED   0x00000002   PAD
    0x240000a8   COMPRESSED   0x00000014   Data   RW         1290    .data               usbd_cdc_if.o
    0x240000bc   COMPRESSED   0x00000009   Data   RW         4828    .data               stm32h7xx_hal.o
    0x240000c5   COMPRESSED   0x00000003   PAD
    0x240000c8   COMPRESSED   0x00000008   Data   RW         7224    .data               system_stm32h7xx.o
    0x240000d0   COMPRESSED   0x0000003c   Data   RW         7806    .data               tasks.o
    0x2400010c   COMPRESSED   0x00000020   Data   RW         8478    .data               heap_4.o
    0x2400012c   COMPRESSED   0x0000000c   Data   RW         8546    .data               port.o
    0x24000138   COMPRESSED   0x00000001   Data   RW         8793    .data               usbd_ctlreq.o
    0x24000139   COMPRESSED   0x00000003   PAD
    0x2400013c   COMPRESSED   0x0000008a   Data   RW         8956    .data               usbd_cdc.o
    0x240001c6   COMPRESSED   0x00000002   PAD
    0x240001c8   COMPRESSED   0x00000030   Data   RW         9072    .data               chassis.o
    0x240001f8   COMPRESSED   0x0000000a   Data   RW         9247    .data               gimbal.o
    0x24000202   COMPRESSED   0x00000002   PAD
    0x24000204   COMPRESSED   0x00000013   Data   RW         9383    .data               shooter.o
    0x24000217   COMPRESSED   0x00000001   PAD
    0x24000218   COMPRESSED   0x00000060   Data   RW         9513    .data               vision.o
    0x24000278   COMPRESSED   0x00000040   Data   RW         9702    .data               bsp_dwt.o
    0x240002b8   COMPRESSED   0x00000014   Data   RW         9781    .data               moto.o
    0x240002cc   COMPRESSED   0x00000006   Data   RW         9936    .data               user_can.o
    0x240002d2   COMPRESSED   0x00000004   Data   RW        10350    .data               kalman_filter.o
    0x240002d6   COMPRESSED   0x00000002   PAD
    0x240002d8   COMPRESSED   0x000000d4   Data   RW        10427    .data               quaternionekf.o
    0x240003ac   COMPRESSED   0x00000018   Data   RW        10547    .data               user_lib.o
    0x240003c4   COMPRESSED   0x00000270   Data   RW        10683    .data               controller.o
    0x24000634   COMPRESSED   0x00000002   Data   RW        10800    .data               crc.o
    0x24000636   COMPRESSED   0x00000036   Data   RW        10935    .data               judge.o
    0x2400066c   COMPRESSED   0x0000001f   Data   RW        11068    .data               board2board.o
    0x2400068b   COMPRESSED   0x00000001   PAD
    0x2400068c   COMPRESSED   0x0000001c   Data   RW        11131    .data               rc.o
    0x240006a8   COMPRESSED   0x00000048   Data   RW        11295    .data               bmi088driver.o
    0x240006f0   COMPRESSED   0x00000004   Data   RW        11372    .data               bmi088middleware.o
    0x240006f4   COMPRESSED   0x00000048   Data   RW        11544    .data               ins_task.o
    0x2400073c        -       0x00000254   Zero   RW          493    .bss                freertos.o
    0x24000990        -       0x000001e0   Zero   RW          652    .bss                fdcan.o
    0x24000b70        -       0x00000178   Zero   RW          723    .bss                spi.o
    0x24000ce8        -       0x0000015c   Zero   RW          768    .bss                tim.o
    0x24000e44        -       0x000004a8   Zero   RW          828    .bss                usart.o
    0x240012ec        -       0x0000004c   Zero   RW         1103    .bss                stm32h7xx_hal_timebase_tim.o
    0x24001338        -       0x000002dc   Zero   RW         1140    .bss                usb_device.o
    0x24001614        -       0x00000200   Zero   RW         1197    .bss                usbd_desc.o
    0x24001814        -       0x00001000   Zero   RW         1289    .bss                usbd_cdc_if.o
    0x24002814        -       0x00000704   Zero   RW         1375    .bss                usbd_conf.o
    0x24002f18        -       0x000000f0   Zero   RW         7805    .bss                tasks.o
    0x24003008        -       0x000186a0   Zero   RW         8477    .bss                heap_4.o
    0x2401b6a8        -       0x00000674   Zero   RW         9071    .bss                chassis.o
    0x2401bd1c        -       0x00000a74   Zero   RW         9246    .bss                gimbal.o
    0x2401c790        -       0x000005f0   Zero   RW         9381    .bss                shooter.o
    0x2401cd80        -       0x00000072   Zero   RW         9512    .bss                vision.o
    0x2401cdf2   COMPRESSED   0x00000002   PAD
    0x2401cdf4        -       0x000000dc   Zero   RW         9629    .bss                beep.o
    0x2401ced0        -       0x0000002c   Zero   RW         9875    .bss                super_cap.o
    0x2401cefc        -       0x00000010   Zero   RW         9935    .bss                user_can.o
    0x2401cf0c   COMPRESSED   0x00000004   PAD
    0x2401cf10        -       0x00000270   Zero   RW        10425    .bss                quaternionekf.o
    0x2401d180        -       0x00000168   Zero   RW        10850    .bss                detect.o
    0x2401d2e8        -       0x00000660   Zero   RW        10934    .bss                judge.o
    0x2401d948        -       0x000000c0   Zero   RW        11067    .bss                board2board.o
    0x2401da08        -       0x000015f0   Zero   RW        11130    .bss                rc.o
    0x2401eff8        -       0x00000040   Zero   RW        11294    .bss                bmi088driver.o
    0x2401f038        -       0x00000146   Zero   RW        11542    .bss                ins_task.o
    0x2401f17e   COMPRESSED   0x00000002   PAD
    0x2401f180        -       0x00000060   Zero   RW        18676    .bss                c_w.l(libspace.o)
    0x2401f1e0        -       0x00003000   Zero   RW            2    HEAP                startup_stm32h723xx.o
    0x240221e0        -       0x00003000   Zero   RW            1    STACK               startup_stm32h723xx.o


==============================================================================

Image component sizes


      Code (inc. data)   RO Data    RW Data    ZI Data      Debug   Object Name

       132         30         20          0        220       3304   beep.o
      2890        182          0         72         64      10729   bmi088driver.o
       116         30          0          4          0       3592   bmi088middleware.o
      1932        192          0         31        192       5294   board2board.o
       580        112          0         64          0       5090   bsp_dwt.o
        58          0          0          0          0       1002   bsp_pwm.o
      2170        354          0         48       1652      14700   chassis.o
       210          6          0          0          0      30268   cmsis_os.o
         0          0       2052          0          0      13593   commontables.o
      2056         32          0        624          0      11949   controller.o
       248         18        770          2          0       4546   crc.o
       786         62          0          0        360       6922   detect.o
       192          6          0          0          0        974   dma.o
         0          0          0          0          0      17064   event_groups.o
       260         28          0          0          0       1796   fastmathfunctions.o
       972         58          0          4        480       3805   fdcan.o
       144         10          0          0          0       1778   filter.o
       532         86        672         68        596       9399   freertos.o
      2372        234          0         10       2676      14869   gimbal.o
       268         12          0          0          0       1183   gpio.o
       724         76          0         32     100000       7871   heap_4.o
      2564        204         48         72        326      13917   ins_task.o
       102         32          0         54       1632      11178   judge.o
      3160         26          0          4          0       9591   kalman_filter.o
       148          0          0          0          0       3962   list.o
       348         10          0          0          0    1300373   main.o
       950         10          0          0          0      11772   matrixfunctions.o
       730         62          0         20          0       7673   moto.o
       140          0          0          0          0       3033   myqueue.o
      1096         30          0          0          0       7967   pid.o
      1014         92          0         12          0      12773   port.o
      4148        234        144        212        624       8658   quaternionekf.o
      4320        232          0         28       5616      13983   rc.o
      2612        288         12         19       1520      12293   shooter.o
       200          6          0          0          0       3330   slope.o
        22          0          0          0          0       1578   smc.o
       476         36          0          0        376       2243   spi.o
        72         30        716          0      24576        908   startup_stm32h723xx.o
       192         40          0          9          0      24054   stm32h7xx_hal.o
       326         30          0          0          0      40369   stm32h7xx_hal_cortex.o
      8650        164          8          0          0      13986   stm32h7xx_hal_dma.o
      3766         54         92          0          0      25894   stm32h7xx_hal_fdcan.o
       508         50          0          0          0       2300   stm32h7xx_hal_gpio.o
        48          6          0          0          0        938   stm32h7xx_hal_msp.o
      3630         16          0          0          0      14756   stm32h7xx_hal_pcd.o
       130          4          0          0          0       3393   stm32h7xx_hal_pcd_ex.o
       116         12          0          0          0       1470   stm32h7xx_hal_pwr_ex.o
      3496        120          0          0          0       7977   stm32h7xx_hal_rcc.o
      5140        112          0          0          0       7657   stm32h7xx_hal_rcc_ex.o
      2536         30          0          0          0      11029   stm32h7xx_hal_spi.o
      4048        364          0          0          0      20823   stm32h7xx_hal_tim.o
       434         46          0          0          0       4420   stm32h7xx_hal_tim_ex.o
       160         18          0          0         76       1719   stm32h7xx_hal_timebase_tim.o
      4570        178         24          0          0      39162   stm32h7xx_hal_uart.o
       610         14         16          0          0       7912   stm32h7xx_hal_uart_ex.o
      1126        182          0          0          0      15820   stm32h7xx_it.o
      3906         90          0          0          0      24740   stm32h7xx_ll_usb.o
         0          0          0          0          0        440   stream_buffer.o
       328         24          0          0         44       2407   super_cap.o
       304         38         16          8          0       2041   system_stm32h7xx.o
      3126        374          0         60        240      26968   tasks.o
       924         80          0          0        348       4521   tim.o
        48          0          0          0          0       1161   trigger_about.o
      1516        116          0          0       1192       4968   usart.o
        80         16          0          0        732       2775   usb_device.o
      1782         54          0        138          0      15381   usbd_cdc.o
       212         22          0         20       4096       4800   usbd_cdc_if.o
       956         30          0          0       1796      19300   usbd_conf.o
      1354          0          0          0          0      17957   usbd_core.o
      2416         22          0          1          0      18964   usbd_ctlreq.o
       386        122          0         94        512       7621   usbd_desc.o
       174          0          0          0          0       5144   usbd_ioreq.o
      1184        122          0          6         16      10987   user_can.o
       698         20          0         24          0       6508   user_lib.o
       300         42        832          0          0       8943   userfreertos.o
       890        114          0         96        114      13915   vision.o

    ----------------------------------------------------------------------
     98896       5546       5456       1852     150084    2038180   Object Totals
         0          0         32          0          0          0   (incl. Generated)
        82          0          2         16          8          0   (incl. Padding)

    ----------------------------------------------------------------------

      Code (inc. data)   RO Data    RW Data    ZI Data      Debug   Library Member Name

        90          0          0          0          0          0   __dczerorl2.o
         8          0          0          0          0         68   __main.o
         0          0          0          0          0          0   __rtentry.o
        12          0          0          0          0          0   __rtentry2.o
         6          0          0          0          0          0   __rtentry4.o
        52          8          0          0          0          0   __scatter.o
        28          0          0          0          0          0   __scatter_zi.o
        22          0          0          0          0        100   _rserrno.o
        10          0          0          0          0         68   defsig_exit.o
        50          0          0          0          0         88   defsig_general.o
        80         58          0          0          0         76   defsig_rtmem_inner.o
        14          0          0          0          0         80   defsig_rtmem_outer.o
        18          0          0          0          0         80   exit.o
        94          0          0          0          0         80   h1_alloc.o
        52          0          0          0          0         68   h1_extend.o
        78          0          0          0          0         80   h1_free.o
        14          0          0          0          0         84   h1_init.o
         6          0          0          0          0        152   heapauxi.o
         4          0          0          0          0        136   hguard.o
         0          0          0          0          0          0   indicate_semi.o
       138          0          0          0          0        168   init_alloc.o
         2          0          0          0          0          0   libinit.o
        14          0          0          0          0          0   libinit2.o
         2          0          0          0          0          0   libshutdown.o
         2          0          0          0          0          0   libshutdown2.o
         8          4          0          0         96         68   libspace.o
       238          0          0          0          0        100   lludivv7m.o
         0          0          0          0          0          0   maybetermalloc1.o
         8          4          0          0          0         68   rt_errno_addr_intlibspace.o
         8          4          0          0          0         68   rt_heap_descriptor_intlibspace.o
        68          0          0          0          0         68   rt_memclr.o
        78          0          0          0          0         80   rt_memclr_w.o
       138          0          0          0          0         68   rt_memcpy_v6.o
       100          0          0          0          0         80   rt_memcpy_w.o
         2          0          0          0          0          0   rtexit.o
        10          0          0          0          0          0   rtexit2.o
        12          4          0          0          0         68   sys_exit.o
        74          0          0          0          0         80   sys_stackheap_outer.o
        14          0          0          0          0         76   sys_wrch.o
         2          0          0          0          0         68   use_no_semi.o
        10          0          0          0          0        116   fpinit.o
         0          0          0          0          0          0   usenofp.o
       292         58          0          0          0        176   acosf.o
       312         54          0          0          0        176   asinf.o
       600         98          0          0          0        184   atan2f.o
        38          0          0          0          0        116   fpclassifyf.o
        44         12          0          0          0        464   funder.o
       120          0          0          0          0        272   sqrtf.o

    ----------------------------------------------------------------------
      2984        304          0          0         96       3724   Library Totals
        12          0          0          0          0          0   (incl. Padding)

    ----------------------------------------------------------------------

      Code (inc. data)   RO Data    RW Data    ZI Data      Debug   Library Name

      1556         82          0          0         96       2220   c_w.l
        10          0          0          0          0        116   fz_wv.l
      1406        222          0          0          0       1388   m_wv.l

    ----------------------------------------------------------------------
      2984        304          0          0         96       3724   Library Totals

    ----------------------------------------------------------------------

==============================================================================


      Code (inc. data)   RO Data    RW Data    ZI Data      Debug   

    101880       5850       5456       1852     150180    1982808   Grand Totals
    101880       5850       5456        444     150180    1982808   ELF Image Totals (compressed)
    101880       5850       5456        444          0          0   ROM Totals

==============================================================================

    Total RO  Size (Code + RO Data)               107336 ( 104.82kB)
    Total RW  Size (RW Data + ZI Data)            152032 ( 148.47kB)
    Total ROM Size (Code + RO Data + RW Data)     107780 ( 105.25kB)

==============================================================================

