Component: ARM Compiler 5.06 update 6 (build 750) Tool: armlink [4d35ed]

==============================================================================

Section Cross References

    startup_stm32h723xx.o(STACK) refers (Special) to heapauxi.o(.text) for __use_two_region_memory
    startup_stm32h723xx.o(HEAP) refers (Special) to heapauxi.o(.text) for __use_two_region_memory
    startup_stm32h723xx.o(RESET) refers (Special) to heapauxi.o(.text) for __use_two_region_memory
    startup_stm32h723xx.o(RESET) refers to startup_stm32h723xx.o(STACK) for __initial_sp
    startup_stm32h723xx.o(RESET) refers to startup_stm32h723xx.o(.text) for Reset_Handler
    startup_stm32h723xx.o(RESET) refers to stm32h7xx_it.o(i.NMI_Handler) for NMI_Handler
    startup_stm32h723xx.o(RESET) refers to stm32h7xx_it.o(i.HardFault_Handler) for HardFault_Handler
    startup_stm32h723xx.o(RESET) refers to stm32h7xx_it.o(i.MemManage_Handler) for MemManage_Handler
    startup_stm32h723xx.o(RESET) refers to stm32h7xx_it.o(i.BusFault_Handler) for BusFault_Handler
    startup_stm32h723xx.o(RESET) refers to stm32h7xx_it.o(i.UsageFault_Handler) for UsageFault_Handler
    startup_stm32h723xx.o(RESET) refers to port.o(.emb_text) for SVC_Handler
    startup_stm32h723xx.o(RESET) refers to stm32h7xx_it.o(i.DebugMon_Handler) for DebugMon_Handler
    startup_stm32h723xx.o(RESET) refers to port.o(i.SysTick_Handler) for SysTick_Handler
    startup_stm32h723xx.o(RESET) refers to stm32h7xx_it.o(i.DMA1_Stream0_IRQHandler) for DMA1_Stream0_IRQHandler
    startup_stm32h723xx.o(RESET) refers to stm32h7xx_it.o(i.DMA1_Stream1_IRQHandler) for DMA1_Stream1_IRQHandler
    startup_stm32h723xx.o(RESET) refers to stm32h7xx_it.o(i.DMA1_Stream2_IRQHandler) for DMA1_Stream2_IRQHandler
    startup_stm32h723xx.o(RESET) refers to stm32h7xx_it.o(i.DMA1_Stream3_IRQHandler) for DMA1_Stream3_IRQHandler
    startup_stm32h723xx.o(RESET) refers to stm32h7xx_it.o(i.DMA1_Stream4_IRQHandler) for DMA1_Stream4_IRQHandler
    startup_stm32h723xx.o(RESET) refers to stm32h7xx_it.o(i.FDCAN1_IT0_IRQHandler) for FDCAN1_IT0_IRQHandler
    startup_stm32h723xx.o(RESET) refers to stm32h7xx_it.o(i.FDCAN2_IT0_IRQHandler) for FDCAN2_IT0_IRQHandler
    startup_stm32h723xx.o(RESET) refers to stm32h7xx_it.o(i.FDCAN1_IT1_IRQHandler) for FDCAN1_IT1_IRQHandler
    startup_stm32h723xx.o(RESET) refers to stm32h7xx_it.o(i.FDCAN2_IT1_IRQHandler) for FDCAN2_IT1_IRQHandler
    startup_stm32h723xx.o(RESET) refers to stm32h7xx_it.o(i.TIM2_IRQHandler) for TIM2_IRQHandler
    startup_stm32h723xx.o(RESET) refers to stm32h7xx_it.o(i.SPI2_IRQHandler) for SPI2_IRQHandler
    startup_stm32h723xx.o(RESET) refers to stm32h7xx_it.o(i.USART1_IRQHandler) for USART1_IRQHandler
    startup_stm32h723xx.o(RESET) refers to stm32h7xx_it.o(i.USART2_IRQHandler) for USART2_IRQHandler
    startup_stm32h723xx.o(RESET) refers to stm32h7xx_it.o(i.USART3_IRQHandler) for USART3_IRQHandler
    startup_stm32h723xx.o(RESET) refers to stm32h7xx_it.o(i.TIM8_BRK_TIM12_IRQHandler) for TIM8_BRK_TIM12_IRQHandler
    startup_stm32h723xx.o(RESET) refers to stm32h7xx_it.o(i.DMA1_Stream7_IRQHandler) for DMA1_Stream7_IRQHandler
    startup_stm32h723xx.o(RESET) refers to stm32h7xx_it.o(i.UART5_IRQHandler) for UART5_IRQHandler
    startup_stm32h723xx.o(RESET) refers to stm32h7xx_it.o(i.DMA2_Stream0_IRQHandler) for DMA2_Stream0_IRQHandler
    startup_stm32h723xx.o(RESET) refers to stm32h7xx_it.o(i.DMA2_Stream4_IRQHandler) for DMA2_Stream4_IRQHandler
    startup_stm32h723xx.o(RESET) refers to stm32h7xx_it.o(i.OTG_HS_IRQHandler) for OTG_HS_IRQHandler
    startup_stm32h723xx.o(RESET) refers to stm32h7xx_it.o(i.FDCAN3_IT0_IRQHandler) for FDCAN3_IT0_IRQHandler
    startup_stm32h723xx.o(RESET) refers to stm32h7xx_it.o(i.FDCAN3_IT1_IRQHandler) for FDCAN3_IT1_IRQHandler
    startup_stm32h723xx.o(.text) refers (Special) to heapauxi.o(.text) for __use_two_region_memory
    startup_stm32h723xx.o(.text) refers to system_stm32h7xx.o(i.ExitRun0Mode) for ExitRun0Mode
    startup_stm32h723xx.o(.text) refers to system_stm32h7xx.o(i.SystemInit) for SystemInit
    startup_stm32h723xx.o(.text) refers to __main.o(!!!main) for __main
    startup_stm32h723xx.o(.text) refers to startup_stm32h723xx.o(HEAP) for Heap_Mem
    startup_stm32h723xx.o(.text) refers to startup_stm32h723xx.o(STACK) for Stack_Mem
    main.o(i.HAL_TIM_PeriodElapsedCallback) refers to stm32h7xx_hal.o(i.HAL_IncTick) for HAL_IncTick
    main.o(i.SystemClock_Config) refers to rt_memclr_w.o(.text) for __aeabi_memclr4
    main.o(i.SystemClock_Config) refers to stm32h7xx_hal_pwr_ex.o(i.HAL_PWREx_ConfigSupply) for HAL_PWREx_ConfigSupply
    main.o(i.SystemClock_Config) refers to stm32h7xx_hal_rcc.o(i.HAL_RCC_OscConfig) for HAL_RCC_OscConfig
    main.o(i.SystemClock_Config) refers to main.o(i.Error_Handler) for Error_Handler
    main.o(i.SystemClock_Config) refers to stm32h7xx_hal_rcc.o(i.HAL_RCC_ClockConfig) for HAL_RCC_ClockConfig
    main.o(i.main) refers to stm32h7xx_hal.o(i.HAL_Init) for HAL_Init
[...]
    0x0800038e   0x0800038e   0x00000000   Code   RO        18523    .ARM.Collect$$libinit$$0000000C  c_w.l(libinit2.o)
    0x0800038e   0x0800038e   0x00000000   Code   RO        18525    .ARM.Collect$$libinit$$0000000E  c_w.l(libinit2.o)
    0x0800038e   0x0800038e   0x00000000   Code   RO        18528    .ARM.Collect$$libinit$$00000011  c_w.l(libinit2.o)
    0x0800038e   0x0800038e   0x00000000   Code   RO        18530    .ARM.Collect$$libinit$$00000013  c_w.l(libinit2.o)
    0x0800038e   0x0800038e   0x00000000   Code   RO        18532    .ARM.Collect$$libinit$$00000015  c_w.l(libinit2.o)
    0x0800038e   0x0800038e   0x00000000   Code   RO        18534    .ARM.Collect$$libinit$$00000017  c_w.l(libinit2.o)
    0x0800038e   0x0800038e   0x00000000   Code   RO        18536    .ARM.Collect$$libinit$$00000019  c_w.l(libinit2.o)
    0x0800038e   0x0800038e   0x00000000   Code   RO        18538    .ARM.Collect$$libinit$$0000001B  c_w.l(libinit2.o)
    0x0800038e   0x0800038e   0x00000000   Code   RO        18540    .ARM.Collect$$libinit$$0000001D  c_w.l(libinit2.o)
    0x0800038e   0x0800038e   0x00000000   Code   RO        18542    .ARM.Collect$$libinit$$0000001F  c_w.l(libinit2.o)
    0x0800038e   0x0800038e   0x00000000   Code   RO        18544    .ARM.Collect$$libinit$$00000021  c_w.l(libinit2.o)
    0x0800038e   0x0800038e   0x00000000   Code   RO        18546    .ARM.Collect$$libinit$$00000023  c_w.l(libinit2.o)
    0x0800038e   0x0800038e   0x00000000   Code   RO        18548    .ARM.Collect$$libinit$$00000025  c_w.l(libinit2.o)
    0x0800038e   0x0800038e   0x00000000   Code   RO        18552    .ARM.Collect$$libinit$$0000002C  c_w.l(libinit2.o)
    0x0800038e   0x0800038e   0x00000000   Code   RO        18554    .ARM.Collect$$libinit$$0000002E  c_w.l(libinit2.o)
    0x0800038e   0x0800038e   0x00000000   Code   RO        18556    .ARM.Collect$$libinit$$00000030  c_w.l(libinit2.o)
    0x0800038e   0x0800038e   0x00000000   Code   RO        18558    .ARM.Collect$$libinit$$00000032  c_w.l(libinit2.o)
    0x0800038e   0x0800038e   0x00000002   Code   RO        18559    .ARM.Collect$$libinit$$00000033  c_w.l(libinit2.o)
    0x08000390   0x08000390   0x00000002   Code   RO        18757    .ARM.Collect$$libshutdown$$00000000  c_w.l(libshutdown.o)
    0x08000392   0x08000392   0x00000000   Code   RO        18715    .ARM.Collect$$libshutdown$$00000002  c_w.l(libshutdown2.o)
    0x08000392   0x08000392   0x00000000   Code   RO        18717    .ARM.Collect$$libshutdown$$00000004  c_w.l(libshutdown2.o)
    0x08000392   0x08000392   0x00000000   Code   RO        18720    .ARM.Collect$$libshutdown$$00000007  c_w.l(libshutdown2.o)
    0x08000392   0x08000392   0x00000000   Code   RO        18723    .ARM.Collect$$libshutdown$$0000000A  c_w.l(libshutdown2.o)
    0x08000392   0x08000392   0x00000000   Code   RO        18725    .ARM.Collect$$libshutdown$$0000000C  c_w.l(libshutdown2.o)
    0x08000392   0x08000392   0x00000000   Code   RO        18728    .ARM.Collect$$libshutdown$$0000000F  c_w.l(libshutdown2.o)
    0x08000392   0x08000392   0x00000002   Code   RO        18729    .ARM.Collect$$libshutdown$$00000010  c_w.l(libshutdown2.o)
    0x08000394   0x08000394   0x00000000   Code   RO        18481    .ARM.Collect$$rtentry$$00000000  c_w.l(__rtentry.o)
    0x08000394   0x08000394   0x00000000   Code   RO        18625    .ARM.Collect$$rtentry$$00000002  c_w.l(__rtentry2.o)
    0x08000394   0x08000394   0x00000006   Code   RO        18637    .ARM.Collect$$rtentry$$00000004  c_w.l(__rtentry4.o)
    0x0800039a   0x0800039a   0x00000000   Code   RO        18627    .ARM.Collect$$rtentry$$00000009  c_w.l(__rtentry2.o)
    0x0800039a   0x0800039a   0x00000004   Code   RO        18628    .ARM.Collect$$rtentry$$0000000A  c_w.l(__rtentry2.o)
    0x0800039e   0x0800039e   0x00000000   Code   RO        18630    .ARM.Collect$$rtentry$$0000000C  c_w.l(__rtentry2.o)
    0x0800039e   0x0800039e   0x00000008   Code   RO        18631    .ARM.Collect$$rtentry$$0000000D  c_w.l(__rtentry2.o)
    0x080003a6   0x080003a6   0x00000002   Code   RO        18702    .ARM.Collect$$rtexit$$00000000  c_w.l(rtexit.o)
    0x080003a8   0x080003a8   0x00000000   Code   RO        18733    .ARM.Collect$$rtexit$$00000002  c_w.l(rtexit2.o)
    0x080003a8   0x080003a8   0x00000004   Code   RO        18734    .ARM.Collect$$rtexit$$00000003  c_w.l(rtexit2.o)
    0x080003ac   0x080003ac   0x00000006   Code   RO        18735    .ARM.Collect$$rtexit$$00000004  c_w.l(rtexit2.o)
    0x080003b2   0x080003b2   0x00000002   PAD
    0x080003b4   0x080003b4   0x000000be   Code   RO         8522    .emb_text           port.o
    0x08000472   0x08000472   0x00000002   PAD
    0x08000474   0x08000474   0x00000000   Code   RO        18648    .emb_text           c_w.l(maybetermalloc1.o)
    0x08000474   0x08000474   0x00000048   Code   RO            4    .text               startup_stm32h723xx.o
    0x080004bc   0x080004bc   0x0000005e   Code   RO        18206    .text               c_w.l(h1_alloc.o)
    0x0800051a   0x0800051a   0x0000004e   Code   RO        18208    .text               c_w.l(h1_free.o)
    0x08000568   0x08000568   0x000000ee   Code   RO        18264    .text               c_w.l(lludivv7m.o)
    0x08000656   0x08000656   0x0000008a   Code   RO        18279    .text               c_w.l(rt_memcpy_v6.o)
    0x080006e0   0x080006e0   0x00000064   Code   RO        18281    .text               c_w.l(rt_memcpy_w.o)
    0x08000744   0x08000744   0x00000044   Code   RO        18285    .text               c_w.l(rt_memclr.o)
    0x08000788   0x08000788   0x0000004e   Code   RO        18287    .text               c_w.l(rt_memclr_w.o)
    0x080007d6   0x080007d6   0x00000006   Code   RO        18289    .text               c_w.l(heapauxi.o)
    0x080007dc   0x080007dc   0x00000008   Code   RO        18489    .text               c_w.l(rt_heap_descriptor_intlibspace.o)
    0x080007e4   0x080007e4   0x00000004   Code   RO        18491    .text               c_w.l(hguard.o)
    0x080007e8   0x080007e8   0x0000008a   Code   RO        18493    .text               c_w.l(init_alloc.o)
    0x08000872   0x08000872   0x0000000e   Code   RO        18497    .text               c_w.l(h1_init.o)
    0x08000880   0x08000880   0x00000016   Code   RO        18511    .text               c_w.l(_rserrno.o)
    0x08000896   0x08000896   0x00000002   PAD
    0x08000898   0x08000898   0x00000008   Code   RO        18621    .text               c_w.l(libspace.o)
    0x080008a0   0x080008a0   0x00000008   Code   RO        18644    .text               c_w.l(rt_errno_addr_intlibspace.o)
    0x080008a8   0x080008a8   0x00000034   Code   RO        18650    .text               c_w.l(h1_extend.o)
    0x080008dc   0x080008dc   0x0000000e   Code   RO        18654    .text               c_w.l(defsig_rtmem_outer.o)
    0x080008ea   0x080008ea   0x00000002   Code   RO        18671    .text               c_w.l(use_no_semi.o)
    0x080008ec   0x080008ec   0x00000000   Code   RO        18673    .text               c_w.l(indicate_semi.o)
    0x080008ec   0x080008ec   0x0000004a   Code   RO        18674    .text               c_w.l(sys_stackheap_outer.o)
    0x08000936   0x08000936   0x00000012   Code   RO        18680    .text               c_w.l(exit.o)
    0x08000948   0x08000948   0x0000000a   Code   RO        18682    .text               c_w.l(defsig_exit.o)
    0x08000952   0x08000952   0x00000002   PAD
    0x08000954   0x08000954   0x00000050   Code   RO        18688    .text               c_w.l(defsig_rtmem_inner.o)
    0x080009a4   0x080009a4   0x0000000c   Code   RO        18700    .text               c_w.l(sys_exit.o)
    0x080009b0   0x080009b0   0x00000032   Code   RO        18710    .text               c_w.l(defsig_general.o)
    0x080009e2   0x080009e2   0x0000000e   Code   RO        18730    .text               c_w.l(sys_wrch.o)
    0x080009f0   0x080009f0   0x00000030   Code   RO        10774    i.Append_CRC16_Check_Sum  crc.o
    0x08000a20   0x08000a20   0x00000014   Code   RO        11337    i.BMI088_ACCEL_NS_H  bmi088middleware.o
    0x08000a34   0x08000a34   0x00000014   Code   RO        11338    i.BMI088_ACCEL_NS_L  bmi088middleware.o
    0x08000a48   0x08000a48   0x00000014   Code   RO        11339    i.BMI088_GYRO_NS_H  bmi088middleware.o
    0x08000a5c   0x08000a5c   0x00000014   Code   RO        11340    i.BMI088_GYRO_NS_L  bmi088middleware.o
    0x08000a70   0x08000a70   0x0000027c   Code   RO        11256    i.BMI088_Read       bmi088driver.o
    0x08000cec   0x08000cec   0x0000009c   Code   RO        11257    i.BMI088_init       bmi088driver.o
    0x08000d88   0x08000d88   0x00000026   Code   RO        11258    i.BMI088_read_muli_reg  bmi088driver.o
    0x08000dae   0x08000dae   0x00000018   Code   RO        11259    i.BMI088_read_single_reg  bmi088driver.o
    0x08000dc6   0x08000dc6   0x00000002   PAD
    0x08000dc8   0x08000dc8   0x00000024   Code   RO        11341    i.BMI088_read_write_byte  bmi088middleware.o
    0x08000dec   0x08000dec   0x00000014   Code   RO        11260    i.BMI088_write_single_reg  bmi088driver.o
    0x08000e00   0x08000e00   0x0000002c   Code   RO         9610    i.Beep_Init         beep.o
    0x08000e2c   0x08000e2c   0x00000034   Code   RO         9612    i.Beep_PlayNotes    beep.o
    0x08000e60   0x08000e60   0x0000015a   Code   RO        11493    i.BodyFrameToEarthFrame  ins_task.o
    0x08000fba   0x08000fba   0x00000004   Code   RO          868    i.BusFault_Handler  stm32h7xx_it.o
    0x08000fbe   0x08000fbe   0x00000008   Code   RO         9904    i.CAN1_Rx0Callback  user_can.o
    0x08000fc6   0x08000fc6   0x00000002   PAD
    0x08000fc8   0x08000fc8   0x00000054   Code   RO         9905    i.CAN2_Rx0Callback  user_can.o
    0x0800101c   0x0800101c   0x00000084   Code   RO         9907    i.CAN3_Rx0Callback  user_can.o
    0x080010a0   0x080010a0   0x000000c0   Code   RO         9908    i.CAN_Init          user_can.o
    0x08001160   0x08001160   0x00000044   Code   RO         1269    i.CDC_Control_HS    usbd_cdc_if.o
    0x080011a4   0x080011a4   0x00000004   Code   RO         1270    i.CDC_DeInit_HS     usbd_cdc_if.o
    0x080011a8   0x080011a8   0x00000024   Code   RO         1271    i.CDC_Init_HS       usbd_cdc_if.o
    0x080011cc   0x080011cc   0x00000024   Code   RO         1272    i.CDC_Receive_HS    usbd_cdc_if.o
    0x080011f0   0x080011f0   0x0000000c   Code   RO         1273    i.CDC_TransmitCplt_HS  usbd_cdc_if.o
    0x080011fc   0x080011fc   0x00000038   Code   RO         1274    i.CDC_Transmit_HS   usbd_cdc_if.o
    0x08001234   0x08001234   0x00000544   Code   RO        11261    i.Calibrate_MPU_Offset  bmi088driver.o
    0x08001778   0x08001778   0x0000012c   Code   RO         9860    i.Cap_AnalysisData  super_cap.o
    0x080018a4   0x080018a4   0x00000002   Code   RO         9909    i.Cap_CanSendData   user_can.o
    0x080018a6   0x080018a6   0x00000002   PAD
    0x080018a8   0x080018a8   0x0000007c   Code   RO         9034    i.Chassis_ChangeDiagonal  chassis.o
    0x08001924   0x08001924   0x00000038   Code   RO         9035    i.Chassis_Change_DebugTurn0  chassis.o
    0x0800195c   0x0800195c   0x00000160   Code   RO         9037    i.Chassis_Init      chassis.o
    0x08001abc   0x08001abc   0x00000124   Code   RO         9038    i.Chassis_InitPID   chassis.o
    0x08001be0   0x08001be0   0x00000048   Code   RO         9039    i.Chassis_Move_KeyCallback  chassis.o
    0x08001c28   0x08001c28   0x00000098   Code   RO         9040    i.Chassis_RegisterEvents  chassis.o
    0x08001cc0   0x08001cc0   0x00000044   Code   RO         9041    i.Chassis_Return_KeyCallback  chassis.o
    0x08001d04   0x08001d04   0x00000048   Code   RO         9043    i.Chassis_Stop_KeyCallback  chassis.o
    0x08001d4c   0x08001d4c   0x00000090   Code   RO         9044    i.Chassis_SwitchMode_KeyCallback  chassis.o
    0x08001ddc   0x08001ddc   0x00000040   Code   RO         9046    i.Chassis_capOutputChange_KeyCallback  chassis.o
    0x08001e1c   0x08001e1c   0x00000040   Code   RO        10157    i.DEPID_CascadeCalc  pid.o
    0x08001e5c   0x08001e5c   0x00000030   Code   RO        10158    i.DEPID_Clear       pid.o
    0x08001e8c   0x08001e8c   0x0000001a   Code   RO        10159    i.DEPID_Init        pid.o
    0x08001ea6   0x08001ea6   0x00000002   PAD
    0x08001ea8   0x08001ea8   0x00000010   Code   RO          869    i.DMA1_Stream0_IRQHandler  stm32h7xx_it.o
    0x08001eb8   0x08001eb8   0x00000010   Code   RO          870    i.DMA1_Stream1_IRQHandler  stm32h7xx_it.o
    0x08001ec8   0x08001ec8   0x00000010   Code   RO          871    i.DMA1_Stream2_IRQHandler  stm32h7xx_it.o
    0x08001ed8   0x08001ed8   0x00000010   Code   RO          872    i.DMA1_Stream3_IRQHandler  stm32h7xx_it.o
    0x08001ee8   0x08001ee8   0x00000010   Code   RO          873    i.DMA1_Stream4_IRQHandler  stm32h7xx_it.o
    0x08001ef8   0x08001ef8   0x00000010   Code   RO          874    i.DMA1_Stream7_IRQHandler  stm32h7xx_it.o
    0x08001f08   0x08001f08   0x00000010   Code   RO          875    i.DMA2_Stream0_IRQHandler  stm32h7xx_it.o
    0x08001f18   0x08001f18   0x00000010   Code   RO          876    i.DMA2_Stream4_IRQHandler  stm32h7xx_it.o
    0x08001f28   0x08001f28   0x000000ec   Code   RO         3907    i.DMA_CalcBaseAndBitshift  stm32h7xx_hal_dma.o
    0x08002014   0x08002014   0x000000c4   Code   RO         3908    i.DMA_CalcDMAMUXChannelBaseAndMask  stm32h7xx_hal_dma.o
    0x080020d8   0x080020d8   0x00000098   Code   RO         3909    i.DMA_CalcDMAMUXRequestGenBaseAndMask  stm32h7xx_hal_dma.o
    0x08002170   0x08002170   0x000000ae   Code   RO         3910    i.DMA_CheckFifoParam  stm32h7xx_hal_dma.o
    0x0800221e   0x0800221e   0x00000002   PAD
    0x08002220   0x08002220   0x00000274   Code   RO         3911    i.DMA_SetConfig     stm32h7xx_hal_dma.o
    0x08002494   0x08002494   0x00000030   Code   RO         9680    i.DWT_CNT_Update    bsp_dwt.o
    0x080024c4   0x080024c4   0x0000003c   Code   RO         9681    i.DWT_Delay         bsp_dwt.o
    0x08002500   0x08002500   0x0000004c   Code   RO         9682    i.DWT_GetDeltaT     bsp_dwt.o
    0x0800254c   0x0800254c   0x00000054   Code   RO         9685    i.DWT_GetTimeline_s  bsp_dwt.o
    0x080025a0   0x080025a0   0x00000068   Code   RO         9687    i.DWT_Init          bsp_dwt.o
    0x08002608   0x08002608   0x000000d0   Code   RO         9688    i.DWT_SysTimeUpdate  bsp_dwt.o
    0x080026d8   0x080026d8   0x00000002   Code   RO          877    i.DebugMon_Handler  stm32h7xx_it.o
    0x080026da   0x080026da   0x00000002   PAD
    0x080026dc   0x080026dc   0x0000004c   Code   RO        10823    i.Detect_DefaultLostHandler  detect.o
    0x08002728   0x08002728   0x00000044   Code   RO        10824    i.Detect_DefaultRecoverHandler  detect.o
    0x0800276c   0x0800276c   0x000000e4   Code   RO        10825    i.Detect_InitAll    detect.o
    0x08002850   0x08002850   0x00000038   Code   RO        10826    i.Detect_InitDevice  detect.o
    0x08002888   0x08002888   0x00000014   Code   RO        10827    i.Detect_IsDeviceLost  detect.o
    0x0800289c   0x0800289c   0x0000001c   Code   RO        10828    i.Detect_Update     detect.o
    0x080028b8   0x080028b8   0x0000015a   Code   RO        11494    i.EarthFrameToBodyFrame  ins_task.o
    0x08002a12   0x08002a12   0x00000006   Code   RO           13    i.Error_Handler     main.o
    0x08002a18   0x08002a18   0x00000024   Code   RO         7206    i.ExitRun0Mode      system_stm32h7xx.o
    0x08002a3c   0x08002a3c   0x00000010   Code   RO          878    i.FDCAN1_IT0_IRQHandler  stm32h7xx_it.o
    0x08002a4c   0x08002a4c   0x00000010   Code   RO          879    i.FDCAN1_IT1_IRQHandler  stm32h7xx_it.o
    0x08002a5c   0x08002a5c   0x00000010   Code   RO          880    i.FDCAN2_IT0_IRQHandler  stm32h7xx_it.o
    0x08002a6c   0x08002a6c   0x00000010   Code   RO          881    i.FDCAN2_IT1_IRQHandler  stm32h7xx_it.o
    0x08002a7c   0x08002a7c   0x00000010   Code   RO          882    i.FDCAN3_IT0_IRQHandler  stm32h7xx_it.o
    0x08002a8c   0x08002a8c   0x00000010   Code   RO          883    i.FDCAN3_IT1_IRQHandler  stm32h7xx_it.o
    0x08002a9c   0x08002a9c   0x00000220   Code   RO         5706    i.FDCAN_CalcultateRamBlockAddresses  stm32h7xx_hal_fdcan.o
    0x08002cbc   0x08002cbc   0x000000d0   Code   RO         5707    i.FDCAN_CopyMessageToRAM  stm32h7xx_hal_fdcan.o
    0x08002d8c   0x08002d8c   0x0000006c   Code   RO        10058    i.Filter_AverCalc   filter.o
    0x08002df8   0x08002df8   0x00000024   Code   RO        10060    i.Filter_InitAverFilter  filter.o
    0x08002e1c   0x08002e1c   0x00000130   Code   RO         9047    i.Foot_CallBack     chassis.o
    0x08002f4c   0x08002f4c   0x00000034   Code   RO        10776    i.Get_CRC16_Check_Sum  crc.o
    0x08002f80   0x08002f80   0x00000024   Code   RO        10777    i.Get_CRC8_Check_Sum  crc.o
    0x08002fa4   0x08002fa4   0x00000034   Code   RO         1173    i.Get_SerialNum     usbd_desc.o
    0x08002fd8   0x08002fd8   0x0000008c   Code   RO         9217    i.Gimbal_Init       gimbal.o
    0x08003064   0x08003064   0x000000b8   Code   RO         9218    i.Gimbal_InitPID    gimbal.o
    0x0800311c   0x0800311c   0x00000088   Code   RO         9219    i.Gimbal_MouseCtrl  gimbal.o
    0x080031a4   0x080031a4   0x00000014   Code   RO         9220    i.Gimbal_RegisterEvents  gimbal.o
    0x080031b8   0x080031b8   0x00000044   Code   RO         9221    i.Gimbal_Return_KeyCallback  gimbal.o
    0x080031fc   0x080031fc   0x00000084   Code   RO         9222    i.Gimbal_RockerCtrl  gimbal.o
    0x08003280   0x08003280   0x00000178   Code   RO         9223    i.Gimbal_UpdataAngle  gimbal.o
    0x080033f8   0x080033f8   0x00000120   Code   RO         9224    i.Gimbal_VisionCtrl  gimbal.o
    0x08003518   0x08003518   0x00000002   Code   RO         9225    i.Gimbal_VisionLostCallback  gimbal.o
    0x0800351a   0x0800351a   0x00000002   Code   RO         9226    i.Gimbal_VisionRecoverCallback  gimbal.o
    0x0800351c   0x0800351c   0x000004dc   Code   RO         3912    i.HAL_DMA_Abort     stm32h7xx_hal_dma.o
    0x080039f8   0x080039f8   0x00000398   Code   RO         3913    i.HAL_DMA_Abort_IT  stm32h7xx_hal_dma.o
    0x08003d90   0x08003d90   0x00000af8   Code   RO         3917    i.HAL_DMA_IRQHandler  stm32h7xx_hal_dma.o
    0x08004888   0x08004888   0x00000514   Code   RO         3918    i.HAL_DMA_Init      stm32h7xx_hal_dma.o
    0x08004d9c   0x08004d9c   0x000003e0   Code   RO         3922    i.HAL_DMA_Start_IT  stm32h7xx_hal_dma.o
    0x0800517c   0x0800517c   0x00000028   Code   RO         4767    i.HAL_Delay         stm32h7xx_hal.o
    0x080051a4   0x080051a4   0x000000a8   Code   RO         5709    i.HAL_FDCAN_ActivateNotification  stm32h7xx_hal_fdcan.o
    0x0800524c   0x0800524c   0x00000090   Code   RO         5711    i.HAL_FDCAN_AddMessageToTxFifoQ  stm32h7xx_hal_fdcan.o
    0x080052dc   0x080052dc   0x00000002   Code   RO         5712    i.HAL_FDCAN_ClockCalibrationCallback  stm32h7xx_hal_fdcan.o
    0x080052de   0x080052de   0x0000006c   Code   RO         5715    i.HAL_FDCAN_ConfigFifoWatermark  stm32h7xx_hal_fdcan.o
    0x0800534a   0x0800534a   0x000000a8   Code   RO         5716    i.HAL_FDCAN_ConfigFilter  stm32h7xx_hal_fdcan.o
    0x080053f2   0x080053f2   0x00000034   Code   RO         5717    i.HAL_FDCAN_ConfigGlobalFilter  stm32h7xx_hal_fdcan.o
    0x08005426   0x08005426   0x00000002   Code   RO         5738    i.HAL_FDCAN_ErrorCallback  stm32h7xx_hal_fdcan.o
    0x08005428   0x08005428   0x00000020   Code   RO         9910    i.HAL_FDCAN_ErrorStatusCallback  user_can.o
    0x08005448   0x08005448   0x0000004c   Code   RO         5748    i.HAL_FDCAN_GetProtocolStatus  stm32h7xx_hal_fdcan.o
    0x08005494   0x08005494   0x000001f4   Code   RO         5750    i.HAL_FDCAN_GetRxMessage  stm32h7xx_hal_fdcan.o
    0x08005688   0x08005688   0x00000002   Code   RO         5756    i.HAL_FDCAN_HighPriorityMessageCallback  stm32h7xx_hal_fdcan.o
    0x0800568a   0x0800568a   0x00000002   PAD
    0x0800568c   0x0800568c   0x000003d4   Code   RO         5757    i.HAL_FDCAN_IRQHandler  stm32h7xx_hal_fdcan.o
    0x08005a60   0x08005a60   0x000002e0   Code   RO         5758    i.HAL_FDCAN_Init    stm32h7xx_hal_fdcan.o
    0x08005d40   0x08005d40   0x0000023c   Code   RO          634    i.HAL_FDCAN_MspInit  fdcan.o
    0x08005f7c   0x08005f7c   0x00000002   Code   RO         5767    i.HAL_FDCAN_RxBufferNewMessageCallback  stm32h7xx_hal_fdcan.o
    0x08005f7e   0x08005f7e   0x00000002   PAD
    0x08005f80   0x08005f80   0x000000bc   Code   RO         9911    i.HAL_FDCAN_RxFifo0Callback  user_can.o
    0x0800603c   0x0800603c   0x00000002   Code   RO         5769    i.HAL_FDCAN_RxFifo1Callback  stm32h7xx_hal_fdcan.o
    0x0800603e   0x0800603e   0x00000034   Code   RO         5770    i.HAL_FDCAN_Start   stm32h7xx_hal_fdcan.o
    0x08006072   0x08006072   0x00000002   Code   RO         5792    i.HAL_FDCAN_TT_GlobalTimeCallback  stm32h7xx_hal_fdcan.o
    0x08006074   0x08006074   0x00000002   Code   RO         5793    i.HAL_FDCAN_TT_ScheduleSyncCallback  stm32h7xx_hal_fdcan.o
    0x08006076   0x08006076   0x00000002   Code   RO         5798    i.HAL_FDCAN_TT_StopWatchCallback  stm32h7xx_hal_fdcan.o
    0x08006078   0x08006078   0x00000002   Code   RO         5799    i.HAL_FDCAN_TT_TimeMarkCallback  stm32h7xx_hal_fdcan.o
    0x0800607a   0x0800607a   0x00000002   Code   RO         5800    i.HAL_FDCAN_TimeoutOccurredCallback  stm32h7xx_hal_fdcan.o
    0x0800607c   0x0800607c   0x00000002   Code   RO         5801    i.HAL_FDCAN_TimestampWraparoundCallback  stm32h7xx_hal_fdcan.o
    0x0800607e   0x0800607e   0x00000002   Code   RO         5802    i.HAL_FDCAN_TxBufferAbortCallback  stm32h7xx_hal_fdcan.o
    0x08006080   0x08006080   0x00000002   Code   RO         5803    i.HAL_FDCAN_TxBufferCompleteCallback  stm32h7xx_hal_fdcan.o
    0x08006082   0x08006082   0x00000002   Code   RO         5804    i.HAL_FDCAN_TxEventFifoCallback  stm32h7xx_hal_fdcan.o
    0x08006084   0x08006084   0x00000002   Code   RO         5805    i.HAL_FDCAN_TxFifoEmptyCallback  stm32h7xx_hal_fdcan.o
    0x08006086   0x08006086   0x00000002   PAD
    0x08006088   0x08006088   0x000001f0   Code   RO         3760    i.HAL_GPIO_Init     stm32h7xx_hal_gpio.o
    0x08006278   0x08006278   0x0000000c   Code   RO         3764    i.HAL_GPIO_WritePin  stm32h7xx_hal_gpio.o
    0x08006284   0x08006284   0x0000000c   Code   RO         4783    i.HAL_GetTick       stm32h7xx_hal.o
    0x08006290   0x08006290   0x00000018   Code   RO         4789    i.HAL_IncTick       stm32h7xx_hal.o
    0x080062a8   0x080062a8   0x00000060   Code   RO         4790    i.HAL_Init          stm32h7xx_hal.o
    0x08006308   0x08006308   0x000000a0   Code   RO         1086    i.HAL_InitTick      stm32h7xx_hal_timebase_tim.o
    0x080063a8   0x080063a8   0x00000030   Code   RO         1062    i.HAL_MspInit       stm32h7xx_hal_msp.o
    0x080063d8   0x080063d8   0x00000028   Code   RO         4610    i.HAL_NVIC_EnableIRQ  stm32h7xx_hal_cortex.o
    0x08006400   0x08006400   0x0000007a   Code   RO         4616    i.HAL_NVIC_SetPriority  stm32h7xx_hal_cortex.o
    0x0800647a   0x0800647a   0x00000002   PAD
    0x0800647c   0x0800647c   0x00000028   Code   RO         4617    i.HAL_NVIC_SetPriorityGrouping  stm32h7xx_hal_cortex.o
    0x080064a4   0x080064a4   0x00000044   Code   RO         4618    i.HAL_NVIC_SystemReset  stm32h7xx_hal_cortex.o
    0x080064e8   0x080064e8   0x00000028   Code   RO         2805    i.HAL_PCDEx_ActivateLPM  stm32h7xx_hal_pcd_ex.o
    0x08006510   0x08006510   0x00000002   Code   RO         2810    i.HAL_PCDEx_LPM_Callback  stm32h7xx_hal_pcd_ex.o
    0x08006512   0x08006512   0x0000000a   Code   RO         2811    i.HAL_PCDEx_SetRxFiFo  stm32h7xx_hal_pcd_ex.o
    0x0800651c   0x0800651c   0x0000004e   Code   RO         2812    i.HAL_PCDEx_SetTxFiFo  stm32h7xx_hal_pcd_ex.o
    0x0800656a   0x0800656a   0x0000000e   Code   RO         1330    i.HAL_PCD_ConnectCallback  usbd_conf.o
    0x08006578   0x08006578   0x00000020   Code   RO         1331    i.HAL_PCD_DataInStageCallback  usbd_conf.o
    0x08006598   0x08006598   0x00000020   Code   RO         1332    i.HAL_PCD_DataOutStageCallback  usbd_conf.o
    0x080065b8   0x080065b8   0x0000000e   Code   RO         1333    i.HAL_PCD_DisconnectCallback  usbd_conf.o
    0x080065c6   0x080065c6   0x00000042   Code   RO         2576    i.HAL_PCD_EP_Abort  stm32h7xx_hal_pcd.o
    0x08006608   0x08006608   0x0000006a   Code   RO         2577    i.HAL_PCD_EP_Close  stm32h7xx_hal_pcd.o
    0x08006672   0x08006672   0x0000007c   Code   RO         2578    i.HAL_PCD_EP_ClrStall  stm32h7xx_hal_pcd.o
    0x080066ee   0x080066ee   0x00000016   Code   RO         2580    i.HAL_PCD_EP_GetRxCount  stm32h7xx_hal_pcd.o
    0x08006704   0x08006704   0x0000008e   Code   RO         2581    i.HAL_PCD_EP_Open   stm32h7xx_hal_pcd.o
    0x08006792   0x08006792   0x00000046   Code   RO         2582    i.HAL_PCD_EP_Receive  stm32h7xx_hal_pcd.o
    0x080067d8   0x080067d8   0x0000008a   Code   RO         2583    i.HAL_PCD_EP_SetStall  stm32h7xx_hal_pcd.o
    0x08006862   0x08006862   0x00000048   Code   RO         2584    i.HAL_PCD_EP_Transmit  stm32h7xx_hal_pcd.o
    0x080068aa   0x080068aa   0x0000070e   Code   RO         2586    i.HAL_PCD_IRQHandler  stm32h7xx_hal_pcd.o
    0x08006fb8   0x08006fb8   0x00000012   Code   RO         1334    i.HAL_PCD_ISOINIncompleteCallback  usbd_conf.o
    0x08006fca   0x08006fca   0x00000012   Code   RO         1335    i.HAL_PCD_ISOOUTIncompleteCallback  usbd_conf.o
    0x08006fdc   0x08006fdc   0x0000015e   Code   RO         2589    i.HAL_PCD_Init      stm32h7xx_hal_pcd.o
    0x0800713a   0x0800713a   0x00000002   PAD
    0x0800713c   0x0800713c   0x00000070   Code   RO         1337    i.HAL_PCD_MspInit   usbd_conf.o
    0x080071ac   0x080071ac   0x00000030   Code   RO         1338    i.HAL_PCD_ResetCallback  usbd_conf.o
    0x080071dc   0x080071dc   0x0000000e   Code   RO         1339    i.HAL_PCD_ResumeCallback  usbd_conf.o
    0x080071ea   0x080071ea   0x0000000e   Code   RO         1340    i.HAL_PCD_SOFCallback  usbd_conf.o
    0x080071f8   0x080071f8   0x00000034   Code   RO         2595    i.HAL_PCD_SetAddress  stm32h7xx_hal_pcd.o
    0x0800722c   0x0800722c   0x00000012   Code   RO         1341    i.HAL_PCD_SetupStageCallback  usbd_conf.o
    0x0800723e   0x0800723e   0x0000004c   Code   RO         2598    i.HAL_PCD_Start     stm32h7xx_hal_pcd.o
    0x0800728a   0x0800728a   0x00000002   PAD
    0x0800728c   0x0800728c   0x00000034   Code   RO         1342    i.HAL_PCD_SuspendCallback  usbd_conf.o
    0x080072c0   0x080072c0   0x00000060   Code   RO         4361    i.HAL_PWREx_ConfigSupply  stm32h7xx_hal_pwr_ex.o
    0x08007320   0x08007320   0x00000014   Code   RO         4378    i.HAL_PWREx_EnableUSBVoltageDetector  stm32h7xx_hal_pwr_ex.o
    0x08007334   0x08007334   0x00000024   Code   RO         3303    i.HAL_RCCEx_GetD3PCLK1Freq  stm32h7xx_hal_rcc_ex.o
    0x08007358   0x08007358   0x00000230   Code   RO         3305    i.HAL_RCCEx_GetPLL2ClockFreq  stm32h7xx_hal_rcc_ex.o
    0x08007588   0x08007588   0x00000230   Code   RO         3306    i.HAL_RCCEx_GetPLL3ClockFreq  stm32h7xx_hal_rcc_ex.o
    0x080077b8   0x080077b8   0x00000cc8   Code   RO         3312    i.HAL_RCCEx_PeriphCLKConfig  stm32h7xx_hal_rcc_ex.o
    0x08008480   0x08008480   0x00000320   Code   RO         3188    i.HAL_RCC_ClockConfig  stm32h7xx_hal_rcc.o
    0x080087a0   0x080087a0   0x0000006c   Code   RO         3192    i.HAL_RCC_GetClockConfig  stm32h7xx_hal_rcc.o
    0x0800880c   0x0800880c   0x0000004c   Code   RO         3193    i.HAL_RCC_GetHCLKFreq  stm32h7xx_hal_rcc.o
    0x08008858   0x08008858   0x00000024   Code   RO         3195    i.HAL_RCC_GetPCLK1Freq  stm32h7xx_hal_rcc.o
    0x0800887c   0x0800887c   0x00000024   Code   RO         3196    i.HAL_RCC_GetPCLK2Freq  stm32h7xx_hal_rcc.o
    0x080088a0   0x080088a0   0x0000022c   Code   RO         3197    i.HAL_RCC_GetSysClockFreq  stm32h7xx_hal_rcc.o
    0x08008acc   0x08008acc   0x0000075c   Code   RO         3200    i.HAL_RCC_OscConfig  stm32h7xx_hal_rcc.o
    0x08009228   0x08009228   0x00000098   Code   RO         7082    i.HAL_RS485Ex_Init  stm32h7xx_hal_uart_ex.o
    0x080092c0   0x080092c0   0x00000002   Code   RO         6331    i.HAL_SPI_ErrorCallback  stm32h7xx_hal_spi.o
    0x080092c2   0x080092c2   0x00000002   PAD
    0x080092c4   0x080092c4   0x0000028c   Code   RO         6334    i.HAL_SPI_IRQHandler  stm32h7xx_hal_spi.o
    0x08009550   0x08009550   0x000001b0   Code   RO         6335    i.HAL_SPI_Init      stm32h7xx_hal_spi.o
    0x08009700   0x08009700   0x00000178   Code   RO          707    i.HAL_SPI_MspInit   spi.o
    0x08009878   0x08009878   0x00000002   Code   RO         6341    i.HAL_SPI_RxCpltCallback  stm32h7xx_hal_spi.o
    0x0800987a   0x0800987a   0x00000002   Code   RO         6343    i.HAL_SPI_SuspendCallback  stm32h7xx_hal_spi.o
    0x0800987c   0x0800987c   0x00000454   Code   RO         6345    i.HAL_SPI_TransmitReceive  stm32h7xx_hal_spi.o
    0x08009cd0   0x08009cd0   0x00000002   Code   RO         6350    i.HAL_SPI_TxCpltCallback  stm32h7xx_hal_spi.o
    0x08009cd2   0x08009cd2   0x00000002   Code   RO         6352    i.HAL_SPI_TxRxCpltCallback  stm32h7xx_hal_spi.o
    0x08009cd4   0x08009cd4   0x00000014   Code   RO         4797    i.HAL_SYSCFG_AnalogSwitchConfig  stm32h7xx_hal.o
    0x08009ce8   0x08009ce8   0x00000002   Code   RO         2264    i.HAL_TIMEx_Break2Callback  stm32h7xx_hal_tim_ex.o
    0x08009cea   0x08009cea   0x00000002   Code   RO         2265    i.HAL_TIMEx_BreakCallback  stm32h7xx_hal_tim_ex.o
    0x08009cec   0x08009cec   0x00000002   Code   RO         2266    i.HAL_TIMEx_CommutCallback  stm32h7xx_hal_tim_ex.o
    0x08009cee   0x08009cee   0x00000002   PAD
    0x08009cf0   0x08009cf0   0x000000c8   Code   RO         2268    i.HAL_TIMEx_ConfigBreakDeadTime  stm32h7xx_hal_tim_ex.o
    0x08009db8   0x08009db8   0x000000e4   Code   RO         2287    i.HAL_TIMEx_MasterConfigSynchronization  stm32h7xx_hal_tim_ex.o
    0x08009e9c   0x08009e9c   0x0000006e   Code   RO         1539    i.HAL_TIM_Base_Init  stm32h7xx_hal_tim.o
    0x08009f0a   0x08009f0a   0x00000002   Code   RO         1541    i.HAL_TIM_Base_MspInit  stm32h7xx_hal_tim.o
    0x08009f0c   0x08009f0c   0x000000cc   Code   RO         1544    i.HAL_TIM_Base_Start_IT  stm32h7xx_hal_tim.o
    0x08009fd8   0x08009fd8   0x00000002   Code   RO         1569    i.HAL_TIM_ErrorCallback  stm32h7xx_hal_tim.o
    0x08009fda   0x08009fda   0x00000002   Code   RO         1573    i.HAL_TIM_IC_CaptureCallback  stm32h7xx_hal_tim.o
    0x08009fdc   0x08009fdc   0x00000198   Code   RO         1587    i.HAL_TIM_IRQHandler  stm32h7xx_hal_tim.o
    0x0800a174   0x0800a174   0x000000f0   Code   RO          748    i.HAL_TIM_MspPostInit  tim.o
    0x0800a264   0x0800a264   0x00000002   Code   RO         1590    i.HAL_TIM_OC_DelayElapsedCallback  stm32h7xx_hal_tim.o
    0x0800a266   0x0800a266   0x00000170   Code   RO         1611    i.HAL_TIM_PWM_ConfigChannel  stm32h7xx_hal_tim.o
    0x0800a3d6   0x0800a3d6   0x0000006e   Code   RO         1614    i.HAL_TIM_PWM_Init  stm32h7xx_hal_tim.o
    0x0800a444   0x0800a444   0x000000f4   Code   RO          750    i.HAL_TIM_PWM_MspInit  tim.o
    0x0800a538   0x0800a538   0x00000014   Code   RO        11206    i.HAL_TIM_PWM_PulseFinishedCallback  userfreertos.o
    0x0800a54c   0x0800a54c   0x00000002   Code   RO         1618    i.HAL_TIM_PWM_PulseFinishedHalfCpltCallback  stm32h7xx_hal_tim.o
    0x0800a54e   0x0800a54e   0x00000002   PAD
    0x0800a550   0x0800a550   0x0000017c   Code   RO         1619    i.HAL_TIM_PWM_Start  stm32h7xx_hal_tim.o
    0x0800a6cc   0x0800a6cc   0x000002d0   Code   RO         1620    i.HAL_TIM_PWM_Start_DMA  stm32h7xx_hal_tim.o
    0x0800a99c   0x0800a99c   0x00000150   Code   RO         1623    i.HAL_TIM_PWM_Stop_DMA  stm32h7xx_hal_tim.o
    0x0800aaec   0x0800aaec   0x00000012   Code   RO           14    i.HAL_TIM_PeriodElapsedCallback  main.o
    0x0800aafe   0x0800aafe   0x00000002   Code   RO         1630    i.HAL_TIM_TriggerCallback  stm32h7xx_hal_tim.o
    0x0800ab00   0x0800ab00   0x0000004e   Code   RO         7083    i.HAL_UARTEx_DisableFifoMode  stm32h7xx_hal_uart_ex.o
    0x0800ab4e   0x0800ab4e   0x00000062   Code   RO         7089    i.HAL_UARTEx_ReceiveToIdle_DMA  stm32h7xx_hal_uart_ex.o
    0x0800abb0   0x0800abb0   0x00000050   Code   RO        11098    i.HAL_UARTEx_RxEventCallback  rc.o
    0x0800ac00   0x0800ac00   0x00000002   Code   RO         7091    i.HAL_UARTEx_RxFifoFullCallback  stm32h7xx_hal_uart_ex.o
    0x0800ac02   0x0800ac02   0x0000005e   Code   RO         7092    i.HAL_UARTEx_SetRxFifoThreshold  stm32h7xx_hal_uart_ex.o
    0x0800ac60   0x0800ac60   0x0000005e   Code   RO         7093    i.HAL_UARTEx_SetTxFifoThreshold  stm32h7xx_hal_uart_ex.o
    0x0800acbe   0x0800acbe   0x00000002   Code   RO         7095    i.HAL_UARTEx_TxFifoEmptyCallback  stm32h7xx_hal_uart_ex.o
    0x0800acc0   0x0800acc0   0x00000002   Code   RO         7096    i.HAL_UARTEx_WakeupCallback  stm32h7xx_hal_uart_ex.o
    0x0800acc2   0x0800acc2   0x00000002   Code   RO         6683    i.HAL_UART_ErrorCallback  stm32h7xx_hal_uart.o
    0x0800acc4   0x0800acc4   0x000004b6   Code   RO         6686    i.HAL_UART_IRQHandler  stm32h7xx_hal_uart.o
    0x0800b17a   0x0800b17a   0x00000078   Code   RO         6687    i.HAL_UART_Init     stm32h7xx_hal_uart.o
    0x0800b1f2   0x0800b1f2   0x00000002   PAD
    0x0800b1f4   0x0800b1f4   0x00000414   Code   RO          809    i.HAL_UART_MspInit  usart.o
    0x0800b608   0x0800b608   0x00000002   Code   RO         6694    i.HAL_UART_RxCpltCallback  stm32h7xx_hal_uart.o
    0x0800b60a   0x0800b60a   0x00000002   Code   RO         6695    i.HAL_UART_RxHalfCpltCallback  stm32h7xx_hal_uart.o
    0x0800b60c   0x0800b60c   0x000000a0   Code   RO         6697    i.HAL_UART_Transmit_DMA  stm32h7xx_hal_uart.o
    0x0800b6ac   0x0800b6ac   0x00000002   Code   RO         6699    i.HAL_UART_TxCpltCallback  stm32h7xx_hal_uart.o
    0x0800b6ae   0x0800b6ae   0x00000002   Code   RO         6700    i.HAL_UART_TxHalfCpltCallback  stm32h7xx_hal_uart.o
    0x0800b6b0   0x0800b6b0   0x00000130   Code   RO        10322    i.H_K_R_Adjustment  kalman_filter.o
    0x0800b7e0   0x0800b7e0   0x00000004   Code   RO          884    i.HardFault_Handler  stm32h7xx_it.o
    0x0800b7e4   0x0800b7e4   0x000000fc   Code   RO         9357    i.Heat_Limit        shooter.o
    0x0800b8e0   0x0800b8e0   0x00000374   Code   RO        11496    i.IMU_Param_Correction  ins_task.o
    0x0800bc54   0x0800bc54   0x00000238   Code   RO        10399    i.IMU_QuaternionEKF_F_Linearization_P_Fading  quaternionekf.o
    0x0800be8c   0x0800be8c   0x00000130   Code   RO        10400    i.IMU_QuaternionEKF_Init  quaternionekf.o
    0x0800bfbc   0x0800bfbc   0x00000034   Code   RO        10401    i.IMU_QuaternionEKF_Observe  quaternionekf.o
    0x0800bff0   0x0800bff0   0x00000128   Code   RO        10402    i.IMU_QuaternionEKF_SetH  quaternionekf.o
    0x0800c118   0x0800c118   0x0000062c   Code   RO        10403    i.IMU_QuaternionEKF_Update  quaternionekf.o
    0x0800c744   0x0800c744   0x00000508   Code   RO        10404    i.IMU_QuaternionEKF_xhatUpdate  quaternionekf.o
    0x0800cc4c   0x0800cc4c   0x00000074   Code   RO        11497    i.IMU_Temperature_Ctrl  ins_task.o
    0x0800ccc0   0x0800ccc0   0x00000078   Code   RO        11498    i.INS_Init          ins_task.o
    0x0800cd38   0x0800cd38   0x0000027c   Code   RO        11499    i.INS_Task          ins_task.o
    0x0800cfb4   0x0800cfb4   0x00000154   Code   RO        11099    i.Image_Trans_Analysis  rc.o
    0x0800d108   0x0800d108   0x0000003e   Code   RO         1174    i.IntToUnicode      usbd_desc.o
    0x0800d146   0x0800d146   0x00000002   PAD
    0x0800d148   0x0800d148   0x00000018   Code   RO        10901    i.JUDGE_GetCoolingValue  judge.o
    0x0800d160   0x0800d160   0x0000000c   Code   RO        10907    i.JUDGE_GetRemainHeat  judge.o
    0x0800d16c   0x0800d16c   0x00000010   Code   RO        10912    i.JUDGE_GetShooterOutputState  judge.o
    0x0800d17c   0x0800d17c   0x0000000c   Code   RO        10913    i.JUDGE_IsValid     judge.o
    0x0800d188   0x0800d188   0x0000003c   Code   RO        11100    i.Judge_UpdateKeys  rc.o
    0x0800d1c4   0x0800d1c4   0x0000070c   Code   RO        10323    i.Kalman_Filter_Init  kalman_filter.o
    0x0800d8d0   0x0800d8d0   0x00000050   Code   RO        10324    i.Kalman_Filter_Measure  kalman_filter.o
    0x0800d920   0x0800d920   0x00000068   Code   RO        10325    i.Kalman_Filter_P_Update  kalman_filter.o
    0x0800d988   0x0800d988   0x00000068   Code   RO        10326    i.Kalman_Filter_PminusUpdate  kalman_filter.o
    0x0800d9f0   0x0800d9f0   0x000000d2   Code   RO        10327    i.Kalman_Filter_SetK  kalman_filter.o
    0x0800dac2   0x0800dac2   0x00000002   PAD
    0x0800dac4   0x0800dac4   0x00000128   Code   RO        10328    i.Kalman_Filter_Update  kalman_filter.o
    0x0800dbec   0x0800dbec   0x0000007c   Code   RO        10329    i.Kalman_Filter_xhatMinusUpdate  kalman_filter.o
    0x0800dc68   0x0800dc68   0x00000086   Code   RO        10330    i.Kalman_Filter_xhatUpdate  kalman_filter.o
    0x0800dcee   0x0800dcee   0x00000086   Code   RO         9759    i.LKMotor_Update    moto.o
    0x0800dd74   0x0800dd74   0x000000c0   Code   RO          609    i.MX_DMA_Init       dma.o
    0x0800de34   0x0800de34   0x00000084   Code   RO          635    i.MX_FDCAN1_Init    fdcan.o
    0x0800deb8   0x0800deb8   0x00000088   Code   RO          636    i.MX_FDCAN2_Init    fdcan.o
    0x0800df40   0x0800df40   0x00000084   Code   RO          637    i.MX_FDCAN3_Init    fdcan.o
    0x0800dfc4   0x0800dfc4   0x000001e8   Code   RO          460    i.MX_FREERTOS_Init  freertos.o
    0x0800e1ac   0x0800e1ac   0x0000010c   Code   RO          436    i.MX_GPIO_Init      gpio.o
    0x0800e2b8   0x0800e2b8   0x00000064   Code   RO          708    i.MX_SPI2_Init      spi.o
    0x0800e31c   0x0800e31c   0x0000007c   Code   RO          751    i.MX_TIM12_Init     tim.o
    0x0800e398   0x0800e398   0x0000007c   Code   RO          752    i.MX_TIM3_Init      tim.o
    0x0800e414   0x0800e414   0x000000c0   Code   RO          753    i.MX_TIM8_Init      tim.o
    0x0800e4d4   0x0800e4d4   0x00000074   Code   RO          810    i.MX_UART5_Init     usart.o
    0x0800e548   0x0800e548   0x0000006c   Code   RO          811    i.MX_USART1_UART_Init  usart.o
    0x0800e5b4   0x0800e5b4   0x0000007c   Code   RO          812    i.MX_USART2_UART_Init  usart.o
    0x0800e630   0x0800e630   0x0000007c   Code   RO          813    i.MX_USART3_UART_Init  usart.o
    0x0800e6ac   0x0800e6ac   0x00000050   Code   RO         1125    i.MX_USB_DEVICE_Init  usb_device.o
    0x0800e6fc   0x0800e6fc   0x00000004   Code   RO          885    i.MemManage_Handler  stm32h7xx_it.o
    0x0800e700   0x0800e700   0x000000ac   Code   RO         9760    i.Motor_CalcAngle   moto.o
    0x0800e7ac   0x0800e7ac   0x0000000e   Code   RO         9761    i.Motor_StartCalcAngle  moto.o
    0x0800e7ba   0x0800e7ba   0x00000002   PAD
    0x0800e7bc   0x0800e7bc   0x00000038   Code   RO         9049    i.Motor_StartCalcAngle_M4005  chassis.o
    0x0800e7f4   0x0800e7f4   0x0000000e   Code   RO         9762    i.Motor_Update      moto.o
    0x0800e802   0x0800e802   0x00000004   Code   RO          886    i.NMI_Handler       stm32h7xx_it.o
    0x0800e806   0x0800e806   0x00000002   PAD
    0x0800e808   0x0800e808   0x00000248   Code   RO        10512    i.OLS_Derivative    user_lib.o
    0x0800ea50   0x0800ea50   0x00000024   Code   RO         9614    i.OS_BeepCallback   beep.o
    0x0800ea74   0x0800ea74   0x00000070   Code   RO        11044    i.OS_Board2BoardCallback  board2board.o
    0x0800eae4   0x0800eae4   0x00000016   Code   RO         9050    i.OS_ChassisCallback  chassis.o
    0x0800eafa   0x0800eafa   0x00000016   Code   RO        10829    i.OS_DetectCallback  detect.o
    0x0800eb10   0x0800eb10   0x000000c0   Code   RO        11207    i.OS_ErrorCallback  userfreertos.o
    0x0800ebd0   0x0800ebd0   0x00000016   Code   RO         9227    i.OS_GimbalCallback  gimbal.o
    0x0800ebe6   0x0800ebe6   0x00000014   Code   RO        11500    i.OS_IMUCallback    ins_task.o
    0x0800ebfa   0x0800ebfa   0x0000001a   Code   RO        10914    i.OS_JudgeCallback  judge.o
    0x0800ec14   0x0800ec14   0x0000004c   Code   RO        11208    i.OS_LedCallback    userfreertos.o
    0x0800ec60   0x0800ec60   0x00000024   Code   RO         9763    i.OS_MotorCallback  moto.o
    0x0800ec84   0x0800ec84   0x0000012c   Code   RO        11101    i.OS_RcCallback     rc.o
    0x0800edb0   0x0800edb0   0x0000000a   Code   RO          472    i.OS_RmVisionCallBack  freertos.o
    0x0800edba   0x0800edba   0x00000002   PAD
    0x0800edbc   0x0800edbc   0x00000038   Code   RO         9358    i.OS_ShooterCallback  shooter.o
    0x0800edf4   0x0800edf4   0x0000001c   Code   RO         9861    i.OS_SuperCapCallback  super_cap.o
    0x0800ee10   0x0800ee10   0x0000000a   Code   RO          475    i.OS_UICallBack     freertos.o
    0x0800ee1a   0x0800ee1a   0x00000002   PAD
    0x0800ee1c   0x0800ee1c   0x0000001c   Code   RO         9488    i.OS_VisionCallback  vision.o
    0x0800ee38   0x0800ee38   0x00000010   Code   RO          887    i.OTG_HS_IRQHandler  stm32h7xx_it.o
    0x0800ee48   0x0800ee48   0x00000064   Code   RO         2601    i.PCD_EP_OutSetupPacket_int  stm32h7xx_hal_pcd.o
    0x0800eeac   0x0800eeac   0x00000144   Code   RO         2602    i.PCD_EP_OutXfrComplete_int  stm32h7xx_hal_pcd.o
    0x0800eff0   0x0800eff0   0x000000b6   Code   RO         2603    i.PCD_WriteEmptyTxFifo  stm32h7xx_hal_pcd.o
    0x0800f0a6   0x0800f0a6   0x000000fa   Code   RO        10160    i.PIDRegulation     pid.o
    0x0800f1a0   0x0800f1a0   0x000002cc   Code   RO        10652    i.PID_Calculate     controller.o
    0x0800f46c   0x0800f46c   0x00000038   Code   RO        10162    i.PID_CascadeCalc_INT  pid.o
    0x0800f4a4   0x0800f4a4   0x00000028   Code   RO        10163    i.PID_Clear         pid.o
    0x0800f4cc   0x0800f4cc   0x00000024   Code   RO        10164    i.PID_Init          pid.o
    0x0800f4f0   0x0800f4f0   0x00000006   Code   RO        10165    i.PID_SetDeadzone   pid.o
    0x0800f4f6   0x0800f4f6   0x00000006   Code   RO        10166    i.PID_SetMaxOutput  pid.o
    0x0800f4fc   0x0800f4fc   0x0000011c   Code   RO        10167    i.PID_SingleCalc    pid.o
    0x0800f618   0x0800f618   0x00000118   Code   RO        10168    i.PID_SingleCalc_INT  pid.o
    0x0800f730   0x0800f730   0x000002a4   Code   RO         9228    i.PitchLimit        gimbal.o
    0x0800f9d4   0x0800f9d4   0x00000006   Code   RO        10088    i.Queue_AttachBuffer  myqueue.o
    0x0800f9da   0x0800f9da   0x00000056   Code   RO        10091    i.Queue_Enqueue     myqueue.o
    0x0800fa30   0x0800fa30   0x00000012   Code   RO        10093    i.Queue_Init        myqueue.o
    0x0800fa42   0x0800fa42   0x0000001e   Code   RO        10095    i.Queue_IsFull      myqueue.o
    0x0800fa60   0x0800fa60   0x00000164   Code   RO         3315    i.RCCEx_PLL2_Config  stm32h7xx_hal_rcc_ex.o
    0x0800fbc4   0x0800fbc4   0x00000164   Code   RO         3316    i.RCCEx_PLL3_Config  stm32h7xx_hal_rcc_ex.o
    0x0800fd28   0x0800fd28   0x000001f8   Code   RO        11102    i.RC_Init           rc.o
    0x0800ff20   0x0800ff20   0x0000003c   Code   RO        11103    i.RC_InitKeyJudgeTime  rc.o
    0x0800ff5c   0x0800ff5c   0x00000014   Code   RO        11104    i.RC_InitKeys       rc.o
    0x0800ff70   0x0800ff70   0x00000204   Code   RO        11105    i.RC_LostCallback   rc.o
    0x08010174   0x08010174   0x00000154   Code   RO        11106    i.RC_ParseUsart     rc.o
    0x080102c8   0x080102c8   0x00000264   Code   RO        11107    i.RC_Register       rc.o
    0x0801052c   0x0801052c   0x000003e0   Code   RO        11108    i.RC_UpdateKeys     rc.o
    0x0801090c   0x0801090c   0x00000100   Code   RO        11045    i.RS485_Init        board2board.o
    0x08010a0c   0x08010a0c   0x00000420   Code   RO        11046    i.RS485_Rec         board2board.o
    0x08010e2c   0x08010e2c   0x000002c8   Code   RO        11047    i.Rs485_Trans       board2board.o
    0x080110f4   0x080110f4   0x00000016   Code   RO        10286    i.SMCInit           smc.o
    0x0801110a   0x0801110a   0x00000002   PAD
    0x0801110c   0x0801110c   0x00000010   Code   RO          888    i.SPI2_IRQHandler   stm32h7xx_it.o
    0x0801111c   0x0801111c   0x000000d6   Code   RO         6355    i.SPI_CloseTransfer  stm32h7xx_hal_spi.o
    0x080111f2   0x080111f2   0x0000001c   Code   RO         6356    i.SPI_DMAAbortOnError  stm32h7xx_hal_spi.o
    0x0801120e   0x0801120e   0x0000001a   Code   RO         6366    i.SPI_GetPacketSize  stm32h7xx_hal_spi.o
    0x08011228   0x08011228   0x00000042   Code   RO         6373    i.SPI_WaitOnFlagUntilTimeout  stm32h7xx_hal_spi.o
    0x0801126a   0x0801126a   0x00000012   Code   RO         8764    i.SWAPBYTE          usbd_ctlreq.o
    0x0801127c   0x0801127c   0x00000074   Code   RO         9359    i.Shooter_DecFricSpeed_KeyCallback  shooter.o
    0x080112f0   0x080112f0   0x00000074   Code   RO         9360    i.Shooter_IncFricSpeed_KeyCallback  shooter.o
    0x08011364   0x08011364   0x00000048   Code   RO         9361    i.Shooter_Init      shooter.o
    0x080113ac   0x080113ac   0x0000011c   Code   RO         9362    i.Shooter_InitPID   shooter.o
    0x080114c8   0x080114c8   0x00000060   Code   RO         9363    i.Shooter_RegisterEvents  shooter.o
    0x08011528   0x08011528   0x0000005c   Code   RO         9364    i.Shooter_RockerCtrl  shooter.o
    0x08011584   0x08011584   0x0000001c   Code   RO         9365    i.Shooter_StartFric_KeyCallback  shooter.o
    0x080115a0   0x080115a0   0x00000050   Code   RO         9366    i.Shooter_SwitchState_KeyCallback  shooter.o
    0x080115f0   0x080115f0   0x000000a8   Code   RO         9368    i.Shooter_state     shooter.o
    0x08011698   0x08011698   0x00000006   Code   RO        10238    i.Slope_GetVal      slope.o
    0x0801169e   0x0801169e   0x00000002   PAD
    0x080116a0   0x080116a0   0x00000020   Code   RO        10239    i.Slope_Init        slope.o
    0x080116c0   0x080116c0   0x0000009c   Code   RO        10240    i.Slope_NextVal     slope.o
    0x0801175c   0x0801175c   0x00000006   Code   RO        10242    i.Slope_SetTarget   slope.o
    0x08011762   0x08011762   0x0000000c   Code   RO        11209    i.StartDefaultTask  userfreertos.o
    0x0801176e   0x0801176e   0x00000002   PAD
    0x08011770   0x08011770   0x00000034   Code   RO         8523    i.SysTick_Handler   port.o
    0x080117a4   0x080117a4   0x000000bc   Code   RO           15    i.SystemClock_Config  main.o
    0x08011860   0x08011860   0x0000010c   Code   RO         7208    i.SystemInit        system_stm32h7xx.o
    0x0801196c   0x0801196c   0x00000010   Code   RO          889    i.TIM2_IRQHandler   stm32h7xx_it.o
    0x0801197c   0x0801197c   0x00000018   Code   RO          890    i.TIM8_BRK_TIM12_IRQHandler  stm32h7xx_it.o
    0x08011994   0x08011994   0x000000e8   Code   RO         1632    i.TIM_Base_SetConfig  stm32h7xx_hal_tim.o
    0x08011a7c   0x08011a7c   0x00000022   Code   RO         1633    i.TIM_CCxChannelCmd  stm32h7xx_hal_tim.o
    0x08011a9e   0x08011a9e   0x00000068   Code   RO         1636    i.TIM_DMADelayPulseCplt  stm32h7xx_hal_tim.o
    0x08011b06   0x08011b06   0x00000040   Code   RO         1637    i.TIM_DMADelayPulseHalfCplt  stm32h7xx_hal_tim.o
    0x08011b46   0x08011b46   0x0000005e   Code   RO         1638    i.TIM_DMAError      stm32h7xx_hal_tim.o
    0x08011ba4   0x08011ba4   0x000000ac   Code   RO         1645    i.TIM_OC1_SetConfig  stm32h7xx_hal_tim.o
    0x08011c50   0x08011c50   0x000000b4   Code   RO         1646    i.TIM_OC2_SetConfig  stm32h7xx_hal_tim.o
    0x08011d04   0x08011d04   0x000000b4   Code   RO         1647    i.TIM_OC3_SetConfig  stm32h7xx_hal_tim.o
    0x08011db8   0x08011db8   0x00000074   Code   RO         1648    i.TIM_OC4_SetConfig  stm32h7xx_hal_tim.o
    0x08011e2c   0x08011e2c   0x00000070   Code   RO         1649    i.TIM_OC5_SetConfig  stm32h7xx_hal_tim.o
    0x08011e9c   0x08011e9c   0x00000070   Code   RO         1650    i.TIM_OC6_SetConfig  stm32h7xx_hal_tim.o
    0x08011f0c   0x08011f0c   0x0000003a   Code   RO        11466    i.TIM_Set_PWM       bsp_pwm.o
    0x08011f46   0x08011f46   0x00000002   PAD
    0x08011f48   0x08011f48   0x00000168   Code   RO         9764    i.Task_CANMotors_Callback  moto.o
    0x080120b0   0x080120b0   0x00000120   Code   RO        10830    i.Task_Detect_Callback  detect.o
    0x080121d0   0x080121d0   0x0000019c   Code   RO         9229    i.Task_Gimbal_Callback  gimbal.o
    0x0801236c   0x0801236c   0x0000016c   Code   RO        11109    i.Task_RC_Callback  rc.o
    0x080124d8   0x080124d8   0x000004e4   Code   RO         9369    i.Task_Shooter_Callback  shooter.o
    0x080129bc   0x080129bc   0x00000108   Code   RO          891    i.UART5_IRQHandler  stm32h7xx_it.o
    0x08012ac4   0x08012ac4   0x00000058   Code   RO         7097    i.UARTEx_SetNbDataToProcess  stm32h7xx_hal_uart_ex.o
    0x08012b1c   0x08012b1c   0x000000f8   Code   RO         6701    i.UART_AdvFeatureConfig  stm32h7xx_hal_uart.o
    0x08012c14   0x08012c14   0x000000ea   Code   RO         6702    i.UART_CheckIdleState  stm32h7xx_hal_uart.o
    0x08012cfe   0x08012cfe   0x00000014   Code   RO         6703    i.UART_DMAAbortOnError  stm32h7xx_hal_uart.o
    0x08012d12   0x08012d12   0x0000005e   Code   RO         6704    i.UART_DMAError     stm32h7xx_hal_uart.o
    0x08012d70   0x08012d70   0x000000ae   Code   RO         6705    i.UART_DMAReceiveCplt  stm32h7xx_hal_uart.o
    0x08012e1e   0x08012e1e   0x00000026   Code   RO         6707    i.UART_DMARxHalfCplt  stm32h7xx_hal_uart.o
    0x08012e44   0x08012e44   0x00000054   Code   RO         6709    i.UART_DMATransmitCplt  stm32h7xx_hal_uart.o
    0x08012e98   0x08012e98   0x0000000e   Code   RO         6711    i.UART_DMATxHalfCplt  stm32h7xx_hal_uart.o
    0x08012ea6   0x08012ea6   0x00000002   PAD
    0x08012ea8   0x08012ea8   0x0000006c   Code   RO         6713    i.UART_EndRxTransfer  stm32h7xx_hal_uart.o
    0x08012f14   0x08012f14   0x00000030   Code   RO         6714    i.UART_EndTransmit_IT  stm32h7xx_hal_uart.o
    0x08012f44   0x08012f44   0x00000040   Code   RO         6715    i.UART_EndTxTransfer  stm32h7xx_hal_uart.o
    0x08012f84   0x08012f84   0x00000628   Code   RO         6720    i.UART_SetConfig    stm32h7xx_hal_uart.o
    0x080135ac   0x080135ac   0x000000c8   Code   RO         6721    i.UART_Start_Receive_DMA  stm32h7xx_hal_uart.o
    0x08013674   0x08013674   0x000000ac   Code   RO         6727    i.UART_WaitOnFlagUntilTimeout  stm32h7xx_hal_uart.o
    0x08013720   0x08013720   0x0000001c   Code   RO         9053    i.UI_UPdate         chassis.o
    0x0801373c   0x0801373c   0x00000108   Code   RO          892    i.USART1_IRQHandler  stm32h7xx_it.o
    0x08013844   0x08013844   0x00000108   Code   RO          893    i.USART2_IRQHandler  stm32h7xx_it.o
    0x0801394c   0x0801394c   0x00000010   Code   RO          894    i.USART3_IRQHandler  stm32h7xx_it.o
    0x0801395c   0x0801395c   0x000000c4   Code   RO         8927    i.USBD_CDC_DataIn   usbd_cdc.o
    0x08013a20   0x08013a20   0x00000048   Code   RO         8928    i.USBD_CDC_DataOut  usbd_cdc.o
    0x08013a68   0x08013a68   0x000000d4   Code   RO         8929    i.USBD_CDC_DeInit   usbd_cdc.o
    0x08013b3c   0x08013b3c   0x00000050   Code   RO         8930    i.USBD_CDC_EP0_RxReady  usbd_cdc.o
    0x08013b8c   0x08013b8c   0x00000010   Code   RO         8931    i.USBD_CDC_GetDeviceQualifierDescriptor  usbd_cdc.o
    0x08013b9c   0x08013b9c   0x00000044   Code   RO         8932    i.USBD_CDC_GetFSCfgDesc  usbd_cdc.o
    0x08013be0   0x08013be0   0x00000048   Code   RO         8933    i.USBD_CDC_GetHSCfgDesc  usbd_cdc.o
    0x08013c28   0x08013c28   0x00000044   Code   RO         8934    i.USBD_CDC_GetOtherSpeedCfgDesc  usbd_cdc.o
    0x08013c6c   0x08013c6c   0x000001a0   Code   RO         8935    i.USBD_CDC_Init     usbd_cdc.o
    0x08013e0c   0x08013e0c   0x00000050   Code   RO         8936    i.USBD_CDC_ReceivePacket  usbd_cdc.o
    0x08013e5c   0x08013e5c   0x00000018   Code   RO         8937    i.USBD_CDC_RegisterInterface  usbd_cdc.o
    0x08013e74   0x08013e74   0x0000001e   Code   RO         8938    i.USBD_CDC_SetRxBuffer  usbd_cdc.o
    0x08013e92   0x08013e92   0x00000024   Code   RO         8939    i.USBD_CDC_SetTxBuffer  usbd_cdc.o
    0x08013eb6   0x08013eb6   0x00000140   Code   RO         8940    i.USBD_CDC_Setup    usbd_cdc.o
    0x08013ff6   0x08013ff6   0x00000002   PAD
    0x08013ff8   0x08013ff8   0x0000005c   Code   RO         8941    i.USBD_CDC_TransmitPacket  usbd_cdc.o
    0x08014054   0x08014054   0x0000001c   Code   RO         8602    i.USBD_ClrClassConfig  usbd_core.o
    0x08014070   0x08014070   0x0000003e   Code   RO         8765    i.USBD_ClrFeature   usbd_ctlreq.o
    0x080140ae   0x080140ae   0x00000006   Code   RO         8603    i.USBD_CoreFindEP   usbd_core.o
    0x080140b4   0x080140b4   0x00000006   Code   RO         8604    i.USBD_CoreFindIF   usbd_core.o
    0x080140ba   0x080140ba   0x00000018   Code   RO         8867    i.USBD_CtlContinueRx  usbd_ioreq.o
    0x080140d2   0x080140d2   0x00000018   Code   RO         8868    i.USBD_CtlContinueSendData  usbd_ioreq.o
    0x080140ea   0x080140ea   0x00000018   Code   RO         8766    i.USBD_CtlError     usbd_ctlreq.o
    0x08014102   0x08014102   0x00000028   Code   RO         8869    i.USBD_CtlPrepareRx  usbd_ioreq.o
    0x0801412a   0x0801412a   0x0000001a   Code   RO         8870    i.USBD_CtlReceiveStatus  usbd_ioreq.o
    0x08014144   0x08014144   0x00000022   Code   RO         8871    i.USBD_CtlSendData  usbd_ioreq.o
    0x08014166   0x08014166   0x0000001a   Code   RO         8872    i.USBD_CtlSendStatus  usbd_ioreq.o
    0x08014180   0x08014180   0x00000056   Code   RO         8767    i.USBD_GetConfig    usbd_ctlreq.o
    0x080141d6   0x080141d6   0x00000232   Code   RO         8768    i.USBD_GetDescriptor  usbd_ctlreq.o
    0x08014408   0x08014408   0x00000050   Code   RO         8606    i.USBD_GetEpDesc    usbd_core.o
    0x08014458   0x08014458   0x00000016   Code   RO         8769    i.USBD_GetLen       usbd_ctlreq.o
    0x0801446e   0x0801446e   0x00000014   Code   RO         8607    i.USBD_GetNextDesc  usbd_core.o
    0x08014482   0x08014482   0x0000005a   Code   RO         8770    i.USBD_GetStatus    usbd_ctlreq.o
    0x080144dc   0x080144dc   0x00000068   Code   RO         8771    i.USBD_GetString    usbd_ctlreq.o
    0x08014544   0x08014544   0x0000002c   Code   RO         1343    i.USBD_Get_USB_Status  usbd_conf.o
    0x08014570   0x08014570   0x00000034   Code   RO         1175    i.USBD_HS_ConfigStrDescriptor  usbd_desc.o
    0x080145a4   0x080145a4   0x00000010   Code   RO         1176    i.USBD_HS_DeviceDescriptor  usbd_desc.o
    0x080145b4   0x080145b4   0x00000038   Code   RO         1177    i.USBD_HS_InterfaceStrDescriptor  usbd_desc.o
    0x080145ec   0x080145ec   0x00000010   Code   RO         1178    i.USBD_HS_LangIDStrDescriptor  usbd_desc.o
    0x080145fc   0x080145fc   0x0000002c   Code   RO         1179    i.USBD_HS_ManufacturerStrDescriptor  usbd_desc.o
    0x08014628   0x08014628   0x00000040   Code   RO         1180    i.USBD_HS_ProductStrDescriptor  usbd_desc.o
    0x08014668   0x08014668   0x00000018   Code   RO         1181    i.USBD_HS_SerialStrDescriptor  usbd_desc.o
    0x08014680   0x08014680   0x0000003a   Code   RO         8608    i.USBD_Init         usbd_core.o
    0x080146ba   0x080146ba   0x00000026   Code   RO         1344    i.USBD_LL_ClearStallEP  usbd_conf.o
    0x080146e0   0x080146e0   0x00000026   Code   RO         1345    i.USBD_LL_CloseEP   usbd_conf.o
    0x08014706   0x08014706   0x00000108   Code   RO         8609    i.USBD_LL_DataInStage  usbd_core.o
    0x0801480e   0x0801480e   0x00000102   Code   RO         8610    i.USBD_LL_DataOutStage  usbd_core.o
    0x08014910   0x08014910   0x00000006   Code   RO         8611    i.USBD_LL_DevConnected  usbd_core.o
    0x08014916   0x08014916   0x00000026   Code   RO         8612    i.USBD_LL_DevDisconnected  usbd_core.o
    0x0801493c   0x0801493c   0x00000012   Code   RO         1349    i.USBD_LL_GetRxDataSize  usbd_conf.o
    0x0801494e   0x0801494e   0x00000002   PAD
    0x08014950   0x08014950   0x00000070   Code   RO         1350    i.USBD_LL_Init      usbd_conf.o
    0x080149c0   0x080149c0   0x00000038   Code   RO         1351    i.USBD_LL_IsStallEP  usbd_conf.o
    0x080149f8   0x080149f8   0x00000048   Code   RO         8613    i.USBD_LL_IsoINIncomplete  usbd_core.o
    0x08014a40   0x08014a40   0x00000048   Code   RO         8614    i.USBD_LL_IsoOUTIncomplete  usbd_core.o
    0x08014a88   0x08014a88   0x00000030   Code   RO         1352    i.USBD_LL_OpenEP    usbd_conf.o
    0x08014ab8   0x08014ab8   0x00000030   Code   RO         1353    i.USBD_LL_PrepareReceive  usbd_conf.o
    0x08014ae8   0x08014ae8   0x0000006c   Code   RO         8615    i.USBD_LL_Reset     usbd_core.o
    0x08014b54   0x08014b54   0x00000016   Code   RO         8616    i.USBD_LL_Resume    usbd_core.o
    0x08014b6a   0x08014b6a   0x00000028   Code   RO         8617    i.USBD_LL_SOF       usbd_core.o
    0x08014b92   0x08014b92   0x00000008   Code   RO         8618    i.USBD_LL_SetSpeed  usbd_core.o
    0x08014b9a   0x08014b9a   0x00000026   Code   RO         1354    i.USBD_LL_SetUSBAddress  usbd_conf.o
    0x08014bc0   0x08014bc0   0x00000076   Code   RO         8619    i.USBD_LL_SetupStage  usbd_core.o
    0x08014c36   0x08014c36   0x00000026   Code   RO         1355    i.USBD_LL_StallEP   usbd_conf.o
    0x08014c5c   0x08014c5c   0x0000001e   Code   RO         1356    i.USBD_LL_Start     usbd_conf.o
    0x08014c7a   0x08014c7a   0x0000001c   Code   RO         8620    i.USBD_LL_Suspend   usbd_core.o
    0x08014c96   0x08014c96   0x00000030   Code   RO         1358    i.USBD_LL_Transmit  usbd_conf.o
    0x08014cc6   0x08014cc6   0x00000036   Code   RO         8772    i.USBD_ParseSetupRequest  usbd_ctlreq.o
    0x08014cfc   0x08014cfc   0x00000048   Code   RO         8621    i.USBD_RegisterClass  usbd_core.o
    0x08014d44   0x08014d44   0x00000006   Code   RO         8622    i.USBD_RunTestMode  usbd_core.o
    0x08014d4a   0x08014d4a   0x0000005a   Code   RO         8773    i.USBD_SetAddress   usbd_ctlreq.o
    0x08014da4   0x08014da4   0x00000020   Code   RO         8623    i.USBD_SetClassConfig  usbd_core.o
    0x08014dc4   0x08014dc4   0x00000104   Code   RO         8774    i.USBD_SetConfig    usbd_ctlreq.o
    0x08014ec8   0x08014ec8   0x00000038   Code   RO         8775    i.USBD_SetFeature   usbd_ctlreq.o
    0x08014f00   0x08014f00   0x0000000c   Code   RO         8624    i.USBD_Start        usbd_core.o
    0x08014f0c   0x08014f0c   0x000000ae   Code   RO         8776    i.USBD_StdDevReq    usbd_ctlreq.o
    0x08014fba   0x08014fba   0x00000280   Code   RO         8777    i.USBD_StdEPReq     usbd_ctlreq.o
    0x0801523a   0x0801523a   0x000000ae   Code   RO         8778    i.USBD_StdItfReq    usbd_ctlreq.o
    0x080152e8   0x080152e8   0x00000002   Code   RO         1359    i.USBD_static_free  usbd_conf.o
    0x080152ea   0x080152ea   0x00000002   PAD
    0x080152ec   0x080152ec   0x0000000c   Code   RO         1360    i.USBD_static_malloc  usbd_conf.o
    0x080152f8   0x080152f8   0x000000d0   Code   RO         2877    i.USB_ActivateEndpoint  stm32h7xx_ll_usb.o
    0x080153c8   0x080153c8   0x00000028   Code   RO         2879    i.USB_ActivateSetup  stm32h7xx_ll_usb.o
    0x080153f0   0x080153f0   0x000000a0   Code   RO         2881    i.USB_CoreInit      stm32h7xx_ll_usb.o
    0x08015490   0x08015490   0x00000054   Code   RO         2882    i.USB_CoreReset     stm32h7xx_ll_usb.o
    0x080154e4   0x080154e4   0x0000014c   Code   RO         2885    i.USB_DeactivateEndpoint  stm32h7xx_ll_usb.o
    0x08015630   0x08015630   0x00000024   Code   RO         2886    i.USB_DevConnect    stm32h7xx_ll_usb.o
    0x08015654   0x08015654   0x00000024   Code   RO         2887    i.USB_DevDisconnect  stm32h7xx_ll_usb.o
    0x08015678   0x08015678   0x000001e0   Code   RO         2888    i.USB_DevInit       stm32h7xx_ll_usb.o
    0x08015858   0x08015858   0x0000000e   Code   RO         2889    i.USB_DisableGlobalInt  stm32h7xx_ll_usb.o
    0x08015866   0x08015866   0x00000002   PAD
    0x08015868   0x08015868   0x00000070   Code   RO         2892    i.USB_EP0_OutStart  stm32h7xx_ll_usb.o
    0x080158d8   0x080158d8   0x0000008e   Code   RO         2893    i.USB_EPClearStall  stm32h7xx_ll_usb.o
    0x08015966   0x08015966   0x0000009a   Code   RO         2894    i.USB_EPSetStall    stm32h7xx_ll_usb.o
    0x08015a00   0x08015a00   0x000003c0   Code   RO         2895    i.USB_EPStartXfer   stm32h7xx_ll_usb.o
    0x08015dc0   0x08015dc0   0x000000ec   Code   RO         2896    i.USB_EPStopXfer    stm32h7xx_ll_usb.o
    0x08015eac   0x08015eac   0x0000000e   Code   RO         2897    i.USB_EnableGlobalInt  stm32h7xx_ll_usb.o
    0x08015eba   0x08015eba   0x00000050   Code   RO         2898    i.USB_FlushRxFifo   stm32h7xx_ll_usb.o
    0x08015f0a   0x08015f0a   0x00000054   Code   RO         2899    i.USB_FlushTxFifo   stm32h7xx_ll_usb.o
    0x08015f5e   0x08015f5e   0x00000026   Code   RO         2901    i.USB_GetDevSpeed   stm32h7xx_ll_usb.o
    0x08015f84   0x08015f84   0x0000000a   Code   RO         2903    i.USB_GetMode       stm32h7xx_ll_usb.o
    0x08015f8e   0x08015f8e   0x00000014   Code   RO         2911    i.USB_ReadDevAllInEpInterrupt  stm32h7xx_ll_usb.o
    0x08015fa2   0x08015fa2   0x00000014   Code   RO         2912    i.USB_ReadDevAllOutEpInterrupt  stm32h7xx_ll_usb.o
    0x08015fb6   0x08015fb6   0x00000032   Code   RO         2913    i.USB_ReadDevInEPInterrupt  stm32h7xx_ll_usb.o
    0x08015fe8   0x08015fe8   0x0000001a   Code   RO         2914    i.USB_ReadDevOutEPInterrupt  stm32h7xx_ll_usb.o
    0x08016002   0x08016002   0x0000000a   Code   RO         2915    i.USB_ReadInterrupts  stm32h7xx_ll_usb.o
    0x0801600c   0x0801600c   0x00000060   Code   RO         2916    i.USB_ReadPacket    stm32h7xx_ll_usb.o
    0x0801606c   0x0801606c   0x00000068   Code   RO         2918    i.USB_SetCurrentMode  stm32h7xx_ll_usb.o
    0x080160d4   0x080160d4   0x0000002a   Code   RO         2919    i.USB_SetDevAddress  stm32h7xx_ll_usb.o
    0x080160fe   0x080160fe   0x00000012   Code   RO         2920    i.USB_SetDevSpeed   stm32h7xx_ll_usb.o
    0x08016110   0x08016110   0x000000e8   Code   RO         2921    i.USB_SetTurnaroundTime  stm32h7xx_ll_usb.o
    0x080161f8   0x080161f8   0x00000044   Code   RO         2924    i.USB_WritePacket   stm32h7xx_ll_usb.o
    0x0801623c   0x0801623c   0x00000080   Code   RO         9912    i.USER_CAN_Send     user_can.o
    0x080162bc   0x080162bc   0x00000054   Code   RO         9914    i.USER_CAN_SetMotorCurrent  user_can.o
    0x08016310   0x08016310   0x00000038   Code   RO         9919    i.USER_CAN_SetMotorTorque  user_can.o
    0x08016348   0x08016348   0x00000004   Code   RO          895    i.UsageFault_Handler  stm32h7xx_it.o
    0x0801634c   0x0801634c   0x0000000c   Code   RO        11503    i.User_Imu_GetPitch  ins_task.o
    0x08016358   0x08016358   0x0000000c   Code   RO        11505    i.User_Imu_GetYaw   ins_task.o
    0x08016364   0x08016364   0x00000024   Code   RO        11509    i.User_Imu_Get_Y_Gyro  ins_task.o
    0x08016388   0x08016388   0x00000024   Code   RO        11511    i.User_Imu_Get_Z_Gyro  ins_task.o
    0x080163ac   0x080163ac   0x00000040   Code   RO        10778    i.Verify_CRC16_Check_Sum  crc.o
    0x080163ec   0x080163ec   0x00000030   Code   RO        10779    i.Verify_CRC8_Check_Sum  crc.o
    0x0801641c   0x0801641c   0x0000001c   Code   RO         9489    i.Vision_Change_KeyCallback  vision.o
    0x08016438   0x08016438   0x00000048   Code   RO         9490    i.Vision_DataReceive  vision.o
    0x08016480   0x08016480   0x00000024   Code   RO         9491    i.Vision_DataTransmit  vision.o
    0x080164a4   0x080164a4   0x000000b0   Code   RO         9492    i.Vision_DataUpdate  vision.o
    0x08016554   0x08016554   0x00000028   Code   RO         9493    i.Vision_Expo_KeyCallback  vision.o
    0x0801657c   0x0801657c   0x00000014   Code   RO         9494    i.Vision_Init       vision.o
    0x08016590   0x08016590   0x0000022c   Code   RO         9495    i.Vision_ParseData  vision.o
    0x080167bc   0x080167bc   0x00000040   Code   RO         9496    i.Vision_RegisterEvents  vision.o
    0x080167fc   0x080167fc   0x00000020   Code   RO         9498    i.Vision_RuneDir_KeyCallback  vision.o
    0x0801681c   0x0801681c   0x00000026   Code   RO        18586    i.__ARM_fpclassifyf  m_wv.l(fpclassifyf.o)
    0x08016842   0x08016842   0x00000002   PAD
    0x08016844   0x08016844   0x00000010   Code   RO         4623    i.__NVIC_GetPriorityGrouping  stm32h7xx_hal_cortex.o
    0x08016854   0x08016854   0x00000028   Code   RO         4624    i.__NVIC_SetPriority  stm32h7xx_hal_cortex.o
    0x0801687c   0x0801687c   0x00000124   Code   RO        18301    i.__hardfp_acosf    m_wv.l(acosf.o)
    0x080169a0   0x080169a0   0x00000138   Code   RO        18313    i.__hardfp_asinf    m_wv.l(asinf.o)
    0x08016ad8   0x08016ad8   0x00000258   Code   RO        18325    i.__hardfp_atan2f   m_wv.l(atan2f.o)
    0x08016d30   0x08016d30   0x0000003a   Code   RO        18455    i.__hardfp_sqrtf    m_wv.l(sqrtf.o)
    0x08016d6a   0x08016d6a   0x00000006   Code   RO        18589    i.__mathlib_flt_infnan  m_wv.l(funder.o)
    0x08016d70   0x08016d70   0x00000006   Code   RO        18590    i.__mathlib_flt_infnan2  m_wv.l(funder.o)
    0x08016d76   0x08016d76   0x00000002   PAD
    0x08016d78   0x08016d78   0x00000010   Code   RO        18591    i.__mathlib_flt_invalid  m_wv.l(funder.o)
    0x08016d88   0x08016d88   0x00000010   Code   RO        18594    i.__mathlib_flt_underflow  m_wv.l(funder.o)
    0x08016d98   0x08016d98   0x00000084   Code   RO        13238    i.arm_cos_f32       fastmathfunctions.o
    0x08016e1c   0x08016e1c   0x0000002a   Code   RO        14635    i.arm_mat_add_f32   matrixfunctions.o
    0x08016e46   0x08016e46   0x00000008   Code   RO        14646    i.arm_mat_init_f32  matrixfunctions.o
    0x08016e4e   0x08016e4e   0x00000002   PAD
    0x08016e50   0x08016e50   0x000002b8   Code   RO        14650    i.arm_mat_inverse_f32  matrixfunctions.o
    0x08017108   0x08017108   0x00000070   Code   RO        14654    i.arm_mat_mult_f32  matrixfunctions.o
    0x08017178   0x08017178   0x0000002a   Code   RO        14671    i.arm_mat_sub_f32   matrixfunctions.o
    0x080171a2   0x080171a2   0x00000032   Code   RO        14675    i.arm_mat_trans_f32  matrixfunctions.o
    0x080171d4   0x080171d4   0x00000080   Code   RO        13243    i.arm_sin_f32       fastmathfunctions.o
    0x08017254   0x08017254   0x0000016c   Code   RO        11262    i.bmi088_accel_init  bmi088driver.o
    0x080173c0   0x080173c0   0x00000130   Code   RO        11263    i.bmi088_gyro_init  bmi088driver.o
    0x080174f0   0x080174f0   0x00000022   Code   RO         9920    i.check_can_bus     user_can.o
    0x08017512   0x08017512   0x00000002   PAD
    0x08017514   0x08017514   0x00000024   Code   RO         9921    i.clear_error_state  user_can.o
    0x08017538   0x08017538   0x000000f0   Code   RO        10655    i.f_Changing_Integration_Rate  controller.o
    0x08017628   0x08017628   0x00000056   Code   RO        10656    i.f_Derivative_Filter  controller.o
    0x0801767e   0x0801767e   0x000000f4   Code   RO        10657    i.f_Derivative_On_Measurement  controller.o
    0x08017772   0x08017772   0x00000002   PAD
    0x08017774   0x08017774   0x000000ec   Code   RO        10658    i.f_Integral_Limit  controller.o
    0x08017860   0x08017860   0x00000056   Code   RO        10659    i.f_Output_Filter   controller.o
    0x080178b6   0x080178b6   0x00000046   Code   RO        10660    i.f_Output_Limit    controller.o
    0x080178fc   0x080178fc   0x000000b4   Code   RO        10661    i.f_PID_ErrorHandle  controller.o
    0x080179b0   0x080179b0   0x00000046   Code   RO        10662    i.f_Proportion_Limit  controller.o
    0x080179f6   0x080179f6   0x00000080   Code   RO        10663    i.f_Trapezoid_Intergral  controller.o
    0x08017a76   0x08017a76   0x0000002a   Code   RO        10518    i.float_constrain   user_lib.o
    0x08017aa0   0x08017aa0   0x00000048   Code   RO        10520    i.float_rounding    user_lib.o
    0x08017ae8   0x08017ae8   0x00000010   Code   RO         8086    i.inHandlerMode     cmsis_os.o
    0x08017af8   0x08017af8   0x0000003c   Code   RO        10405    i.invSqrt           quaternionekf.o
    0x08017b34   0x08017b34   0x0000003c   Code   RO        11110    i.judge             rc.o
    0x08017b70   0x08017b70   0x000000ac   Code   RO         9922    i.lk_motor_init     user_can.o
    0x08017c1c   0x08017c1c   0x00000088   Code   RO           16    i.main              main.o
    0x08017ca4   0x08017ca4   0x0000000e   Code   RO         8088    i.makeFreeRtosPriority  cmsis_os.o
    0x08017cb2   0x08017cb2   0x00000018   Code   RO         8090    i.osDelay           cmsis_os.o
    0x08017cca   0x08017cca   0x0000000a   Code   RO         8093    i.osKernelStart     cmsis_os.o
    0x08017cd4   0x08017cd4   0x0000005e   Code   RO         8127    i.osThreadCreate    cmsis_os.o
    0x08017d32   0x08017d32   0x00000002   PAD
    0x08017d34   0x08017d34   0x00000034   Code   RO         8131    i.osThreadResume    cmsis_os.o
    0x08017d68   0x08017d68   0x000000a4   Code   RO         7737    i.prvAddCurrentTaskToDelayedList  tasks.o
    0x08017e0c   0x08017e0c   0x000000b4   Code   RO         7738    i.prvAddNewTaskToReadyList  tasks.o
    0x08017ec0   0x08017ec0   0x00000048   Code   RO         7739    i.prvCheckTasksWaitingTermination  tasks.o
    0x08017f08   0x08017f08   0x00000050   Code   RO         7740    i.prvDeleteTCB      tasks.o
    0x08017f58   0x08017f58   0x0000007c   Code   RO         8455    i.prvHeapInit       heap_4.o
    0x08017fd4   0x08017fd4   0x00000028   Code   RO         7741    i.prvIdleTask       tasks.o
    0x08017ffc   0x08017ffc   0x000000b8   Code   RO         7742    i.prvInitialiseNewTask  tasks.o
    0x080180b4   0x080180b4   0x00000068   Code   RO         7743    i.prvInitialiseTaskLists  tasks.o
    0x0801811c   0x0801811c   0x00000068   Code   RO         8456    i.prvInsertBlockIntoFreeList  heap_4.o
    0x08018184   0x08018184   0x00000034   Code   RO         7744    i.prvResetNextTaskUnblockTime  tasks.o
    0x080181b8   0x080181b8   0x00000040   Code   RO         8524    i.prvTaskExitError  port.o
    0x080181f8   0x080181f8   0x00000058   Code   RO         7746    i.prvTaskIsTaskSuspended  tasks.o
    0x08018250   0x08018250   0x0000014c   Code   RO         8457    i.pvPortMalloc      heap_4.o
    0x0801839c   0x0801839c   0x0000002c   Code   RO         8525    i.pxPortInitialiseStack  port.o
    0x080183c8   0x080183c8   0x00000024   Code   RO         9923    i.read_lk_state2    user_can.o
    0x080183ec   0x080183ec   0x0000003e   Code   RO        18457    i.sqrtf             m_wv.l(sqrtf.o)
    0x0801842a   0x0801842a   0x00000028   Code   RO         7350    i.uxListRemove      list.o
    0x08018452   0x08018452   0x00000002   PAD
    0x08018454   0x08018454   0x00000018   Code   RO          478    i.vApplicationGetIdleTaskMemory  freertos.o
    0x0801846c   0x0801846c   0x0000001a   Code   RO         7351    i.vListInitialise   list.o
    0x08018486   0x08018486   0x00000006   Code   RO         7352    i.vListInitialiseItem  list.o
    0x0801848c   0x0801848c   0x00000034   Code   RO         7353    i.vListInsert       list.o
    0x080184c0   0x080184c0   0x00000018   Code   RO         7354    i.vListInsertEnd    list.o
    0x080184d8   0x080184d8   0x00000054   Code   RO         8527    i.vPortEnterCritical  port.o
    0x0801852c   0x0801852c   0x0000003c   Code   RO         8528    i.vPortExitCritical  port.o
    0x08018568   0x08018568   0x000000a4   Code   RO         8458    i.vPortFree         heap_4.o
    0x0801860c   0x0801860c   0x00000028   Code   RO         8529    i.vPortSetupTimerInterrupt  port.o
    0x08018634   0x08018634   0x00000078   Code   RO         8530    i.vPortValidateInterruptPriority  port.o
    0x080186ac   0x080186ac   0x0000005c   Code   RO         7754    i.vTaskDelay        tasks.o
    0x08018708   0x08018708   0x00000090   Code   RO         7765    i.vTaskResume       tasks.o
    0x08018798   0x08018798   0x000000b0   Code   RO         7767    i.vTaskStartScheduler  tasks.o
    0x08018848   0x08018848   0x000000f4   Code   RO         7768    i.vTaskSuspend      tasks.o
    0x0801893c   0x0801893c   0x00000010   Code   RO         7769    i.vTaskSuspendAll   tasks.o
    0x0801894c   0x0801894c   0x0000008c   Code   RO         7770    i.vTaskSwitchContext  tasks.o
    0x080189d8   0x080189d8   0x00000168   Code   RO         8531    i.xPortStartScheduler  port.o
    0x08018b40   0x08018b40   0x00000064   Code   RO         7774    i.xTaskCreate       tasks.o
    0x08018ba4   0x08018ba4   0x000000ba   Code   RO         7775    i.xTaskCreateStatic  tasks.o
    0x08018c5e   0x08018c5e   0x00000002   PAD
    0x08018c60   0x08018c60   0x00000128   Code   RO         7776    i.xTaskGenericNotify  tasks.o
    0x08018d88   0x08018d88   0x00000148   Code   RO         7783    i.xTaskIncrementTick  tasks.o
    0x08018ed0   0x08018ed0   0x00000104   Code   RO         7789    i.xTaskResumeAll    tasks.o
    0x08018fd4   0x08018fd4   0x000000b4   Code   RO         7790    i.xTaskResumeFromISR  tasks.o
    0x08019088   0x08019088   0x0000000a   Code   RO        18663    x$fpl$fpinit        fz_wv.l(fpinit.o)
    0x08019092   0x08019092   0x00000000   Code   RO        18566    x$fpl$usenofp       fz_wv.l(usenofp.o)
    0x08019092   0x08019092   0x00000002   PAD
    0x08019094   0x08019094   0x000001dc   Data   RO          480    .constdata          freertos.o
    0x08019270   0x08019270   0x00000008   Data   RO         3924    .constdata          stm32h7xx_hal_dma.o
    0x08019278   0x08019278   0x0000005c   Data   RO         5806    .constdata          stm32h7xx_hal_fdcan.o
    0x080192d4   0x080192d4   0x00000018   Data   RO         6728    .constdata          stm32h7xx_hal_uart.o
    0x080192ec   0x080192ec   0x00000010   Data   RO         7099    .constdata          stm32h7xx_hal_uart_ex.o
    0x080192fc   0x080192fc   0x00000010   Data   RO         7209    .constdata          system_stm32h7xx.o
    0x0801930c   0x0801930c   0x0000000c   Data   RO         9372    .constdata          shooter.o
    0x08019318   0x08019318   0x00000014   Data   RO         9617    .constdata          beep.o
    0x0801932c   0x0801932c   0x00000090   Data   RO        10407    .constdata          quaternionekf.o
    0x080193bc   0x080193bc   0x00000302   Data   RO        10780    .constdata          crc.o
    0x080196be   0x080196be   0x00000002   PAD
    0x080196c0   0x080196c0   0x00000340   Data   RO        11210    .constdata          userfreertos.o
    0x08019a00   0x08019a00   0x00000030   Data   RO        11513    .constdata          ins_task.o
    0x08019a30   0x08019a30   0x00000804   Data   RO        12414    .constdata          commontables.o
    0x0801a234   0x0801a234   0x000000c4   Data   RO          481    .conststring        freertos.o
    0x0801a2f8   0x0801a2f8   0x00000020   Data   RO        18758    Region$$Table       anon$$obj.o


    Execution Region RW_IRAM2 (Exec base: 0x24000000, Load base: 0x0801a318, Size: 0x000251c0, Max: 0x00050000, ABSOLUTE, COMPRESSED[0x000001b8])

    Exec Addr    Load Addr    Size         Type   Attr      Idx    E Section Name        Object

    0x24000000   COMPRESSED   0x00000044   Data   RW          482    .data               freertos.o
    0x24000044   COMPRESSED   0x00000004   Data   RW          639    .data               fdcan.o
    0x24000048   COMPRESSED   0x0000005e   Data   RW         1184    .data               usbd_desc.o
    0x240000a6   COMPRESSED   0x00000002   PAD
    0x240000a8   COMPRESSED   0x00000014   Data   RW         1276    .data               usbd_cdc_if.o
    0x240000bc   COMPRESSED   0x00000009   Data   RW         4814    .data               stm32h7xx_hal.o
    0x240000c5   COMPRESSED   0x00000003   PAD
    0x240000c8   COMPRESSED   0x00000008   Data   RW         7210    .data               system_stm32h7xx.o
    0x240000d0   COMPRESSED   0x0000003c   Data   RW         7792    .data               tasks.o
    0x2400010c   COMPRESSED   0x00000020   Data   RW         8464    .data               heap_4.o
    0x2400012c   COMPRESSED   0x0000000c   Data   RW         8532    .data               port.o
    0x24000138   COMPRESSED   0x00000001   Data   RW         8779    .data               usbd_ctlreq.o
    0x24000139   COMPRESSED   0x00000003   PAD
    0x2400013c   COMPRESSED   0x0000008a   Data   RW         8942    .data               usbd_cdc.o
    0x240001c6   COMPRESSED   0x00000002   PAD
    0x240001c8   COMPRESSED   0x00000018   Data   RW         9055    .data               chassis.o
    0x240001e0   COMPRESSED   0x0000000a   Data   RW         9231    .data               gimbal.o
    0x240001ea   COMPRESSED   0x00000002   PAD
    0x240001ec   COMPRESSED   0x00000013   Data   RW         9373    .data               shooter.o
    0x240001ff   COMPRESSED   0x00000001   PAD
    0x24000200   COMPRESSED   0x00000060   Data   RW         9500    .data               vision.o
    0x24000260   COMPRESSED   0x00000040   Data   RW         9689    .data               bsp_dwt.o
    0x240002a0   COMPRESSED   0x00000014   Data   RW         9768    .data               moto.o
    0x240002b4   COMPRESSED   0x00000006   Data   RW         9927    .data               user_can.o
    0x240002ba   COMPRESSED   0x00000004   Data   RW        10331    .data               kalman_filter.o
    0x240002be   COMPRESSED   0x00000002   PAD
    0x240002c0   COMPRESSED   0x000000d4   Data   RW        10408    .data               quaternionekf.o
    0x24000394   COMPRESSED   0x00000018   Data   RW        10528    .data               user_lib.o
    0x240003ac   COMPRESSED   0x00000270   Data   RW        10664    .data               controller.o
    0x2400061c   COMPRESSED   0x00000002   Data   RW        10781    .data               crc.o
    0x2400061e   COMPRESSED   0x00000036   Data   RW        10916    .data               judge.o
    0x24000654   COMPRESSED   0x0000001f   Data   RW        11049    .data               board2board.o
    0x24000673   COMPRESSED   0x00000001   PAD
    0x24000674   COMPRESSED   0x00000014   Data   RW        11112    .data               rc.o
    0x24000688   COMPRESSED   0x00000048   Data   RW        11265    .data               bmi088driver.o
    0x240006d0   COMPRESSED   0x00000004   Data   RW        11342    .data               bmi088middleware.o
    0x240006d4   COMPRESSED   0x00000048   Data   RW        11514    .data               ins_task.o
    0x2400071c        -       0x00000254   Zero   RW          479    .bss                freertos.o
    0x24000970        -       0x000001e0   Zero   RW          638    .bss                fdcan.o
    0x24000b50        -       0x00000178   Zero   RW          709    .bss                spi.o
    0x24000cc8        -       0x0000015c   Zero   RW          754    .bss                tim.o
    0x24000e24        -       0x000004a8   Zero   RW          814    .bss                usart.o
    0x240012cc        -       0x0000004c   Zero   RW         1089    .bss                stm32h7xx_hal_timebase_tim.o
    0x24001318        -       0x000002dc   Zero   RW         1126    .bss                usb_device.o
    0x240015f4        -       0x00000200   Zero   RW         1183    .bss                usbd_desc.o
    0x240017f4        -       0x00001000   Zero   RW         1275    .bss                usbd_cdc_if.o
    0x240027f4        -       0x00000704   Zero   RW         1361    .bss                usbd_conf.o
    0x24002ef8        -       0x000000f0   Zero   RW         7791    .bss                tasks.o
    0x24002fe8        -       0x000186a0   Zero   RW         8463    .bss                heap_4.o
    0x2401b688        -       0x00000674   Zero   RW         9054    .bss                chassis.o
    0x2401bcfc        -       0x00000a74   Zero   RW         9230    .bss                gimbal.o
    0x2401c770        -       0x000005f0   Zero   RW         9371    .bss                shooter.o
    0x2401cd60        -       0x00000072   Zero   RW         9499    .bss                vision.o
    0x2401cdd2   COMPRESSED   0x00000002   PAD
    0x2401cdd4        -       0x000000dc   Zero   RW         9616    .bss                beep.o
    0x2401ceb0        -       0x0000002c   Zero   RW         9862    .bss                super_cap.o
    0x2401cedc        -       0x00000010   Zero   RW         9926    .bss                user_can.o
    0x2401ceec   COMPRESSED   0x00000004   PAD
    0x2401cef0        -       0x00000270   Zero   RW        10406    .bss                quaternionekf.o
    0x2401d160        -       0x00000168   Zero   RW        10831    .bss                detect.o
    0x2401d2c8        -       0x00000660   Zero   RW        10915    .bss                judge.o
    0x2401d928        -       0x000000c0   Zero   RW        11048    .bss                board2board.o
    0x2401d9e8        -       0x000015f0   Zero   RW        11111    .bss                rc.o
    0x2401efd8        -       0x00000040   Zero   RW        11264    .bss                bmi088driver.o
    0x2401f018        -       0x00000146   Zero   RW        11512    .bss                ins_task.o
    0x2401f15e   COMPRESSED   0x00000002   PAD
    0x2401f160        -       0x00000060   Zero   RW        18622    .bss                c_w.l(libspace.o)
    0x2401f1c0        -       0x00003000   Zero   RW            2    HEAP                startup_stm32h723xx.o
    0x240221c0        -       0x00003000   Zero   RW            1    STACK               startup_stm32h723xx.o


==============================================================================

Image component sizes


      Code (inc. data)   RO Data    RW Data    ZI Data      Debug   Object Name

       132         30         20          0        220       2984   beep.o
      2890        182          0         72         64      10129   bmi088driver.o
       116         30          0          4          0       3236   bmi088middleware.o
      2136        208          0         31        192       5028   board2board.o
       580        112          0         64          0       4602   bsp_dwt.o
        58          0          0          0          0        906   bsp_pwm.o
      1806        286          0         24       1652      12067   chassis.o
       210          6          0          0          0      29616   cmsis_os.o
         0          0       2052          0          0      13461   commontables.o
      2056         32          0        624          0      11137   controller.o
       248         18        770          2          0       4186   crc.o
       786         62          0          0        360       6370   detect.o
       192          6          0          0          0        874   dma.o
         0          0          0          0          0      16808   event_groups.o
       260         28          0          0          0       1724   fastmathfunctions.o
       972         58          0          4        480       3497   fdcan.o
       144         10          0          0          0       1630   filter.o
       532         86        672         68        596       9043   freertos.o
      2458        256          0         10       2676      14609   gimbal.o
       268         12          0          0          0       1079   gpio.o
       724         76          0         32     100000       7491   heap_4.o
      2564        204         48         72        326      13029   ins_task.o
        90         26          0         54       1632      10173   judge.o
      3160         26          0          4          0       8947   kalman_filter.o
       148          0          0          0          0       3634   list.o
       348         10          0          0          0    1297185   main.o
       950         10          0          0          0      11208   matrixfunctions.o
       730         62          0         20          0       7185   moto.o
       140          0          0          0          0       2765   myqueue.o
      1096         30          0          0          0       7371   pid.o
      1014         92          0         12          0      12169   port.o
      4148        234        144        212        624       8146   quaternionekf.o
      4248        214          0         20       5616      12845   rc.o
      2612        288         12         19       1520      11469   shooter.o
       200          6          0          0          0       3030   slope.o
        22          0          0          0          0       1402   smc.o
       476         36          0          0        376       2039   spi.o
        72         30        716          0      24576        860   startup_stm32h723xx.o
       192         40          0          9          0      23646   stm32h7xx_hal.o
       326         30          0          0          0      39993   stm32h7xx_hal_cortex.o
      8650        164          8          0          0      13430   stm32h7xx_hal_dma.o
      3766         54         92          0          0      24414   stm32h7xx_hal_fdcan.o
       508         50          0          0          0       2148   stm32h7xx_hal_gpio.o
        48          6          0          0          0        838   stm32h7xx_hal_msp.o
      3630         16          0          0          0      13940   stm32h7xx_hal_pcd.o
       130          4          0          0          0       3141   stm32h7xx_hal_pcd_ex.o
       116         12          0          0          0       1366   stm32h7xx_hal_pwr_ex.o
      3496        120          0          0          0       7573   stm32h7xx_hal_rcc.o
      5140        112          0          0          0       7297   stm32h7xx_hal_rcc_ex.o
      2536         30          0          0          0      10381   stm32h7xx_hal_spi.o
      4048        364          0          0          0      19483   stm32h7xx_hal_tim.o
       434         46          0          0          0       4108   stm32h7xx_hal_tim_ex.o
       160         18          0          0         76       1567   stm32h7xx_hal_timebase_tim.o
      4570        178         24          0          0      37898   stm32h7xx_hal_uart.o
       610         14         16          0          0       7400   stm32h7xx_hal_uart_ex.o
      1126        182          0          0          0      14408   stm32h7xx_it.o
      3906         90          0          0          0      23164   stm32h7xx_ll_usb.o
         0          0          0          0          0        400   stream_buffer.o
       328         24          0          0         44       2203   super_cap.o
       304         38         16          8          0       1817   system_stm32h7xx.o
      3126        374          0         60        240      25712   tasks.o
       924         80          0          0        348       4161   tim.o
      1516        116          0          0       1192       4612   usart.o
        80         16          0          0        732       2627   usb_device.o
      1782         54          0        138          0      14457   usbd_cdc.o
       212         22          0         20       4096       4392   usbd_cdc_if.o
       956         30          0          0       1796      17872   usbd_conf.o
      1354          0          0          0          0      16789   usbd_core.o
      2416         22          0          1          0      18092   usbd_ctlreq.o
       386        122          0         94        512       7065   usbd_desc.o
       174          0          0          0          0       4788   usbd_ioreq.o
      1184        122          0          6         16      10183   user_can.o
       698         20          0         24          0       6072   user_lib.o
       300         42        832          0          0       8639   userfreertos.o
      1052        142          0         96        114      15254   vision.o

    ----------------------------------------------------------------------
     98846       5520       5456       1820     150084    1995264   Object Totals
         0          0         32          0          0          0   (incl. Generated)
        76          0          2         16          8          0   (incl. Padding)

    ----------------------------------------------------------------------

      Code (inc. data)   RO Data    RW Data    ZI Data      Debug   Library Member Name

        90          0          0          0          0          0   __dczerorl2.o
         8          0          0          0          0         68   __main.o
         0          0          0          0          0          0   __rtentry.o
        12          0          0          0          0          0   __rtentry2.o
         6          0          0          0          0          0   __rtentry4.o
        52          8          0          0          0          0   __scatter.o
        28          0          0          0          0          0   __scatter_zi.o
        22          0          0          0          0        100   _rserrno.o
        10          0          0          0          0         68   defsig_exit.o
        50          0          0          0          0         88   defsig_general.o
        80         58          0          0          0         76   defsig_rtmem_inner.o
        14          0          0          0          0         80   defsig_rtmem_outer.o
        18          0          0          0          0         80   exit.o
        94          0          0          0          0         80   h1_alloc.o
        52          0          0          0          0         68   h1_extend.o
        78          0          0          0          0         80   h1_free.o
        14          0          0          0          0         84   h1_init.o
         6          0          0          0          0        152   heapauxi.o
         4          0          0          0          0        136   hguard.o
         0          0          0          0          0          0   indicate_semi.o
       138          0          0          0          0        168   init_alloc.o
         2          0          0          0          0          0   libinit.o
        14          0          0          0          0          0   libinit2.o
         2          0          0          0          0          0   libshutdown.o
         2          0          0          0          0          0   libshutdown2.o
         8          4          0          0         96         68   libspace.o
       238          0          0          0          0        100   lludivv7m.o
         0          0          0          0          0          0   maybetermalloc1.o
         8          4          0          0          0         68   rt_errno_addr_intlibspace.o
         8          4          0          0          0         68   rt_heap_descriptor_intlibspace.o
        68          0          0          0          0         68   rt_memclr.o
        78          0          0          0          0         80   rt_memclr_w.o
       138          0          0          0          0         68   rt_memcpy_v6.o
       100          0          0          0          0         80   rt_memcpy_w.o
         2          0          0          0          0          0   rtexit.o
        10          0          0          0          0          0   rtexit2.o
        12          4          0          0          0         68   sys_exit.o
        74          0          0          0          0         80   sys_stackheap_outer.o
        14          0          0          0          0         76   sys_wrch.o
         2          0          0          0          0         68   use_no_semi.o
        10          0          0          0          0        116   fpinit.o
         0          0          0          0          0          0   usenofp.o
       292         58          0          0          0        176   acosf.o
       312         54          0          0          0        176   asinf.o
       600         98          0          0          0        184   atan2f.o
        38          0          0          0          0        116   fpclassifyf.o
        44         12          0          0          0        464   funder.o
       120          0          0          0          0        272   sqrtf.o

    ----------------------------------------------------------------------
      2986        304          0          0         96       3724   Library Totals
        14          0          0          0          0          0   (incl. Padding)

    ----------------------------------------------------------------------

      Code (inc. data)   RO Data    RW Data    ZI Data      Debug   Library Name

      1556         82          0          0         96       2220   c_w.l
        10          0          0          0          0        116   fz_wv.l
      1406        222          0          0          0       1388   m_wv.l

    ----------------------------------------------------------------------
      2986        304          0          0         96       3724   Library Totals

    ----------------------------------------------------------------------

==============================================================================


      Code (inc. data)   RO Data    RW Data    ZI Data      Debug   

    101832       5824       5456       1820     150180    1939892   Grand Totals
    101832       5824       5456        440     150180    1939892   ELF Image Totals (compressed)
    101832       5824       5456        440          0          0   ROM Totals

==============================================================================

    Total RO  Size (Code + RO Data)               107288 ( 104.77kB)
    Total RW  Size (RW Data + ZI Data)            152000 ( 148.44kB)
    Total ROM Size (Code + RO Data + RW Data)     107728 ( 105.20kB)

==============================================================================

